###############################################################################
#
# IAR ELF Linker V7.80.2.11947/W32 for ARM                22/Jul/2020  09:18:46
# Copyright 2007-2016 IAR Systems AB.
#
#    Output file  =  
#        D:\Rick's workspace\Santa Monica\KALI Santa Monica A6
#        20200630\EWARM\Debug\Exe\kali_sm_a6_20200630.out
#    Map file     =  
#        D:\Rick's workspace\Santa Monica\KALI Santa Monica A6
#        20200630\EWARM\Debug\List\kali_sm_a6_20200630.map
#    Command line =  
#        "D:\Rick's workspace\Santa Monica\KALI Santa Monica A6
#        20200630\EWARM\Debug\Obj\app.o" "D:\Rick's workspace\Santa Monica\KALI
#        Santa Monica A6 20200630\EWARM\Debug\Obj\biquads.o" "D:\Rick's
#        workspace\Santa Monica\KALI Santa Monica A6
#        20200630\EWARM\Debug\Obj\device.o" "D:\Rick's workspace\Santa
#        Monica\KALI Santa Monica A6 20200630\EWARM\Debug\Obj\dhcp.o"
#        "D:\Rick's workspace\Santa Monica\KALI Santa Monica A6
#        20200630\EWARM\Debug\Obj\ff.o" "D:\Rick's workspace\Santa Monica\KALI
#        Santa Monica A6 20200630\EWARM\Debug\Obj\file_operations.o" "D:\Rick's
#        workspace\Santa Monica\KALI Santa Monica A6
#        20200630\EWARM\Debug\Obj\main.o" "D:\Rick's workspace\Santa
#        Monica\KALI Santa Monica A6 20200630\EWARM\Debug\Obj\misc.o"
#        "D:\Rick's workspace\Santa Monica\KALI Santa Monica A6
#        20200630\EWARM\Debug\Obj\PresetEQ.o" "D:\Rick's workspace\Santa
#        Monica\KALI Santa Monica A6 20200630\EWARM\Debug\Obj\socket.o"
#        "D:\Rick's workspace\Santa Monica\KALI Santa Monica A6
#        20200630\EWARM\Debug\Obj\sockutil.o" "D:\Rick's workspace\Santa
#        Monica\KALI Santa Monica A6 20200630\EWARM\Debug\Obj\spix.o"
#        "D:\Rick's workspace\Santa Monica\KALI Santa Monica A6
#        20200630\EWARM\Debug\Obj\startup_stm32f107xc.o" "D:\Rick's
#        workspace\Santa Monica\KALI Santa Monica A6
#        20200630\EWARM\Debug\Obj\stm32f1xx_hal.o" "D:\Rick's workspace\Santa
#        Monica\KALI Santa Monica A6
#        20200630\EWARM\Debug\Obj\stm32f1xx_hal_can.o" "D:\Rick's
#        workspace\Santa Monica\KALI Santa Monica A6
#        20200630\EWARM\Debug\Obj\stm32f1xx_hal_cec.o" "D:\Rick's
#        workspace\Santa Monica\KALI Santa Monica A6
#        20200630\EWARM\Debug\Obj\stm32f1xx_hal_cortex.o" "D:\Rick's
#        workspace\Santa Monica\KALI Santa Monica A6
#        20200630\EWARM\Debug\Obj\stm32f1xx_hal_crc.o" "D:\Rick's
#        workspace\Santa Monica\KALI Santa Monica A6
#        20200630\EWARM\Debug\Obj\stm32f1xx_hal_dac.o" "D:\Rick's
#        workspace\Santa Monica\KALI Santa Monica A6
#        20200630\EWARM\Debug\Obj\stm32f1xx_hal_dac_ex.o" "D:\Rick's
#        workspace\Santa Monica\KALI Santa Monica A6
#        20200630\EWARM\Debug\Obj\stm32f1xx_hal_eth.o" "D:\Rick's
#        workspace\Santa Monica\KALI Santa Monica A6
#        20200630\EWARM\Debug\Obj\stm32f1xx_hal_exti.o" "D:\Rick's
#        workspace\Santa Monica\KALI Santa Monica A6
#        20200630\EWARM\Debug\Obj\stm32f1xx_hal_flash.o" "D:\Rick's
#        workspace\Santa Monica\KALI Santa Monica A6
#        20200630\EWARM\Debug\Obj\stm32f1xx_hal_flash_ex.o" "D:\Rick's
#        workspace\Santa Monica\KALI Santa Monica A6
#        20200630\EWARM\Debug\Obj\stm32f1xx_hal_gpio.o" "D:\Rick's
#        workspace\Santa Monica\KALI Santa Monica A6
#        20200630\EWARM\Debug\Obj\stm32f1xx_hal_gpio_ex.o" "D:\Rick's
#        workspace\Santa Monica\KALI Santa Monica A6
#        20200630\EWARM\Debug\Obj\stm32f1xx_hal_hcd.o" "D:\Rick's
#        workspace\Santa Monica\KALI Santa Monica A6
#        20200630\EWARM\Debug\Obj\stm32f1xx_hal_i2c.o" "D:\Rick's
#        workspace\Santa Monica\KALI Santa Monica A6
#        20200630\EWARM\Debug\Obj\stm32f1xx_hal_i2s.o" "D:\Rick's
#        workspace\Santa Monica\KALI Santa Monica A6
#        20200630\EWARM\Debug\Obj\stm32f1xx_hal_irda.o" "D:\Rick's
#        workspace\Santa Monica\KALI Santa Monica A6
#        20200630\EWARM\Debug\Obj\stm32f1xx_hal_iwdg.o" "D:\Rick's
#        workspace\Santa Monica\KALI Santa Monica A6
#        20200630\EWARM\Debug\Obj\stm32f1xx_hal_mmc.o" "D:\Rick's
#        workspace\Santa Monica\KALI Santa Monica A6
#        20200630\EWARM\Debug\Obj\stm32f1xx_hal_msp_template.o" "D:\Rick's
#        workspace\Santa Monica\KALI Santa Monica A6
#        20200630\EWARM\Debug\Obj\stm32f1xx_hal_nand.o" "D:\Rick's
#        workspace\Santa Monica\KALI Santa Monica A6
#        20200630\EWARM\Debug\Obj\stm32f1xx_hal_nor.o" "D:\Rick's
#        workspace\Santa Monica\KALI Santa Monica A6
#        20200630\EWARM\Debug\Obj\stm32f1xx_hal_pccard.o" "D:\Rick's
#        workspace\Santa Monica\KALI Santa Monica A6
#        20200630\EWARM\Debug\Obj\stm32f1xx_hal_pcd.o" "D:\Rick's
#        workspace\Santa Monica\KALI Santa Monica A6
#        20200630\EWARM\Debug\Obj\stm32f1xx_hal_pcd_ex.o" "D:\Rick's
#        workspace\Santa Monica\KALI Santa Monica A6
#        20200630\EWARM\Debug\Obj\stm32f1xx_hal_pwr.o" "D:\Rick's
#        workspace\Santa Monica\KALI Santa Monica A6
#        20200630\EWARM\Debug\Obj\stm32f1xx_hal_rcc.o" "D:\Rick's
#        workspace\Santa Monica\KALI Santa Monica A6
#        20200630\EWARM\Debug\Obj\stm32f1xx_hal_rcc_ex.o" "D:\Rick's
#        workspace\Santa Monica\KALI Santa Monica A6
#        20200630\EWARM\Debug\Obj\stm32f1xx_hal_rtc.o" "D:\Rick's
#        workspace\Santa Monica\KALI Santa Monica A6
#        20200630\EWARM\Debug\Obj\stm32f1xx_hal_rtc_ex.o" "D:\Rick's
#        workspace\Santa Monica\KALI Santa Monica A6
#        20200630\EWARM\Debug\Obj\stm32f1xx_hal_sd.o" "D:\Rick's
#        workspace\Santa Monica\KALI Santa Monica A6
#        20200630\EWARM\Debug\Obj\stm32f1xx_hal_smartcard.o" "D:\Rick's
#        workspace\Santa Monica\KALI Santa Monica A6
#        20200630\EWARM\Debug\Obj\stm32f1xx_hal_spi.o" "D:\Rick's
#        workspace\Santa Monica\KALI Santa Monica A6
#        20200630\EWARM\Debug\Obj\stm32f1xx_hal_sram.o" "D:\Rick's
#        workspace\Santa Monica\KALI Santa Monica A6
#        20200630\EWARM\Debug\Obj\stm32f1xx_hal_tim.o" "D:\Rick's
#        workspace\Santa Monica\KALI Santa Monica A6
#        20200630\EWARM\Debug\Obj\stm32f1xx_hal_uart.o" "D:\Rick's
#        workspace\Santa Monica\KALI Santa Monica A6
#        20200630\EWARM\Debug\Obj\stm32f1xx_hal_usart.o" "D:\Rick's
#        workspace\Santa Monica\KALI Santa Monica A6
#        20200630\EWARM\Debug\Obj\stm32f1xx_hal_wwdg.o" "D:\Rick's
#        workspace\Santa Monica\KALI Santa Monica A6
#        20200630\EWARM\Debug\Obj\stm32f1xx_it.o" "D:\Rick's workspace\Santa
#        Monica\KALI Santa Monica A6
#        20200630\EWARM\Debug\Obj\stm32f1xx_ll_adc.o" "D:\Rick's
#        workspace\Santa Monica\KALI Santa Monica A6
#        20200630\EWARM\Debug\Obj\stm32f1xx_ll_crc.o" "D:\Rick's
#        workspace\Santa Monica\KALI Santa Monica A6
#        20200630\EWARM\Debug\Obj\stm32f1xx_ll_dma.o" "D:\Rick's
#        workspace\Santa Monica\KALI Santa Monica A6
#        20200630\EWARM\Debug\Obj\stm32f1xx_ll_tim.o" "D:\Rick's
#        workspace\Santa Monica\KALI Santa Monica A6
#        20200630\EWARM\Debug\Obj\stm32f1xx_ll_usb.o" "D:\Rick's
#        workspace\Santa Monica\KALI Santa Monica A6
#        20200630\EWARM\Debug\Obj\system_stm32f1xx.o" "D:\Rick's
#        workspace\Santa Monica\KALI Santa Monica A6
#        20200630\EWARM\Debug\Obj\tcp_proc.o" "D:\Rick's workspace\Santa
#        Monica\KALI Santa Monica A6 20200630\EWARM\Debug\Obj\ult.o" "D:\Rick's
#        workspace\Santa Monica\KALI Santa Monica A6
#        20200630\EWARM\Debug\Obj\unicode.o" "D:\Rick's workspace\Santa
#        Monica\KALI Santa Monica A6 20200630\EWARM\Debug\Obj\usbh_conf.o"
#        "D:\Rick's workspace\Santa Monica\KALI Santa Monica A6
#        20200630\EWARM\Debug\Obj\usbh_core.o" "D:\Rick's workspace\Santa
#        Monica\KALI Santa Monica A6 20200630\EWARM\Debug\Obj\usbh_ctlreq.o"
#        "D:\Rick's workspace\Santa Monica\KALI Santa Monica A6
#        20200630\EWARM\Debug\Obj\usbh_diskio.o" "D:\Rick's workspace\Santa
#        Monica\KALI Santa Monica A6 20200630\EWARM\Debug\Obj\usbh_ioreq.o"
#        "D:\Rick's workspace\Santa Monica\KALI Santa Monica A6
#        20200630\EWARM\Debug\Obj\usbh_msc.o" "D:\Rick's workspace\Santa
#        Monica\KALI Santa Monica A6 20200630\EWARM\Debug\Obj\usbh_msc_bot.o"
#        "D:\Rick's workspace\Santa Monica\KALI Santa Monica A6
#        20200630\EWARM\Debug\Obj\usbh_msc_scsi.o" "D:\Rick's workspace\Santa
#        Monica\KALI Santa Monica A6 20200630\EWARM\Debug\Obj\usbh_pipes.o"
#        "D:\Rick's workspace\Santa Monica\KALI Santa Monica A6
#        20200630\EWARM\Debug\Obj\w5500.o" --redirect _Printf=_PrintfFull
#        --redirect _Scanf=_ScanfFull -o "D:\Rick's workspace\Santa Monica\KALI
#        Santa Monica A6 20200630\EWARM\Debug\Exe\kali_sm_a6_20200630.out"
#        --map "D:\Rick's workspace\Santa Monica\KALI Santa Monica A6
#        20200630\EWARM\Debug\List\kali_sm_a6_20200630.map" --config "D:\Rick's
#        workspace\Santa Monica\KALI Santa Monica A6
#        20200630\EWARM\stm32f107xc_flash.icf" --semihosting --entry
#        __iar_program_start --vfe
#
###############################################################################

*******************************************************************************
*** RUNTIME MODEL ATTRIBUTES
***

CppFlavor                     = *
__Heap_Handler                = DLMalloc
__SystemLibrary               = DLib
__dlib_dynamic_initialization = normal


*******************************************************************************
*** PLACEMENT SUMMARY
***

"A0":  place at 0x08000000 { ro section .intvec };
"P1":  place in [from 0x08000000 to 0x0803ffff] { ro };
"P2":  place in [from 0x20000000 to 0x2000ffff] { rw, block CSTACK, block HEAP };
initialize by copy { rw };

  Section             Kind        Address     Size  Object
  -------             ----        -------     ----  ------
"A0":                                        0x150
  .intvec             ro code  0x08000000    0x150  startup_stm32f107xc.o [1]
                             - 0x08000150    0x150

"P1":                                      0x17d7d
  .rodata             const    0x08000150   0x4074  misc.o [1]
  .text               ro code  0x080041c4   0x1fac  ff.o [1]
  .text               ro code  0x08006170    0x200  usbh_diskio.o [1]
  .text               ro code  0x08006370     0x94  unicode.o [1]
  .text               ro code  0x08006404    0x920  usbh_msc.o [1]
  .text               ro code  0x08006d24     0x76  ABImemcpy_unaligned.o [5]
  .text               ro code  0x08006d9a      0xa  xsprout.o [3]
  .text               ro code  0x08006da4    0x68a  usbh_core.o [1]
  .text               ro code  0x08007430   0x14f4  dlmalloc.o [3]
  .text               ro code  0x08008924     0x66  ABImemset.o [5]
  .text               ro code  0x0800898a     0xa6  usbh_pipes.o [1]
  .text               ro code  0x08008a30    0x380  usbh_msc_bot.o [1]
  .text               ro code  0x08008db0    0x2d0  usbh_conf.o [1]
  .text               ro code  0x08009080    0x59e  usbh_ctlreq.o [1]
  .text               ro code  0x0800961e    0x3d6  usbh_msc_scsi.o [1]
  .text               ro code  0x080099f4      0x6  abort.o [3]
  .text               ro code  0x080099fc     0x2c  xgetmemchunk.o [3]
  .text               ro code  0x08009a28     0xd0  usbh_ioreq.o [1]
  .text               ro code  0x08009af8    0x22a  stm32f1xx_hal_gpio.o [1]
  .text               ro code  0x08009d24    0x124  stm32f1xx_hal_cortex.o [1]
  .text               ro code  0x08009e48   0x102e  stm32f1xx_hal_hcd.o [1]
  .text               ro code  0x0800ae78     0x40  stm32f1xx_hal.o [1]
  .text               ro code  0x0800aeb8     0x14  exit.o [6]
  .text               ro code  0x0800aecc    0x826  stm32f1xx_ll_usb.o [1]
  .text               ro code  0x0800b6f4      0xc  stm32f1xx_hal.o [1]
  .text               ro code  0x0800b700     0x30  iarttio.o [6]
  .text               ro code  0x0800b730      0x8  XShttio.o [3]
  .text               ro code  0x0800b738   0x1a48  tcp_proc.o [1]
  .text               ro code  0x0800d180    0x80c  spix.o [1]
  .text               ro code  0x0800d98c    0x188  device.o [1]
  .text               ro code  0x0800db14     0x42  strcmp_unaligned.o [5]
  .text               ro code  0x0800db58     0x4c  strtok.o [3]
  .text               ro code  0x0800dba4     0x7e  ult.o [1]
  .text               ro code  0x0800dc24     0x44  strcpy_unaligned.o [5]
  .text               ro code  0x0800dc68     0x34  sprintf.o [3]
  .text               ro code  0x0800dc9c     0x36  strlen.o [5]
  .text               ro code  0x0800dcd4    0x70e  socket.o [1]
  .text               ro code  0x0800e3e2     0x1c  strcat.o [3]
  .text               ro code  0x0800e400     0x30  I32ToDbl.o [4]
  .text               ro code  0x0800e430    0x256  DblDiv.o [4]
  .text               ro code  0x0800e686      0x8  atof.o [4]
  .text               ro code  0x0800e690     0x20  DblCmpEq.o [4]
  .text               ro code  0x0800e6b0    0x1a2  DblMul.o [4]
  .text               ro code  0x0800e854     0x58  DblToI32.o [4]
  .text               ro code  0x0800e8ac     0x2e  DblCmpGe.o [4]
  .text               ro code  0x0800e8dc     0x2e  DblCmpLe.o [4]
  .text               ro code  0x0800e90c   0x13a0  misc.o [1]
  .text               ro code  0x0800fcac    0x55c  w5500.o [1]
  .text               ro code  0x08010208     0xd6  stm32f1xx_hal_spi.o [1]
  .text               ro code  0x080102e0     0x44  stm32f1xx_hal.o [1]
  .text               ro code  0x08010324   0x1098  dhcp.o [1]
  .text               ro code  0x080113bc      0x2  xtls.o [3]
  .text               ro code  0x080113be     0x24  strspn.o [3]
  .text               ro code  0x080113e2     0x24  strcspn.o [3]
  .text               ro code  0x08011408   0x119a  xprintffull.o [3]
  .text               ro code  0x080125a4    0x14c  xstod.o [4]
  .text               ro code  0x080126f0     0xe4  stm32f1xx_ll_adc.o [1]
  .text               ro code  0x080127d4     0x2c  strncmp.o [3]
  .text               ro code  0x08012800     0x4c  stm32f1xx_hal.o [1]
  .text               ro code  0x0801284c      0x2  stm32f1xx_hal_msp_template.o [1]
  .text               ro code  0x0801284e     0x20  xmbtowc.o [3]
  .text               ro code  0x08012870     0x16  strchr.o [5]
  .text               ro code  0x08012888     0x58  memchr.o [5]
  .text               ro code  0x080128e0      0xa  xmbcurmax.o [3]
  .text               ro code  0x080128ea     0x1a  xwctomb.o [3]
  .text               ro code  0x08012904     0xee  I64DivMod.o [5]
  .text               ro code  0x080129f2     0x44  xdnorm.o [4]
  .text               ro code  0x08012a38    0x10c  xdscale.o [4]
  .text               ro code  0x08012b44    0x180  DblSub.o [4]
  .text               ro code  0x08012cc4     0x6c  localeconv.o [3]
  .text               ro code  0x08012d30      0xe  div.o [3]
  .text               ro code  0x08012d3e    0x122  xstopfx.o [3]
  .text               ro code  0x08012e60    0x1b8  xstoflt.o [3]
  .text               ro code  0x08013018     0xe8  DblAdd.o [4]
  .text               ro code  0x08013100    0x200  xdtento.o [4]
  .text               ro code  0x08013300    0x218  xstoxflt.o [3]
  .text               ro code  0x08013518     0x24  setlocale.o [3]
  .text               ro code  0x0801353c     0x60  xencoding_sb.o [3]
  .text               ro code  0x0801359c      0x2  I64DivZer.o [5]
  .text               ro code  0x0801359e     0x28  isxxx.o [3]
  .text               ro code  0x080135c6     0x56  xdunscal.o [4]
  .text               ro code  0x0801361c      0xc  errno.o [3]
  .text               ro code  0x08013628     0x16  xlocale_c.o [3]
  .text               ro code  0x0801363e     0x14  xlocale_c.o [3]
  .rodata             const    0x08013654   0x1880  misc.o [1]
  .rodata             const    0x08014ed4   0x16b0  misc.o [1]
  .text               ro code  0x08016584    0x654  app.o [1]
  .text               ro code  0x08016bd8    0x160  system_stm32f1xx.o [1]
  .text               ro code  0x08016d38     0x8c  biquads.o [1]
  .text               ro code  0x08016dc4     0x78  ABImemmove_unaligned.o [5]
  .rodata             const    0x08016e3c    0x200  PresetEQ.o [1]
  .rodata             const    0x0801703c    0x1e0  unicode.o [1]
  .rodata             const    0x0801721c    0x1e0  unicode.o [1]
  .rodata             const    0x080173fc    0x164  misc.o [1]
  .rodata             const    0x08017560    0x100  unicode.o [1]
  .rodata             const    0x08017660     0x80  ff.o [1]
  .text               ro code  0x080176e0     0x78  lz77_init_single.o [5]
  .text               ro code  0x08017758     0x40  zero_init3.o [5]
  .text               ro code  0x08017798     0x38  stm32f1xx_it.o [1]
  .text               ro code  0x080177d0     0x18  stm32f1xx_hal.o [1]
  .rodata             const    0x080177e8     0x34  tcp_proc.o [1]
  .text               ro code  0x0801781c     0x28  data_init.o [5]
  .rodata             const    0x08017844     0x24  tcp_proc.o [1]
  .iar.init_table     const    0x08017868     0x20  - Linker created -
  .rodata             const    0x08017888     0x20  misc.o [1]
  .rodata             const    0x080178a8     0x20  tcp_proc.o [1]
  .text               ro code  0x080178c8     0x1a  cmain.o [5]
  .text               ro code  0x080178e2      0x4  low_level_init.o [3]
  .text               ro code  0x080178e6      0xe  main.o [1]
  .text               ro code  0x080178f4      0x4  exit.o [3]
  .text               ro code  0x080178f8      0xa  cexit.o [5]
  .rodata             const    0x08017904     0x18  tcp_proc.o [1]
  .rodata             const    0x0801791c     0x18  tcp_proc.o [1]
  .rodata             const    0x08017934     0x18  tcp_proc.o [1]
  .rodata             const    0x0801794c     0x14  biquads.o [1]
  .rodata             const    0x08017960     0x14  device.o [1]
  .rodata             const    0x08017974     0x14  dhcp.o [1]
  .rodata             const    0x08017988     0x14  tcp_proc.o [1]
  .rodata             const    0x0801799c     0x14  tcp_proc.o [1]
  .rodata             const    0x080179b0     0x14  tcp_proc.o [1]
  .rodata             const    0x080179c4     0x14  tcp_proc.o [1]
  .rodata             const    0x080179d8     0x14  tcp_proc.o [1]
  .rodata             const    0x080179ec     0x14  tcp_proc.o [1]
  .rodata             const    0x08017a00     0x14  tcp_proc.o [1]
  .rodata             const    0x08017a14     0x14  tcp_proc.o [1]
  .rodata             const    0x08017a28     0x14  tcp_proc.o [1]
  .rodata             const    0x08017a3c     0x14  tcp_proc.o [1]
  .rodata             const    0x08017a50     0x14  tcp_proc.o [1]
  .rodata             const    0x08017a64     0x14  tcp_proc.o [1]
  .rodata             const    0x08017a78     0x14  tcp_proc.o [1]
  .rodata             const    0x08017a8c     0x14  tcp_proc.o [1]
  .rodata             const    0x08017aa0     0x14  tcp_proc.o [1]
  .rodata             const    0x08017ab4     0x14  tcp_proc.o [1]
  .rodata             const    0x08017ac8     0x14  tcp_proc.o [1]
  .rodata             const    0x08017adc     0x10  ff.o [1]
  .rodata             const    0x08017aec     0x10  system_stm32f1xx.o [1]
  .rodata             const    0x08017afc     0x10  tcp_proc.o [1]
  .rodata             const    0x08017b0c     0x10  tcp_proc.o [1]
  .rodata             const    0x08017b1c     0x10  tcp_proc.o [1]
  .rodata             const    0x08017b2c     0x10  tcp_proc.o [1]
  .rodata             const    0x08017b3c     0x10  tcp_proc.o [1]
  .rodata             const    0x08017b4c     0x10  tcp_proc.o [1]
  .rodata             const    0x08017b5c     0x10  tcp_proc.o [1]
  .rodata             const    0x08017b6c     0x10  tcp_proc.o [1]
  .rodata             const    0x08017b7c     0x10  tcp_proc.o [1]
  .rodata             const    0x08017b8c     0x10  tcp_proc.o [1]
  .rodata             const    0x08017b9c     0x10  tcp_proc.o [1]
  .rodata             const    0x08017bac     0x10  tcp_proc.o [1]
  .rodata             const    0x08017bbc     0x10  tcp_proc.o [1]
  .rodata             const    0x08017bcc     0x10  tcp_proc.o [1]
  .text               ro code  0x08017bdc     0x10  startup_stm32f107xc.o [1]
  .rodata             const    0x08017bec      0xc  ff.o [1]
  .rodata             const    0x08017bf8      0xc  tcp_proc.o [1]
  .rodata             const    0x08017c04      0xc  tcp_proc.o [1]
  .rodata             const    0x08017c10      0xc  tcp_proc.o [1]
  .rodata             const    0x08017c1c      0xc  tcp_proc.o [1]
  .rodata             const    0x08017c28      0xc  tcp_proc.o [1]
  .rodata             const    0x08017c34      0xc  tcp_proc.o [1]
  .rodata             const    0x08017c40      0xc  tcp_proc.o [1]
  .rodata             const    0x08017c4c      0xc  tcp_proc.o [1]
  .rodata             const    0x08017c58      0xc  tcp_proc.o [1]
  .rodata             const    0x08017c64      0xc  tcp_proc.o [1]
  .rodata             const    0x08017c70      0xc  tcp_proc.o [1]
  .rodata             const    0x08017c7c      0xc  tcp_proc.o [1]
  .rodata             const    0x08017c88      0xc  tcp_proc.o [1]
  .text               ro code  0x08017c94      0xc  cstartup_M.o [5]
  .rodata             const    0x08017ca0      0x8  biquads.o [1]
  .rodata             const    0x08017ca8      0x8  ff.o [1]
  .rodata             const    0x08017cb0      0x8  misc.o [1]
  .rodata             const    0x08017cb8      0x8  tcp_proc.o [1]
  .rodata             const    0x08017cc0      0x8  tcp_proc.o [1]
  .rodata             const    0x08017cc8      0x8  tcp_proc.o [1]
  .rodata             const    0x08017cd0      0x8  tcp_proc.o [1]
  .rodata             const    0x08017cd8      0x8  tcp_proc.o [1]
  .rodata             const    0x08017ce0      0x4  usbh_msc.o [1]
  .text               ro code  0x08017ce4      0x4  startup_stm32f107xc.o [1]
  .text               ro code  0x08017ce8      0x4  startup_stm32f107xc.o [1]
  .text               ro code  0x08017cec      0x4  startup_stm32f107xc.o [1]
  .text               ro code  0x08017cf0      0x4  startup_stm32f107xc.o [1]
  .text               ro code  0x08017cf4      0x4  startup_stm32f107xc.o [1]
  .text               ro code  0x08017cf8      0x4  startup_stm32f107xc.o [1]
  .text               ro code  0x08017cfc      0x4  startup_stm32f107xc.o [1]
  .text               ro code  0x08017d00      0x4  startup_stm32f107xc.o [1]
  .text               ro code  0x08017d04      0x4  startup_stm32f107xc.o [1]
  .text               ro code  0x08017d08      0x4  startup_stm32f107xc.o [1]
  .text               ro code  0x08017d0c      0x4  startup_stm32f107xc.o [1]
  .text               ro code  0x08017d10      0x4  startup_stm32f107xc.o [1]
  .text               ro code  0x08017d14      0x4  startup_stm32f107xc.o [1]
  .text               ro code  0x08017d18      0x4  startup_stm32f107xc.o [1]
  .text               ro code  0x08017d1c      0x4  startup_stm32f107xc.o [1]
  .text               ro code  0x08017d20      0x4  startup_stm32f107xc.o [1]
  .text               ro code  0x08017d24      0x4  startup_stm32f107xc.o [1]
  .text               ro code  0x08017d28      0x4  startup_stm32f107xc.o [1]
  .text               ro code  0x08017d2c      0x4  startup_stm32f107xc.o [1]
  .text               ro code  0x08017d30      0x4  startup_stm32f107xc.o [1]
  .text               ro code  0x08017d34      0x4  startup_stm32f107xc.o [1]
  .text               ro code  0x08017d38      0x4  startup_stm32f107xc.o [1]
  .text               ro code  0x08017d3c      0x4  startup_stm32f107xc.o [1]
  .text               ro code  0x08017d40      0x4  startup_stm32f107xc.o [1]
  .text               ro code  0x08017d44      0x4  startup_stm32f107xc.o [1]
  .text               ro code  0x08017d48      0x4  startup_stm32f107xc.o [1]
  .text               ro code  0x08017d4c      0x4  startup_stm32f107xc.o [1]
  .text               ro code  0x08017d50      0x4  startup_stm32f107xc.o [1]
  .text               ro code  0x08017d54      0x4  startup_stm32f107xc.o [1]
  .text               ro code  0x08017d58      0x4  startup_stm32f107xc.o [1]
  .text               ro code  0x08017d5c      0x4  startup_stm32f107xc.o [1]
  .text               ro code  0x08017d60      0x4  startup_stm32f107xc.o [1]
  .text               ro code  0x08017d64      0x4  startup_stm32f107xc.o [1]
  .text               ro code  0x08017d68      0x4  startup_stm32f107xc.o [1]
  .text               ro code  0x08017d6c      0x4  startup_stm32f107xc.o [1]
  .text               ro code  0x08017d70      0x4  startup_stm32f107xc.o [1]
  .text               ro code  0x08017d74      0x4  startup_stm32f107xc.o [1]
  .text               ro code  0x08017d78      0x4  startup_stm32f107xc.o [1]
  .text               ro code  0x08017d7c      0x4  startup_stm32f107xc.o [1]
  .text               ro code  0x08017d80      0x4  startup_stm32f107xc.o [1]
  .text               ro code  0x08017d84      0x4  startup_stm32f107xc.o [1]
  .text               ro code  0x08017d88      0x4  startup_stm32f107xc.o [1]
  .text               ro code  0x08017d8c      0x4  startup_stm32f107xc.o [1]
  .text               ro code  0x08017d90      0x4  startup_stm32f107xc.o [1]
  .text               ro code  0x08017d94      0x4  startup_stm32f107xc.o [1]
  .text               ro code  0x08017d98      0x4  startup_stm32f107xc.o [1]
  .text               ro code  0x08017d9c      0x4  startup_stm32f107xc.o [1]
  .text               ro code  0x08017da0      0x4  startup_stm32f107xc.o [1]
  .text               ro code  0x08017da4      0x4  startup_stm32f107xc.o [1]
  .text               ro code  0x08017da8      0x4  startup_stm32f107xc.o [1]
  .text               ro code  0x08017dac      0x4  startup_stm32f107xc.o [1]
  .text               ro code  0x08017db0      0x4  startup_stm32f107xc.o [1]
  .text               ro code  0x08017db4      0x4  startup_stm32f107xc.o [1]
  .text               ro code  0x08017db8      0x4  startup_stm32f107xc.o [1]
  .text               ro code  0x08017dbc      0x4  startup_stm32f107xc.o [1]
  .rodata             const    0x08017dc0      0x0  zero_init3.o [5]
  .rodata             const    0x08017dc0      0x0  lz77_init_single.o [5]
  Initializer bytes   const    0x08017dc0    0x10d  <for P2-1>
                             - 0x08017ecd  0x17d7d

"P2", part 1 of 3:                           0x299
  P2-1                         0x20000000    0x299  <Init block>
    .data             inited   0x20000000      0x4  app.o [1]
    .data             inited   0x20000004      0x4  app.o [1]
    .data             inited   0x20000008      0x4  app.o [1]
    .data             inited   0x2000000c      0x4  app.o [1]
    .data             inited   0x20000010      0x4  app.o [1]
    .data             inited   0x20000014      0x4  app.o [1]
    .data             inited   0x20000018      0x4  app.o [1]
    .data             inited   0x2000001c      0x4  app.o [1]
    .data             inited   0x20000020      0x8  device.o [1]
    .data             inited   0x20000028      0x8  device.o [1]
    .data             inited   0x20000030      0x8  device.o [1]
    .data             inited   0x20000038      0x4  device.o [1]
    .data             inited   0x2000003c      0x4  device.o [1]
    .data             inited   0x20000040      0x4  device.o [1]
    .data             inited   0x20000044      0x4  dhcp.o [1]
    .data             inited   0x20000048      0x4  dhcp.o [1]
    .data             inited   0x2000004c      0x4  dhcp.o [1]
    .data             inited   0x20000050      0x4  dhcp.o [1]
    .data             inited   0x20000054      0x4  dhcp.o [1]
    .data             inited   0x20000058      0x4  dhcp.o [1]
    .data             inited   0x2000005c      0x4  dhcp.o [1]
    .data             inited   0x20000060      0x4  dhcp.o [1]
    .data             inited   0x20000064      0x4  dhcp.o [1]
    .data             inited   0x20000068      0x4  dhcp.o [1]
    .data             inited   0x2000006c      0x4  misc.o [1]
    .data             inited   0x20000070      0x4  misc.o [1]
    .data             inited   0x20000074     0x30  misc.o [1]
    .data             inited   0x200000a4     0x10  misc.o [1]
    .data             inited   0x200000b4      0x4  misc.o [1]
    .data             inited   0x200000b8      0x4  misc.o [1]
    .data             inited   0x200000bc      0xc  misc.o [1]
    .data             inited   0x200000c8      0x4  stm32f1xx_hal.o [1]
    .data             inited   0x200000cc      0x4  system_stm32f1xx.o [1]
    .data             inited   0x200000d0      0x4  tcp_proc.o [1]
    .data             inited   0x200000d4     0x20  usbh_msc.o [1]
    .data             inited   0x200000f4      0x8  XShttio.o [3]
    __DLIB_PERTHREAD  inited   0x200000fc      0x4  strtok.o [3]
    __DLIB_PERTHREAD  inited   0x20000100      0x4  errno.o [3]
    __DLIB_PERTHREAD  inited   0x20000104     0x88  localeconv.o [3]
    __DLIB_PERTHREAD  inited   0x2000018c     0x74  setlocale.o [3]
    .data             inited   0x20000200      0x2  app.o [1]
    .data             inited   0x20000202      0x2  misc.o [1]
    .data             inited   0x20000204      0x2  misc.o [1]
    .data             inited   0x20000206      0x2  misc.o [1]
    .data             inited   0x20000208      0x2  misc.o [1]
    .data             inited   0x2000020a      0x2  misc.o [1]
    .data             inited   0x2000020c      0x2  misc.o [1]
    .data             inited   0x2000020e      0x2  misc.o [1]
    .data             inited   0x20000210      0x2  misc.o [1]
    .data             inited   0x20000212      0x2  misc.o [1]
    .data             inited   0x20000214      0x2  misc.o [1]
    .data             inited   0x20000216      0x2  misc.o [1]
    .data             inited   0x20000218      0x2  misc.o [1]
    .data             inited   0x2000021a      0x2  misc.o [1]
    .data             inited   0x2000021c      0x2  misc.o [1]
    .data             inited   0x2000021e      0x2  misc.o [1]
    .data             inited   0x20000220      0x2  misc.o [1]
    .data             inited   0x20000222      0x2  misc.o [1]
    .data             inited   0x20000224      0x2  misc.o [1]
    .data             inited   0x20000226      0x2  misc.o [1]
    .data             inited   0x20000228      0x2  misc.o [1]
    .data             inited   0x2000022a      0x2  misc.o [1]
    .data             inited   0x2000022c      0x2  misc.o [1]
    .data             inited   0x2000022e      0x2  misc.o [1]
    .data             inited   0x20000230      0x2  misc.o [1]
    .data             inited   0x20000232      0x2  misc.o [1]
    .data             inited   0x20000234      0x2  misc.o [1]
    .data             inited   0x20000236      0x2  misc.o [1]
    .data             inited   0x20000238      0x2  misc.o [1]
    .data             inited   0x2000023a      0x2  misc.o [1]
    .data             inited   0x2000023c      0x2  misc.o [1]
    .data             inited   0x2000023e      0x2  misc.o [1]
    .data             inited   0x20000240      0x2  misc.o [1]
    .data             inited   0x20000242      0x2  misc.o [1]
    .data             inited   0x20000244      0x2  misc.o [1]
    .data             inited   0x20000246      0x2  misc.o [1]
    .data             inited   0x20000248      0x2  misc.o [1]
    .data             inited   0x2000024a      0x2  misc.o [1]
    .data             inited   0x2000024c      0x2  misc.o [1]
    .data             inited   0x2000024e      0x2  misc.o [1]
    .data             inited   0x20000250      0x2  misc.o [1]
    .data             inited   0x20000252      0x2  misc.o [1]
    .data             inited   0x20000254      0x2  misc.o [1]
    .data             inited   0x20000256      0x2  misc.o [1]
    .data             inited   0x20000258      0x2  misc.o [1]
    .data             inited   0x2000025a      0x2  misc.o [1]
    .data             inited   0x2000025c      0x2  misc.o [1]
    .data             inited   0x2000025e      0x2  misc.o [1]
    .data             inited   0x20000260      0x2  misc.o [1]
    .data             inited   0x20000262      0x2  misc.o [1]
    .data             inited   0x20000264      0x2  misc.o [1]
    .data             inited   0x20000266      0x2  misc.o [1]
    .data             inited   0x20000268      0x2  misc.o [1]
    .data             inited   0x2000026a      0x2  misc.o [1]
    .data             inited   0x2000026c      0x2  misc.o [1]
    .data             inited   0x2000026e      0x2  misc.o [1]
    .data             inited   0x20000270      0x2  misc.o [1]
    .data             inited   0x20000272      0x2  misc.o [1]
    .data             inited   0x20000274      0x2  misc.o [1]
    .data             inited   0x20000276      0x2  misc.o [1]
    .data             inited   0x20000278      0x2  misc.o [1]
    .data             inited   0x2000027a      0x2  misc.o [1]
    .data             inited   0x2000027c      0x2  misc.o [1]
    .data             inited   0x2000027e      0x2  misc.o [1]
    .data             inited   0x20000280      0x2  misc.o [1]
    .data             inited   0x20000282      0x2  misc.o [1]
    .data             inited   0x20000284      0x2  misc.o [1]
    .data             inited   0x20000286      0x2  tcp_proc.o [1]
    .data             inited   0x20000288      0x2  tcp_proc.o [1]
    .data             inited   0x2000028a      0x2  tcp_proc.o [1]
    .data             inited   0x2000028c      0x1  misc.o [1]
    .data             inited   0x2000028d      0x1  misc.o [1]
    .data             inited   0x2000028e      0x1  misc.o [1]
    .data             inited   0x2000028f      0x1  misc.o [1]
    .data             inited   0x20000290      0x1  misc.o [1]
    .data             inited   0x20000291      0x1  misc.o [1]
    .data             inited   0x20000292      0x1  misc.o [1]
    .data             inited   0x20000293      0x1  misc.o [1]
    .data             inited   0x20000294      0x1  misc.o [1]
    .data             inited   0x20000295      0x1  stm32f1xx_hal.o [1]
    .data             inited   0x20000296      0x1  tcp_proc.o [1]
    .data             inited   0x20000297      0x1  tcp_proc.o [1]
    .data             inited   0x20000298      0x1  tcp_proc.o [1]
                             - 0x20000299    0x299

"P2", part 2 of 3:                          0x9000
  CSTACK                       0x200002a0   0x1000  <Block>
    CSTACK            uninit   0x200002a0   0x1000  <Block tail>
  HEAP                         0x200012a0   0x8000  <Block>
    HEAP              uninit   0x200012a0   0x8000  <Block tail>
                             - 0x200092a0   0x9000

"P2", part 3 of 3:                          0x2cb0
  .bss                zero     0x200092a0   0x1000  tcp_proc.o [1]
  .bss                zero     0x2000a2a0    0x500  biquads.o [1]
  .bss                zero     0x2000a7a0    0x400  dhcp.o [1]
  .bss                zero     0x2000aba0    0x2d0  app.o [1]
  .bss                zero     0x2000ae70    0x2c4  usbh_conf.o [1]
  .bss                zero     0x2000b134    0x230  file_operations.o [1]
  .bss                zero     0x2000b364    0x200  biquads.o [1]
  .bss                zero     0x2000b564    0x200  ff.o [1]
  .bss                zero     0x2000b764    0x1d8  dlmalloc.o [3]
  .bss                zero     0x2000b93c    0x100  misc.o [1]
  .bss                zero     0x2000ba3c    0x100  misc.o [1]
  .bss                zero     0x2000bb3c    0x100  misc.o [1]
  .bss                zero     0x2000bc3c     0x80  misc.o [1]
  .bss                zero     0x2000bcbc     0x58  spix.o [1]
  .bss                zero     0x2000bd14     0x58  spix.o [1]
  .bss                zero     0x2000bd6c     0x58  spix.o [1]
  .bss                zero     0x2000bdc4     0x24  device.o [1]
  .bss                zero     0x2000bde8     0x20  tcp_proc.o [1]
  .bss                zero     0x2000be08     0x18  ff.o [1]
  .bss                zero     0x2000be20     0x18  dlmalloc.o [3]
  .bss                zero     0x2000be38     0x10  dhcp.o [1]
  .bss                zero     0x2000be48     0x10  tcp_proc.o [1]
  .bss                zero     0x2000be58     0x10  w5500.o [1]
  .bss                zero     0x2000be68     0x10  w5500.o [1]
  .bss                zero     0x2000be78      0xc  device.o [1]
  .bss                zero     0x2000be84      0x8  misc.o [1]
  .bss                zero     0x2000be8c      0x4  app.o [1]
  .bss                zero     0x2000be90      0x4  app.o [1]
  .bss                zero     0x2000be94      0x4  app.o [1]
  .bss                zero     0x2000be98      0x4  app.o [1]
  .bss                zero     0x2000be9c      0x4  biquads.o [1]
  .bss                zero     0x2000bea0      0x4  biquads.o [1]
  .bss                zero     0x2000bea4      0x4  dhcp.o [1]
  .bss                zero     0x2000bea8      0x4  dhcp.o [1]
  .bss                zero     0x2000beac      0x4  dhcp.o [1]
  .bss                zero     0x2000beb0      0x4  dhcp.o [1]
  .bss                zero     0x2000beb4      0x4  dhcp.o [1]
  .bss                zero     0x2000beb8      0x4  dhcp.o [1]
  .bss                zero     0x2000bebc      0x4  dhcp.o [1]
  .bss                zero     0x2000bec0      0x4  dhcp.o [1]
  .bss                zero     0x2000bec4      0x4  dhcp.o [1]
  .bss                zero     0x2000bec8      0x4  dhcp.o [1]
  .bss                zero     0x2000becc      0x4  ff.o [1]
  .bss                zero     0x2000bed0      0x4  misc.o [1]
  .bss                zero     0x2000bed4      0x4  stm32f1xx_hal.o [1]
  .bss                zero     0x2000bed8      0x4  stm32f1xx_hal.o [1]
  .bss                zero     0x2000bedc      0x4  stm32f1xx_hal_spi.o [1]
  .bss                zero     0x2000bee0      0x4  stm32f1xx_ll_usb.o [1]
  .bss                zero     0x2000bee4      0x4  tcp_proc.o [1]
  .bss                zero     0x2000bee8      0x4  tcp_proc.o [1]
  .bss                zero     0x2000beec      0x4  tcp_proc.o [1]
  .bss                zero     0x2000bef0      0x4  tcp_proc.o [1]
  .bss                zero     0x2000bef4      0x4  tcp_proc.o [1]
  .bss                zero     0x2000bef8      0x4  tcp_proc.o [1]
  .bss                zero     0x2000befc      0x4  tcp_proc.o [1]
  .bss                zero     0x2000bf00      0x4  tcp_proc.o [1]
  .bss                zero     0x2000bf04      0x4  tcp_proc.o [1]
  .bss                zero     0x2000bf08      0x4  usbh_core.o [1]
  .bss                zero     0x2000bf0c      0x4  xgetmemchunk.o [3]
  .bss                zero     0x2000bf10      0x2  ff.o [1]
  .bss                zero     0x2000bf12      0x2  misc.o [1]
  .bss                zero     0x2000bf14      0x2  misc.o [1]
  .bss                zero     0x2000bf16      0x2  misc.o [1]
  .bss                zero     0x2000bf18      0x2  misc.o [1]
  .bss                zero     0x2000bf1a      0x2  misc.o [1]
  .bss                zero     0x2000bf1c      0x2  misc.o [1]
  .bss                zero     0x2000bf1e      0x2  misc.o [1]
  .bss                zero     0x2000bf20      0x2  misc.o [1]
  .bss                zero     0x2000bf22      0x2  misc.o [1]
  .bss                zero     0x2000bf24      0x2  misc.o [1]
  .bss                zero     0x2000bf26      0x2  socket.o [1]
  .bss                zero     0x2000bf28      0x2  tcp_proc.o [1]
  .bss                zero     0x2000bf2a      0x2  tcp_proc.o [1]
  .bss                zero     0x2000bf2c      0x2  tcp_proc.o [1]
  .bss                zero     0x2000bf2e      0x2  tcp_proc.o [1]
  .bss                zero     0x2000bf30      0x2  tcp_proc.o [1]
  .bss                zero     0x2000bf32      0x2  tcp_proc.o [1]
  .bss                zero     0x2000bf34      0x1  app.o [1]
  .bss                zero     0x2000bf35      0x1  app.o [1]
  .bss                zero     0x2000bf36      0x1  device.o [1]
  .bss                zero     0x2000bf37      0x1  device.o [1]
  .bss                zero     0x2000bf38      0x1  device.o [1]
  .bss                zero     0x2000bf39      0x1  dhcp.o [1]
  .bss                zero     0x2000bf3a      0x1  dhcp.o [1]
  .bss                zero     0x2000bf3b      0x1  dhcp.o [1]
  .bss                zero     0x2000bf3c      0x1  misc.o [1]
  .bss                zero     0x2000bf3d      0x1  misc.o [1]
  .bss                zero     0x2000bf3e      0x1  misc.o [1]
  .bss                zero     0x2000bf3f      0x1  misc.o [1]
  .bss                zero     0x2000bf40      0x1  misc.o [1]
  .bss                zero     0x2000bf41      0x1  misc.o [1]
  .bss                zero     0x2000bf42      0x1  socket.o [1]
  .bss                zero     0x2000bf43      0x1  spix.o [1]
  .bss                zero     0x2000bf44      0x1  spix.o [1]
  .bss                zero     0x2000bf45      0x1  spix.o [1]
  .bss                zero     0x2000bf46      0x1  spix.o [1]
  .bss                zero     0x2000bf47      0x1  tcp_proc.o [1]
  .bss                zero     0x2000bf48      0x1  tcp_proc.o [1]
  .bss                zero     0x2000bf49      0x1  tcp_proc.o [1]
  .bss                zero     0x2000bf4a      0x1  tcp_proc.o [1]
  .bss                zero     0x2000bf4b      0x1  usbh_msc.o [1]
  .bss                zero     0x2000bf4c      0x1  usbh_msc.o [1]
                             - 0x2000bf4d   0x2cad


*******************************************************************************
*** INIT TABLE
***

          Address     Size
          -------     ----
Zero (__iar_zero_init3)
    1 destination range, total size 0x2cad:
          0x200092a0  0x2cad

Copy/lz77 (__iar_lz77_init_single3)
    1 source range, total size 0x10d (40% of destination):
          0x08017dc0   0x10d
    1 destination range, total size 0x299:
          0x20000000   0x299



*******************************************************************************
*** MODULE SUMMARY
***

    Module                        ro code  ro data  rw data
    ------                        -------  -------  -------
D:\Rick's workspace\Santa Monica\KALI Santa Monica A6 20200630\EWARM\Debug\Obj: [1]
    PresetEQ.o                                 512
    app.o                           1 620       12      772
    biquads.o                         140       28    1 800
    device.o                          392       35       87
    dhcp.o                          4 248       36    1 123
    ff.o                            8 108      164      542
    file_operations.o                                   560
    main.o                             14
    misc.o                          5 024   29 071    1 167
    socket.o                        1 806                 3
    spix.o                          2 060               268
    startup_stm32f107xc.o             572
    stm32f1xx_hal.o                   244        2       13
    stm32f1xx_hal_cortex.o            292
    stm32f1xx_hal_gpio.o              554
    stm32f1xx_hal_hcd.o             4 142
    stm32f1xx_hal_msp_template.o        2
    stm32f1xx_hal_spi.o               214                 4
    stm32f1xx_it.o                     56
    stm32f1xx_ll_adc.o                228
    stm32f1xx_ll_usb.o              2 086                 4
    system_stm32f1xx.o                352       18        4
    tcp_proc.o                      6 728      957    4 209
    ult.o                             126
    unicode.o                         148    1 216
    usbh_conf.o                       720               708
    usbh_core.o                     1 674                 4
    usbh_ctlreq.o                   1 438
    usbh_diskio.o                     512
    usbh_ioreq.o                      208
    usbh_msc.o                      2 336       17       34
    usbh_msc_bot.o                    896
    usbh_msc_scsi.o                   982
    usbh_pipes.o                      166
    w5500.o                         1 372                32
    -------------------------------------------------------
    Total:                         49 460   32 068   11 334

command line: [2]
    -------------------------------------------------------
    Total:

dl7M_tlf.a: [3]
    XShttio.o                           8        3        8
    abort.o                             6
    div.o                              14
    dlmalloc.o                      5 364               496
    errno.o                            12        2        4
    exit.o                              4
    isxxx.o                            40
    localeconv.o                      108       55      136
    low_level_init.o                    4
    setlocale.o                        36       47      116
    sprintf.o                          52
    strcat.o                           28
    strcspn.o                          36
    strncmp.o                          44
    strspn.o                           36
    strtok.o                           76        2        4
    xencoding_sb.o                     96
    xgetmemchunk.o                     44                 4
    xlocale_c.o                        42
    xmbcurmax.o                        10
    xmbtowc.o                          32
    xprintffull.o                   4 506
    xsprout.o                          10
    xstoflt.o                         440
    xstopfx.o                         290
    xstoxflt.o                        536
    xtls.o                              2
    xwctomb.o                          26
    -------------------------------------------------------
    Total:                         11 902      109      768

m7M_tl.a: [4]
    DblAdd.o                          232
    DblCmpEq.o                         32
    DblCmpGe.o                         46
    DblCmpLe.o                         46
    DblDiv.o                          598
    DblMul.o                          418
    DblSub.o                          384
    DblToI32.o                         88
    I32ToDbl.o                         48
    atof.o                              8
    xdnorm.o                           68
    xdscale.o                         268
    xdtento.o                         512
    xdunscal.o                         86
    xstod.o                           332
    -------------------------------------------------------
    Total:                          3 166

rt7M_tl.a: [5]
    ABImemcpy_unaligned.o             118
    ABImemmove_unaligned.o            120
    ABImemset.o                       102
    I64DivMod.o                       238
    I64DivZer.o                         2
    cexit.o                            10
    cmain.o                            26
    cstartup_M.o                       12
    data_init.o                        40
    lz77_init_single.o                120
    memchr.o                           88
    strchr.o                           22
    strcmp_unaligned.o                 66
    strcpy_unaligned.o                 68
    strlen.o                           54
    zero_init3.o                       64
    -------------------------------------------------------
    Total:                          1 150

shb_l.a: [6]
    exit.o                             20
    iarttio.o                          48
    -------------------------------------------------------
    Total:                             68

    Gaps                               38        4
    Linker created                              32   36 864
-----------------------------------------------------------
    Grand Total:                   65 784   32 213   48 966


*******************************************************************************
*** ENTRY LIST
***

Entry                      Address    Size  Type      Object
-----                      -------    ----  ----      ------
.iar.init_table$$Base   0x08017868           --   Gb  - Linker created -
.iar.init_table$$Limit  0x08017888           --   Gb  - Linker created -
?main                   0x080178c9          Code  Gb  cmain.o [5]
ADAU1452_SPI_Init       0x0800d407   0x116  Code  Gb  spix.o [1]
ADC1_2_IRQHandler       0x0800f379    0x18  Code  Gb  misc.o [1]
ADC1x                   0x200000b4     0x4  Data  Gb  misc.o [1]
ADC_FLAG                0x2000bf3e     0x1  Data  Gb  misc.o [1]
ADC_INPUT_Buffer        0x2000bed0     0x4  Data  Gb  misc.o [1]
ADC_value               0x2000bc3c    0x80  Data  Gb  misc.o [1]
AHBPrescTable           0x08017aec    0x10  Data  Gb  system_stm32f1xx.o [1]
ATOI                    0x0800dba5    0x26  Code  Gb  ult.o [1]
ATOI32                  0x0800dbcb    0x24  Code  Gb  ult.o [1]
ActiveBQ                0x2000bea0     0x4  Data  Gb  biquads.o [1]
ActiveEQ                0x2000be9c     0x4  Data  Gb  biquads.o [1]
Adjust_RGBLED           0x0800f199    0x46  Code  Gb  misc.o [1]
Appli_state             0x2000bf34     0x1  Data  Gb  app.o [1]
Blink_EventLED          0x0800f1f3    0x96  Code  Gb  misc.o [1]
BusFault_Handler        0x080177a5     0x2  Code  Gb  stm32f1xx_it.o [1]
C2D                     0x0800dbef    0x34  Code  Gb  ult.o [1]
CHANNEL_OFFSET_TAB      0x08017cb0     0x8  Data  Lc  misc.o [1]
CONTROLLER_FOUND        0x2000bf47     0x1  Data  Gb  tcp_proc.o [1]
CRC32                   0x2000beec     0x4  Data  Gb  tcp_proc.o [1]
CRC32A                  0x2000bef0     0x4  Data  Gb  tcp_proc.o [1]
CRC32B                  0x2000bef4     0x4  Data  Gb  tcp_proc.o [1]
CRC_cal_proc            0x0800c439    0x46  Code  Gb  tcp_proc.o [1]
CSTACK$$Base            0x200002a0           --   Gb  - Linker created -
CSTACK$$Limit           0x200012a0           --   Gb  - Linker created -
ClearMemorySpaceFor     0x0800d6d9    0x72  Code  Gb  spix.o [1]
Cmd_OnOff_Get           0x0800c30d    0x44  Code  Gb  tcp_proc.o [1]
Cmd_OnOff_Set           0x0800c359    0x40  Code  Gb  tcp_proc.o [1]
ConfigMsg               0x2000bdc4    0x24  Data  Gb  device.o [1]
Control_IP              0x2000bee4     0x4  Data  Gb  tcp_proc.o [1]
CtrlRxPort              0x2000bf28     0x2  Data  Gb  tcp_proc.o [1]
CtrlTxPort              0x2000bf2a     0x2  Data  Gb  tcp_proc.o [1]
CurrentDIM              0x2000bf3c     0x1  Data  Gb  misc.o [1]
CurrentVolStep          0x20000291     0x1  Data  Gb  misc.o [1]
DHCP_CHADDR             0x20000044     0x4  Data  Gb  dhcp.o [1]
DHCP_REAL_SIP           0x2000bea8     0x4  Data  Gb  dhcp.o [1]
DHCP_SIP                0x2000bea4     0x4  Data  Gb  dhcp.o [1]
DHCP_XID                0x20000058     0x4  Data  Gb  dhcp.o [1]
DHCP_allocated_dns      0x2000bec0     0x4  Data  Gb  dhcp.o [1]
DHCP_allocated_gw       0x2000beb8     0x4  Data  Gb  dhcp.o [1]
DHCP_allocated_ip       0x2000beb4     0x4  Data  Gb  dhcp.o [1]
DHCP_allocated_sn       0x2000bebc     0x4  Data  Gb  dhcp.o [1]
DHCP_run                0x08011175   0x1f8  Code  Gb  dhcp.o [1]
DM1_DATA_Data_IC_1      0x08013654  0x1880  Data  Gb  misc.o [1]
DMA1_Channel1_IRQHandler
                        0x0800f391    0x1c  Code  Gb  misc.o [1]
D_ID1                   0x2000bf44     0x1  Data  Gb  spix.o [1]
D_ID2                   0x2000bf45     0x1  Data  Gb  spix.o [1]
DeInitStateMachine      0x08006e29    0x58  Code  Lc  usbh_core.o [1]
DeRegulate_ADAU1452_SPI
                        0x0800d51d    0x44  Code  Gb  spix.o [1]
DebugMon_Handler        0x080177ab     0x2  Code  Gb  stm32f1xx_it.o [1]
Disconnect_Controller   0x0800c905    0x48  Code  Gb  tcp_proc.o [1]
DspEqAddrStart          0x08017888    0x20  Data  Gb  misc.o [1]
DspEqOffset             0x2000bf24     0x2  Data  Gb  misc.o [1]
DspMasterVolume         0x0800f899    0x48  Code  Gb  misc.o [1]
E4001_InvalidData       0x08017a8c    0x14  Data  Gb  tcp_proc.o [1]
E4002_OutOfRange        0x08017aa0    0x14  Data  Gb  tcp_proc.o [1]
E4003_DataToolong       0x08017ab4    0x14  Data  Gb  tcp_proc.o [1]
E4004_Crc32Error        0x08017ac8    0x14  Data  Gb  tcp_proc.o [1]
E8001_Checksum          0x08017a50    0x14  Data  Gb  tcp_proc.o [1]
E8002_Unknown           0x08017a64    0x14  Data  Gb  tcp_proc.o [1]
E8003_Malform           0x08017a78    0x14  Data  Gb  tcp_proc.o [1]
ENC_CODE                0x2000be90     0x4  Data  Gb  app.o [1]
ENC_CODE_NUM            0x2000bf35     0x1  Data  Gb  app.o [1]
ENC_Timeout             0x20000200     0x2  Data  Gb  app.o [1]
EXTERN_DHCPBUF          0x2000a7a0   0x400  Data  Gb  dhcp.o [1]
EXTI15_10_IRQHandler    0x080177c5     0xc  Code  Gb  stm32f1xx_it.o [1]
Enable_Peripheral_Clocks
                        0x0801682f   0x118  Code  Gb  app.o [1]
Encoder_Loop            0x0801695d    0xde  Code  Gb  app.o [1]
EqTypeStr               0x08017844    0x24  Data  Gb  tcp_proc.o [1]
Error_LED               0x0800f1df     0xa  Code  Gb  misc.o [1]
ExCvt                   0x08017660    0x80  Data  Lc  ff.o [1]
Examine_LED_Status      0x0800fba9    0x70  Code  Gb  misc.o [1]
Explore_Disk            0x0800f49f    0xfa  Code  Gb  misc.o [1]
Explore_Disk::lfn       0x2000bb3c   0x100  Data  Lc  misc.o [1]
FLASH_SPI_Init          0x0800d81d    0xd4  Code  Gb  spix.o [1]
FatFs                   0x2000becc     0x4  Data  Lc  ff.o [1]
Files                   0x2000be08    0x18  Data  Lc  ff.o [1]
FlashColor              0x200000b8     0x4  Data  Gb  misc.o [1]
FlashCycle              0x20000293     0x1  Data  Gb  misc.o [1]
FlashPeriod             0x2000be84     0x8  Data  Gb  misc.o [1]
FlashStep               0x20000294     0x1  Data  Gb  misc.o [1]
Flash_Is_Busy           0x0800d603    0x12  Code  Gb  spix.o [1]
FlatBQ                  0x0801794c    0x14  Data  Gb  biquads.o [1]
FlatEQ                  0x08017ca0     0x8  Data  Gb  biquads.o [1]
Flat_bq_coef            0x08016d39    0x18  Code  Gb  biquads.o [1]
Flat_eq_param           0x08016d51    0x18  Code  Gb  biquads.o [1]
Fsid                    0x2000bf10     0x2  Data  Lc  ff.o [1]
GET_GW_IP               0x2000004c     0x4  Data  Gb  dhcp.o [1]
GET_SIP                 0x20000050     0x4  Data  Gb  dhcp.o [1]
GET_SN_MASK             0x20000048     0x4  Data  Gb  dhcp.o [1]
GPIOAx                  0x20000004     0x4  Data  Gb  app.o [1]
GPIOBx                  0x20000008     0x4  Data  Gb  app.o [1]
GPIOCx                  0x2000000c     0x4  Data  Gb  app.o [1]
GPIODx                  0x20000010     0x4  Data  Gb  app.o [1]
GPIOEx                  0x20000014     0x4  Data  Gb  app.o [1]
GPIO_Configuration      0x08016585   0x1f4  Code  Gb  app.o [1]
HAL_Delay               0x0800ae79    0x40  Code  Wk  stm32f1xx_hal.o [1]
HAL_GPIO_EXTI_Callback  0x08009d21     0x2  Code  Wk  stm32f1xx_hal_gpio.o [1]
HAL_GPIO_EXTI_IRQHandler
                        0x08009cc1    0x1a  Code  Gb  stm32f1xx_hal_gpio.o [1]
HAL_GPIO_Init           0x08009af9   0x1b4  Code  Gb  stm32f1xx_hal_gpio.o [1]
HAL_GPIO_WritePin       0x08009cad    0x14  Code  Gb  stm32f1xx_hal_gpio.o [1]
HAL_GetTick             0x0800b6f5     0xc  Code  Wk  stm32f1xx_hal.o [1]
HAL_GetUIDw0            0x08010303     0x6  Code  Gb  stm32f1xx_hal.o [1]
HAL_GetUIDw1            0x08010309     0x6  Code  Gb  stm32f1xx_hal.o [1]
HAL_GetUIDw2            0x0801030f     0x6  Code  Gb  stm32f1xx_hal.o [1]
HAL_HCD_Connect_Callback
                        0x08008e65    0x1c  Code  Gb  usbh_conf.o [1]
HAL_HCD_Disconnect_Callback
                        0x08008e81     0xc  Code  Gb  usbh_conf.o [1]
HAL_HCD_GetCurrentFrame
                        0x0800a393     0xa  Code  Gb  stm32f1xx_hal_hcd.o [1]
HAL_HCD_GetCurrentSpeed
                        0x0800a39d     0xa  Code  Gb  stm32f1xx_hal_hcd.o [1]
HAL_HCD_HC_GetURBState  0x0800a379     0xe  Code  Gb  stm32f1xx_hal_hcd.o [1]
HAL_HCD_HC_GetXferCount
                        0x0800a387     0xc  Code  Gb  stm32f1xx_hal_hcd.o [1]
HAL_HCD_HC_Halt         0x08009f8d    0x2c  Code  Gb  stm32f1xx_hal_hcd.o [1]
HAL_HCD_HC_Init         0x08009ebf    0xce  Code  Gb  stm32f1xx_hal_hcd.o [1]
HAL_HCD_HC_NotifyURBChange_Callback
                        0x08008ea5     0x2  Code  Gb  usbh_conf.o [1]
HAL_HCD_HC_SubmitRequest
                        0x08009fb9   0x226  Code  Gb  stm32f1xx_hal_hcd.o [1]
HAL_HCD_IRQHandler      0x0800a1df   0x13c  Code  Gb  stm32f1xx_hal_hcd.o [1]
HAL_HCD_Init            0x08009e49    0x76  Code  Gb  stm32f1xx_hal_hcd.o [1]
HAL_HCD_MspInit         0x08008db1    0xa6  Code  Gb  usbh_conf.o [1]
HAL_HCD_PortDisabled_Callback
                        0x08008e99     0xc  Code  Gb  usbh_conf.o [1]
HAL_HCD_PortEnabled_Callback
                        0x08008e8d     0xc  Code  Gb  usbh_conf.o [1]
HAL_HCD_ResetPort       0x0800a36f     0xa  Code  Gb  stm32f1xx_hal_hcd.o [1]
HAL_HCD_SOF_Callback    0x08008e57     0xc  Code  Gb  usbh_conf.o [1]
HAL_HCD_Start           0x0800a31b    0x2e  Code  Gb  stm32f1xx_hal_hcd.o [1]
HAL_HCD_Stop            0x0800a349    0x26  Code  Gb  stm32f1xx_hal_hcd.o [1]
HAL_IncTick             0x080177d1    0x18  Code  Wk  stm32f1xx_hal.o [1]
HAL_Init                0x080102e1    0x22  Code  Gb  stm32f1xx_hal.o [1]
HAL_InitTick            0x08012801    0x4c  Code  Wk  stm32f1xx_hal.o [1]
HAL_MspInit             0x0801284d     0x2  Code  Gb  stm32f1xx_hal_msp_template.o [1]
HAL_NVIC_EnableIRQ      0x08009e17     0xa  Code  Gb  stm32f1xx_hal_cortex.o [1]
HAL_NVIC_SetPriority    0x08009df5    0x22  Code  Gb  stm32f1xx_hal_cortex.o [1]
HAL_NVIC_SetPriorityGrouping
                        0x08009ded     0x8  Code  Gb  stm32f1xx_hal_cortex.o [1]
HAL_SPI_Init            0x08010209    0xd0  Code  Gb  stm32f1xx_hal_spi.o [1]
HAL_SPI_MspInit         0x080102dd     0x2  Code  Wk  stm32f1xx_hal_spi.o [1]
HAL_SYSTICK_Config      0x08009e21     0x8  Code  Gb  stm32f1xx_hal_cortex.o [1]
HCD_HC_IN_IRQHandler    0x0800a3a7   0x4dc  Code  Lc  stm32f1xx_hal_hcd.o [1]
HCD_HC_OUT_IRQHandler   0x0800a883   0x486  Code  Lc  stm32f1xx_hal_hcd.o [1]
HCD_Port_IRQHandler     0x0800adcd    0xaa  Code  Lc  stm32f1xx_hal_hcd.o [1]
HCD_RXQLVL_IRQHandler   0x0800ad09    0xc0  Code  Lc  stm32f1xx_hal_hcd.o [1]
HEAP$$Base              0x200012a0           --   Gb  - Linker created -
HEAP$$Limit             0x200092a0           --   Gb  - Linker created -
HOST_NAME               0x2000be38    0x10  Data  Gb  dhcp.o [1]
HardFault_Handler       0x0801779b     0x8  Code  Gb  stm32f1xx_it.o [1]
IINCHIP_CSoff           0x0800fcb7     0xa  Code  Gb  w5500.o [1]
IINCHIP_CSon            0x0800fcc1     0xa  Code  Gb  w5500.o [1]
IINCHIP_READ            0x0800fd09    0x34  Code  Gb  w5500.o [1]
IINCHIP_SpiSendData     0x0800fccb     0xa  Code  Gb  w5500.o [1]
IINCHIP_WRITE           0x0800fcd5    0x34  Code  Gb  w5500.o [1]
Init_ADC1x              0x0800f289    0xf0  Code  Gb  misc.o [1]
KSM_cmd                 0x2000bde8    0x20  Data  Gb  tcp_proc.o [1]
KsmAck245               0x08017bcc    0x10  Data  Gb  tcp_proc.o [1]
KsmAckFirmwareInfo      0x08017934    0x18  Data  Gb  tcp_proc.o [1]
KsmAckStr1              0x08017c88     0xc  Data  Gb  tcp_proc.o [1]
KsmOnOffResponse        0x080178a8    0x20  Data  Gb  tcp_proc.o [1]
LL_ADC_ClearFlag_AWD1   0x0800ea37     0x8  Code  Lc  misc.o [1]
LL_ADC_ClearFlag_EOS    0x0800ea2f     0x8  Code  Lc  misc.o [1]
LL_ADC_DMA_GetRegAddr   0x0800e94f    0x14  Code  Lc  misc.o [1]
LL_ADC_DeInit           0x08012723    0xa8  Code  Gb  stm32f1xx_ll_adc.o [1]
LL_ADC_Disable          0x08012711     0xa  Code  Lc  stm32f1xx_ll_adc.o [1]
LL_ADC_Enable           0x0800ea07     0xa  Code  Lc  misc.o [1]
LL_ADC_EnableIT_AWD1    0x0800ea49     0xa  Code  Lc  misc.o [1]
LL_ADC_EnableIT_EOS     0x0800ea3f     0xa  Code  Lc  misc.o [1]
LL_ADC_INJ_SetTriggerSource
                        0x08012701    0x10  Code  Lc  stm32f1xx_ll_adc.o [1]
LL_ADC_IsCalibrationOnGoing
                        0x0800ea1b     0xa  Code  Lc  misc.o [1]
LL_ADC_IsEnabled        0x0801271b     0x8  Code  Lc  stm32f1xx_ll_adc.o [1]
LL_ADC_REG_SetDMATransfer
                        0x0800e9b5     0xc  Code  Lc  misc.o [1]
LL_ADC_REG_SetSequencerRanks
                        0x0800e97f    0x36  Code  Lc  misc.o [1]
LL_ADC_REG_SetTriggerSource
                        0x0800e96f    0x10  Code  Lc  misc.o [1]
LL_ADC_REG_SetTriggerSource
                        0x080126f1    0x10  Code  Lc  stm32f1xx_ll_adc.o [1]
LL_ADC_REG_StartConversionSWStart
                        0x0800ea25     0xa  Code  Lc  misc.o [1]
LL_ADC_SetChannelSamplingTime
                        0x0800e9c1    0x46  Code  Lc  misc.o [1]
LL_ADC_SetCommonPathInternalCh
                        0x0800e963     0xc  Code  Lc  misc.o [1]
LL_ADC_StartCalibration
                        0x0800ea11     0xa  Code  Lc  misc.o [1]
LL_CRC_FeedData32       0x0800b743     0x4  Code  Lc  tcp_proc.o [1]
LL_CRC_ReadData32       0x0800b747     0x4  Code  Lc  tcp_proc.o [1]
LL_CRC_ResetCRCCalculationUnit
                        0x0800b739     0xa  Code  Lc  tcp_proc.o [1]
LL_DMA_ClearFlag_GI1    0x0800eb07     0x6  Code  Lc  misc.o [1]
LL_DMA_ConfigAddresses  0x0800eac1    0x46  Code  Lc  misc.o [1]
LL_DMA_ConfigTransfer   0x0800ea75    0x24  Code  Lc  misc.o [1]
LL_DMA_EnableChannel    0x0800ea53    0x22  Code  Lc  misc.o [1]
LL_DMA_EnableIT_TC      0x0800eb0d    0x22  Code  Lc  misc.o [1]
LL_DMA_SetDataLength    0x0800ea99    0x28  Code  Lc  misc.o [1]
LL_TIM_ClearFlag_UPDATE
                        0x0800e935     0x8  Code  Lc  misc.o [1]
LL_TIM_EnableARRPreload
                        0x0800e917     0xa  Code  Lc  misc.o [1]
LL_TIM_EnableCounter    0x0800e90d     0xa  Code  Lc  misc.o [1]
LL_TIM_EnableIT_UPDATE  0x0800e945     0xa  Code  Lc  misc.o [1]
LL_TIM_IsActiveFlag_UPDATE
                        0x0800e93d     0x8  Code  Lc  misc.o [1]
LL_TIM_SetAutoReload    0x0800e931     0x4  Code  Lc  misc.o [1]
LL_TIM_SetClockDivision
                        0x0800e921     0xc  Code  Lc  misc.o [1]
LL_TIM_SetPrescaler     0x0800e92d     0x4  Code  Lc  misc.o [1]
LfnBuf                  0x2000b564   0x200  Data  Lc  ff.o [1]
LfnOfs                  0x08017adc    0x10  Data  Lc  ff.o [1]
LoadInt                 0x08011a7f    0x6e  Code  Lc  xprintffull.o [3]
Load_User_Biquads       0x08016d79    0x3a  Code  Gb  biquads.o [1]
LocStatus               0x20000298     0x1  Data  Gb  tcp_proc.o [1]
Locate_This_Speaker     0x0800c843    0x24  Code  Gb  tcp_proc.o [1]
Locate_UserEQ           0x0800bbe3   0x102  Code  Gb  tcp_proc.o [1]
MSC_InitApplication     0x08016a3b    0x46  Code  Lc  app.o [1]
M_ID                    0x2000bf43     0x1  Data  Gb  spix.o [1]
Main_Loop_Proc          0x08016bb5    0x24  Code  Gb  app.o [1]
MemManage_Handler       0x080177a3     0x2  Code  Gb  stm32f1xx_it.o [1]
NMI_Handler             0x08017799     0x2  Code  Gb  stm32f1xx_it.o [1]
NVIC_Enable             0x08016947    0x16  Code  Gb  app.o [1]
NVIC_EnableIRQ          0x08009d4b    0x14  Code  Lc  stm32f1xx_hal_cortex.o [1]
NVIC_EncodePriority     0x08009d81    0x3e  Code  Lc  stm32f1xx_hal_cortex.o [1]
NVIC_GetPriorityGrouping
                        0x08009d41     0xa  Code  Lc  stm32f1xx_hal_cortex.o [1]
NVIC_SetPriority        0x08009d5f    0x22  Code  Lc  stm32f1xx_hal_cortex.o [1]
NVIC_SetPriorityGrouping
                        0x08009d25    0x1c  Code  Lc  stm32f1xx_hal_cortex.o [1]
OLD_SIP                 0x2000beac     0x4  Data  Gb  dhcp.o [1]
OLD_allocated_ip        0x2000beb0     0x4  Data  Gb  dhcp.o [1]
OTG_FS_IRQHandler       0x080177b7     0xa  Code  Gb  stm32f1xx_it.o [1]
OldEQSW                 0x2000028e     0x1  Data  Gb  misc.o [1]
OldLIMSW                0x2000028f     0x1  Data  Gb  misc.o [1]
OldOnOffSW              0x2000028c     0x1  Data  Gb  misc.o [1]
OldTestMode             0x20000290     0x1  Data  Gb  misc.o [1]
OldTmpENC               0x2000001c     0x4  Data  Gb  app.o [1]
Old_ENC_CODE            0x2000be94     0x4  Data  Gb  app.o [1]
OldtVolSW               0x2000028d     0x1  Data  Gb  misc.o [1]
OnOffStr                0x08017cd8     0x8  Data  Gb  tcp_proc.o [1]
PREFIX_FIRMWARE_UPGRADE
                        0x200000bc     0xc  Data  Gb  misc.o [1]
Param_Data_IC_1         0x08014ed4  0x16b0  Data  Gb  misc.o [1]
PendSV_Handler          0x080177ad     0x2  Code  Gb  stm32f1xx_it.o [1]
Power_Up_Initialize     0x08016ac1    0x6c  Code  Gb  app.o [1]
PresetEQ                0x08016e3c   0x200  Data  Gb  PresetEQ.o [1]
Program_Data_IC_1       0x08000150  0x4074  Data  Gb  misc.o [1]
R0_SOFT_RESET_IC_1_Default
                        0x2000bf12     0x2  Data  Gb  misc.o [1]
R10_PLL_CTRL1_IC_1_Default
                        0x2000020e     0x2  Data  Gb  misc.o [1]
R11_PLL_CLK_SRC_IC_1_Default
                        0x20000210     0x2  Data  Gb  misc.o [1]
R12_MCLK_OUT_IC_1_Default
                        0x20000212     0x2  Data  Gb  misc.o [1]
R13_PLL_ENABLE_IC_1_Default
                        0x20000214     0x2  Data  Gb  misc.o [1]
R14_PLL_LOCK_DELAY_IC_1_Default
                        0x20000216     0x2  Data  Gb  misc.o [1]
R15_POWER_ENABLE0_IC_1_Default
                        0x20000218     0x2  Data  Gb  misc.o [1]
R16_POWER_ENABLE1_IC_1_Default
                        0x2000021a     0x2  Data  Gb  misc.o [1]
R17_CLK_GEN1_M_IC_1_Default
                        0x2000021c     0x2  Data  Gb  misc.o [1]
R18_ASRC_INPUT0_IC_1_Default
                        0x2000021e     0x2  Data  Gb  misc.o [1]
R19_ASRC_OUT_RATE0_IC_1_Default
                        0x20000220     0x2  Data  Gb  misc.o [1]
R1_SOFT_RESET_IC_1_Default
                        0x20000202     0x2  Data  Gb  misc.o [1]
R20_SOUT_SOURCE0_IC_1_Default
                        0x20000222     0x2  Data  Gb  misc.o [1]
R21_SOUT_SOURCE1_IC_1_Default
                        0x20000224     0x2  Data  Gb  misc.o [1]
R22_SOUT_SOURCE2_IC_1_Default
                        0x20000226     0x2  Data  Gb  misc.o [1]
R23_SOUT_SOURCE3_IC_1_Default
                        0x20000228     0x2  Data  Gb  misc.o [1]
R24_SOUT_SOURCE4_IC_1_Default
                        0x2000022a     0x2  Data  Gb  misc.o [1]
R25_SOUT_SOURCE5_IC_1_Default
                        0x2000022c     0x2  Data  Gb  misc.o [1]
R26_SOUT_SOURCE6_IC_1_Default
                        0x2000022e     0x2  Data  Gb  misc.o [1]
R27_SOUT_SOURCE7_IC_1_Default
                        0x20000230     0x2  Data  Gb  misc.o [1]
R28_SOUT_SOURCE8_IC_1_Default
                        0x20000232     0x2  Data  Gb  misc.o [1]
R29_SOUT_SOURCE9_IC_1_Default
                        0x20000234     0x2  Data  Gb  misc.o [1]
R2_RESET_DELAY_IC_1_Default
                        0x20000204     0x2  Data  Gb  misc.o [1]
R30_SOUT_SOURCE10_IC_1_Default
                        0x20000236     0x2  Data  Gb  misc.o [1]
R31_SOUT_SOURCE11_IC_1_Default
                        0x20000238     0x2  Data  Gb  misc.o [1]
R32_SOUT_SOURCE12_IC_1_Default
                        0x2000023a     0x2  Data  Gb  misc.o [1]
R33_SOUT_SOURCE13_IC_1_Default
                        0x2000023c     0x2  Data  Gb  misc.o [1]
R34_SOUT_SOURCE14_IC_1_Default
                        0x2000023e     0x2  Data  Gb  misc.o [1]
R35_SOUT_SOURCE15_IC_1_Default
                        0x20000240     0x2  Data  Gb  misc.o [1]
R36_SOUT_SOURCE16_IC_1_Default
                        0x20000242     0x2  Data  Gb  misc.o [1]
R37_SOUT_SOURCE17_IC_1_Default
                        0x20000244     0x2  Data  Gb  misc.o [1]
R38_SOUT_SOURCE18_IC_1_Default
                        0x20000246     0x2  Data  Gb  misc.o [1]
R39_SOUT_SOURCE19_IC_1_Default
                        0x20000248     0x2  Data  Gb  misc.o [1]
R3_HIBERNATE_IC_1_Default
                        0x2000bf14     0x2  Data  Gb  misc.o [1]
R40_SOUT_SOURCE20_IC_1_Default
                        0x2000024a     0x2  Data  Gb  misc.o [1]
R41_SOUT_SOURCE21_IC_1_Default
                        0x2000024c     0x2  Data  Gb  misc.o [1]
R42_SOUT_SOURCE22_IC_1_Default
                        0x2000024e     0x2  Data  Gb  misc.o [1]
R43_SOUT_SOURCE23_IC_1_Default
                        0x20000250     0x2  Data  Gb  misc.o [1]
R44_SPDIFTX_INPUT_IC_1_Default
                        0x20000252     0x2  Data  Gb  misc.o [1]
R45_SERIAL_BYTE_0_0_IC_1_Default
                        0x20000254     0x2  Data  Gb  misc.o [1]
R46_SERIAL_BYTE_1_0_IC_1_Default
                        0x20000256     0x2  Data  Gb  misc.o [1]
R47_SERIAL_BYTE_2_0_IC_1_Default
                        0x20000258     0x2  Data  Gb  misc.o [1]
R48_SERIAL_BYTE_3_0_IC_1_Default
                        0x2000025a     0x2  Data  Gb  misc.o [1]
R49_SERIAL_BYTE_4_0_IC_1_Default
                        0x2000025c     0x2  Data  Gb  misc.o [1]
R4_HIBERNATE_IC_1_Default
                        0x20000206     0x2  Data  Gb  misc.o [1]
R50_SERIAL_BYTE_5_0_IC_1_Default
                        0x2000025e     0x2  Data  Gb  misc.o [1]
R51_SERIAL_BYTE_6_0_IC_1_Default
                        0x20000260     0x2  Data  Gb  misc.o [1]
R52_SERIAL_BYTE_7_0_IC_1_Default
                        0x20000262     0x2  Data  Gb  misc.o [1]
R53_SPDIF_RX_CTRL_IC_1_Default
                        0x20000264     0x2  Data  Gb  misc.o [1]
R54_SPDIF_RESTART_IC_1_Default
                        0x20000266     0x2  Data  Gb  misc.o [1]
R55_SPDIF_TX_EN_IC_1_Default
                        0x20000268     0x2  Data  Gb  misc.o [1]
R59_KILL_CORE_IC_1_Default
                        0x2000bf1a     0x2  Data  Gb  misc.o [1]
R5_HIBERNATE_DELAY_IC_1_Default
                        0x20000208     0x2  Data  Gb  misc.o [1]
R60_START_ADDRESS_IC_1_Default
                        0x2000bf1c     0x2  Data  Gb  misc.o [1]
R61_START_PULSE_IC_1_Default
                        0x2000026a     0x2  Data  Gb  misc.o [1]
R62_START_CORE_IC_1_Default
                        0x2000bf1e     0x2  Data  Gb  misc.o [1]
R63_START_CORE_IC_1_Default
                        0x2000026c     0x2  Data  Gb  misc.o [1]
R64_START_DELAY_IC_1_Default
                        0x2000026e     0x2  Data  Gb  misc.o [1]
R65_HIBERNATE_IC_1_Default
                        0x2000bf20     0x2  Data  Gb  misc.o [1]
R6_KILL_CORE_IC_1_Default
                        0x2000bf16     0x2  Data  Gb  misc.o [1]
R7_KILL_CORE_IC_1_Default
                        0x2000020a     0x2  Data  Gb  misc.o [1]
R8_PLL_ENABLE_IC_1_Default
                        0x2000bf18     0x2  Data  Gb  misc.o [1]
R9_PLL_CTRL0_IC_1_Default
                        0x2000020c     0x2  Data  Gb  misc.o [1]
RCCx                    0x20000000     0x4  Data  Gb  app.o [1]
RGB_DUTY                0x20000074    0x30  Data  Gb  misc.o [1]
RSIZE                   0x2000be68    0x10  Data  Lc  w5500.o [1]
Recover_DSP_Control     0x0800fa8d    0x42  Code  Gb  misc.o [1]
Region$$Table$$Base     0x08017868           --   Gb  - Linker created -
Region$$Table$$Limit    0x08017888           --   Gb  - Linker created -
Release_DSP_Control     0x0800fa71    0x10  Code  Gb  misc.o [1]
SIGMA_MODIFY_EQ         0x0800f639    0x84  Code  Gb  misc.o [1]
SIGMA_WRITE_DELAY       0x0800d375    0x16  Code  Gb  spix.o [1]
SIGMA_WRITE_REGISTER_BLOCK
                        0x0800d2bb    0x5c  Code  Gb  spix.o [1]
SIGMA_WRITE_REGISTER_UINT32
                        0x0800d317    0x5e  Code  Gb  spix.o [1]
SPI1_W5500              0x2000bcbc    0x58  Data  Gb  spix.o [1]
SPI1_W5500_SendByte     0x0800d917    0x26  Code  Gb  spix.o [1]
SPI2_adau1452           0x2000bd14    0x58  Data  Gb  spix.o [1]
SPI3_FLASH              0x2000bd6c    0x58  Data  Gb  spix.o [1]
SR1                     0x2000bf46     0x1  Data  Gb  spix.o [1]
SSIZE                   0x2000be58    0x10  Data  Lc  w5500.o [1]
SVC_Handler             0x080177a9     0x2  Code  Gb  stm32f1xx_it.o [1]
Select_New_Boundary     0x0800f7e5    0x62  Code  Gb  misc.o [1]
Select_Test_Volume      0x0800f6e1    0x62  Code  Gb  misc.o [1]
Set_Boundary_OnOff      0x0800f761    0x12  Code  Gb  misc.o [1]
SpkMessageStr           0x080177e8    0x34  Data  Gb  tcp_proc.o [1]
Switch_LED              0x0800f1e9     0xa  Code  Gb  misc.o [1]
Switch_PE0_7            0x0800fa1d    0x54  Code  Gb  misc.o [1]
Switch_Testpin          0x0800faf5    0xa2  Code  Gb  misc.o [1]
SysTick_Config          0x08009dbf    0x2e  Code  Lc  stm32f1xx_hal_cortex.o [1]
SysTick_Handler         0x080177af     0x8  Code  Gb  stm32f1xx_it.o [1]
SystemClock_Config      0x08016779    0xb6  Code  Gb  app.o [1]
SystemConfig            0x2000be48    0x10  Data  Gb  tcp_proc.o [1]
SystemCoreClock         0x200000cc     0x4  Data  Gb  system_stm32f1xx.o [1]
SystemCoreClockUpdate   0x08016c39    0xd0  Code  Gb  system_stm32f1xx.o [1]
SystemInit              0x08016bd9    0x60  Code  Gb  system_stm32f1xx.o [1]
SystemLedColor          0x2000bf3d     0x1  Data  Gb  misc.o [1]
TIM1_Init               0x0800ef47    0x66  Code  Gb  misc.o [1]
TIM1_UP_IRQHandler      0x0800efad     0xc  Code  Gb  misc.o [1]
TIM2_IRQHandler         0x0800f013   0x186  Code  Gb  misc.o [1]
Tbl                     0x08017560   0x100  Data  Lc  unicode.o [1]
Test_EQ_OnOff           0x0800f773    0x5a  Code  Gb  misc.o [1]
TmpENC                  0x20000018     0x4  Data  Gb  app.o [1]
UDP_LISTEN              0x0800cebb    0x6c  Code  Gb  tcp_proc.o [1]
USBH_AllocPipe          0x080089b7    0x2e  Code  Gb  usbh_pipes.o [1]
USBH_BulkReceiveData    0x08009ad5    0x24  Code  Gb  usbh_ioreq.o [1]
USBH_BulkSendData       0x08009aa3    0x32  Code  Gb  usbh_ioreq.o [1]
USBH_ClosePipe          0x080089ab     0xc  Code  Gb  usbh_pipes.o [1]
USBH_ClrFeature         0x080091ed    0x26  Code  Gb  usbh_ctlreq.o [1]
USBH_CtlReceiveData     0x08009a7f    0x24  Code  Gb  usbh_ioreq.o [1]
USBH_CtlReq             0x080093cb    0x5e  Code  Gb  usbh_ctlreq.o [1]
USBH_CtlSendData        0x08009a4d    0x32  Code  Gb  usbh_ioreq.o [1]
USBH_CtlSendSetup       0x08009a29    0x24  Code  Gb  usbh_ioreq.o [1]
USBH_DeInit             0x08006df5    0x34  Code  Gb  usbh_core.o [1]
USBH_Delay              0x08009079     0x8  Code  Gb  usbh_conf.o [1]
USBH_FindInterface      0x08006ed1    0x5c  Code  Gb  usbh_core.o [1]
USBH_FreePipe           0x080089e5    0x22  Code  Gb  usbh_pipes.o [1]
USBH_GetDescriptor      0x08009141    0x3c  Code  Gb  usbh_ctlreq.o [1]
USBH_GetFreePipe        0x08008a07    0x2a  Code  Lc  usbh_pipes.o [1]
USBH_GetNextDesc        0x080093bd     0xe  Code  Gb  usbh_ctlreq.o [1]
USBH_Get_CfgDesc        0x080090c5    0x3c  Code  Gb  usbh_ctlreq.o [1]
USBH_Get_DevDesc        0x08009081    0x44  Code  Gb  usbh_ctlreq.o [1]
USBH_Get_StringDesc     0x08009101    0x40  Code  Gb  usbh_ctlreq.o [1]
USBH_HandleControl      0x08009429   0x1f6  Code  Lc  usbh_ctlreq.o [1]
USBH_HandleEnum         0x080071d5   0x188  Code  Lc  usbh_core.o [1]
USBH_HandleSof          0x08007393    0x3e  Code  Lc  usbh_core.o [1]
USBH_Init               0x08006da5    0x50  Code  Gb  usbh_core.o [1]
USBH_LL_ClosePipe       0x08008f83    0x10  Code  Gb  usbh_conf.o [1]
USBH_LL_Connect         0x080073e9    0x16  Code  Gb  usbh_core.o [1]
USBH_LL_Disconnect      0x080073ff    0x30  Code  Gb  usbh_core.o [1]
USBH_LL_DriverVBUS      0x08008fc7    0x2c  Code  Gb  usbh_conf.o [1]
USBH_LL_GetLastXferSize
                        0x08008f51     0xe  Code  Gb  usbh_conf.o [1]
USBH_LL_GetSpeed        0x08008f17    0x2c  Code  Gb  usbh_conf.o [1]
USBH_LL_GetToggle       0x08009029    0x38  Code  Gb  usbh_conf.o [1]
USBH_LL_GetURBState     0x08008fb9     0xe  Code  Gb  usbh_conf.o [1]
USBH_LL_IncTimer        0x08007363    0x30  Code  Gb  usbh_core.o [1]
USBH_LL_Init            0x08008ea7    0x54  Code  Gb  usbh_conf.o [1]
USBH_LL_OpenPipe        0x08008f5f    0x24  Code  Gb  usbh_conf.o [1]
USBH_LL_PortDisabled    0x080073e1     0x8  Code  Gb  usbh_core.o [1]
USBH_LL_PortEnabled     0x080073d9     0x8  Code  Gb  usbh_core.o [1]
USBH_LL_ResetPort       0x08008f43     0xe  Code  Gb  usbh_conf.o [1]
USBH_LL_SetTimer        0x0800735d     0x6  Code  Gb  usbh_core.o [1]
USBH_LL_SetToggle       0x08008ff3    0x36  Code  Gb  usbh_conf.o [1]
USBH_LL_Start           0x08008efb     0xe  Code  Gb  usbh_conf.o [1]
USBH_LL_Stop            0x08008f09     0xe  Code  Gb  usbh_conf.o [1]
USBH_LL_SubmitURB       0x08008f93    0x26  Code  Gb  usbh_conf.o [1]
USBH_MSC_BOT_Abort      0x08008d1f    0x30  Code  Lc  usbh_msc_bot.o [1]
USBH_MSC_BOT_Init       0x08008a6f    0x1e  Code  Gb  usbh_msc_bot.o [1]
USBH_MSC_BOT_Process    0x08008a8d   0x292  Code  Gb  usbh_msc_bot.o [1]
USBH_MSC_BOT_REQ_GetMaxLUN
                        0x08008a51    0x1e  Code  Gb  usbh_msc_bot.o [1]
USBH_MSC_BOT_REQ_Reset  0x08008a31    0x20  Code  Gb  usbh_msc_bot.o [1]
USBH_MSC_ClassRequest   0x080065e7    0x92  Code  Lc  usbh_msc.o [1]
USBH_MSC_DecodeCSW      0x08008d4f    0x54  Code  Lc  usbh_msc_bot.o [1]
USBH_MSC_GetLUNInfo     0x08006b89    0x2e  Code  Gb  usbh_msc.o [1]
USBH_MSC_InterfaceDeInit
                        0x08006589    0x5e  Code  Lc  usbh_msc.o [1]
USBH_MSC_InterfaceInit  0x08006405   0x184  Code  Lc  usbh_msc.o [1]
USBH_MSC_IsReady        0x08006b45    0x1c  Code  Gb  usbh_msc.o [1]
USBH_MSC_Process        0x08006679   0x378  Code  Lc  usbh_msc.o [1]
USBH_MSC_RdWrProcess    0x080069f5   0x150  Code  Lc  usbh_msc.o [1]
USBH_MSC_Read           0x08006bb7    0xc8  Code  Gb  usbh_msc.o [1]
USBH_MSC_SCSI_Inquiry   0x0800971f    0xfc  Code  Gb  usbh_msc_scsi.o [1]
USBH_MSC_SCSI_Read      0x0800995d    0x98  Code  Gb  usbh_msc_scsi.o [1]
USBH_MSC_SCSI_ReadCapacity
                        0x0800967b    0xa4  Code  Gb  usbh_msc_scsi.o [1]
USBH_MSC_SCSI_RequestSense
                        0x0800981b    0xaa  Code  Gb  usbh_msc_scsi.o [1]
USBH_MSC_SCSI_TestUnitReady
                        0x0800961f    0x5c  Code  Gb  usbh_msc_scsi.o [1]
USBH_MSC_SCSI_Write     0x080098c5    0x98  Code  Gb  usbh_msc_scsi.o [1]
USBH_MSC_SOFProcess     0x080069f1     0x4  Code  Lc  usbh_msc.o [1]
USBH_MSC_UnitIsReady    0x08006b61    0x28  Code  Gb  usbh_msc.o [1]
USBH_MSC_Write          0x08006c89    0x9c  Code  Gb  usbh_msc.o [1]
USBH_OpenPipe           0x0800898b    0x20  Code  Gb  usbh_pipes.o [1]
USBH_ParseCfgDesc       0x0800926f    0xcc  Code  Lc  usbh_ctlreq.o [1]
USBH_ParseDevDesc       0x08009213    0x5c  Code  Lc  usbh_ctlreq.o [1]
USBH_ParseEPDesc        0x08009361    0x20  Code  Lc  usbh_ctlreq.o [1]
USBH_ParseInterfaceDesc
                        0x0800933b    0x26  Code  Lc  usbh_ctlreq.o [1]
USBH_ParseStringDesc    0x08009381    0x3c  Code  Lc  usbh_ctlreq.o [1]
USBH_Process            0x08006f69   0x26c  Code  Gb  usbh_core.o [1]
USBH_RegisterClass      0x08006e81    0x30  Code  Gb  usbh_core.o [1]
USBH_SelectInterface    0x08006eb1    0x20  Code  Gb  usbh_core.o [1]
USBH_SetAddress         0x0800917d    0x26  Code  Gb  usbh_ctlreq.o [1]
USBH_SetCfg             0x080091a3    0x24  Code  Gb  usbh_ctlreq.o [1]
USBH_SetFeature         0x080091c7    0x26  Code  Gb  usbh_ctlreq.o [1]
USBH_Start              0x08006f2d    0x16  Code  Gb  usbh_core.o [1]
USBH_Stop               0x08006f43    0x26  Code  Gb  usbh_core.o [1]
USBH_UserProcess        0x08016a81    0x40  Code  Lc  app.o [1]
USBH_fatfs              0x2000b134   0x230  Data  Gb  file_operations.o [1]
USBH_msc                0x200000d4    0x20  Data  Gb  usbh_msc.o [1]
USB_CoreInit            0x0800aecd    0x5a  Code  Gb  stm32f1xx_ll_usb.o [1]
USB_CoreReset           0x0800b015    0x34  Code  Lc  stm32f1xx_ll_usb.o [1]
USB_DisableGlobalInt    0x0800af33     0xc  Code  Gb  stm32f1xx_ll_usb.o [1]
USB_DriveVbus           0x0800b185    0x4c  Code  Gb  stm32f1xx_ll_usb.o [1]
USB_EnableGlobalInt     0x0800af27     0xc  Code  Gb  stm32f1xx_ll_usb.o [1]
USB_FlushRxFifo         0x0800af97    0x1e  Code  Gb  stm32f1xx_ll_usb.o [1]
USB_FlushTxFifo         0x0800af75    0x22  Code  Gb  stm32f1xx_ll_usb.o [1]
USB_GetCurrentFrame     0x0800b1e9     0xa  Code  Gb  stm32f1xx_ll_usb.o [1]
USB_GetHostSpeed        0x0800b1d1    0x18  Code  Gb  stm32f1xx_ll_usb.o [1]
USB_GetMode             0x0800b00d     0x8  Code  Gb  stm32f1xx_ll_usb.o [1]
USB_HC_Halt             0x0800b4e3   0x15a  Code  Gb  stm32f1xx_ll_usb.o [1]
[...]
__iar_Memset            0x08008925          Code  Gb  ABImemset.o [5]
__iar_Memset_word       0x0800892d          Code  Gb  ABImemset.o [5]
__iar_Stod              0x080126ed     0x4  Code  Gb  xstod.o [4]
__iar_Stodx             0x080125a5   0x13a  Code  Gb  xstod.o [4]
__iar_Strchr            0x08012871          Code  Gb  strchr.o [5]
__iar_close_ttio        0x0800b701    0x2e  Code  Gb  iarttio.o [6]
__iar_d2uiz             0x0800e88d          Code  Gb  DblToI32.o [4]
__iar_dadd              0x0801302d          Code  Gb  DblAdd.o [4]
__iar_data_init3        0x0801781d    0x28  Code  Gb  data_init.o [5]
__iar_dlfree            0x08008403   0x51a  Code  Gb  dlmalloc.o [3]
__iar_dlib_perthread_access
                        0x080113bd     0x2  Code  Gb  xtls.o [3]
__iar_dlmalloc          0x0800814d   0x2aa  Code  Gb  dlmalloc.o [3]
__iar_dsub              0x08012b59          Code  Gb  DblSub.o [4]
__iar_dsubStart         0x08012b6b          Code  Gb  DblSub.o [4]
__iar_lookup_ttioh      0x0800b731     0x8  Code  Gb  XShttio.o [3]
__iar_lz77_init_single3
                        0x080176e1    0x78  Code  Gb  lz77_init_single.o [5]
__iar_program_start     0x08017c95          Code  Gb  cstartup_M.o [5]
__iar_ttio_handles      0x200000f4     0x8  Data  Lc  XShttio.o [3]
__iar_ui2d              0x0800e419          Code  Gb  I32ToDbl.o [4]
__iar_unaligned___aeabi_memcpy
                        0x08006d25          Code  Gb  ABImemcpy_unaligned.o [5]
__iar_unaligned___aeabi_memcpy4
                        0x08006d45          Code  Gb  ABImemcpy_unaligned.o [5]
__iar_unaligned___aeabi_memcpy8
                        0x08006d45          Code  Gb  ABImemcpy_unaligned.o [5]
__iar_unaligned___aeabi_memmove
                        0x08016dc5          Code  Gb  ABImemmove_unaligned.o [5]
__iar_unaligned___aeabi_memmove4
                        0x08016dc5          Code  Gb  ABImemmove_unaligned.o [5]
__iar_unaligned___aeabi_memmove8
                        0x08016dc5          Code  Gb  ABImemmove_unaligned.o [5]
__iar_unaligned_strcmp  0x0800db15          Code  Gb  strcmp_unaligned.o [5]
__iar_unaligned_strcpy  0x0800dc25          Code  Gb  strcpy_unaligned.o [5]
__iar_zero_init3        0x08017759    0x40  Code  Gb  zero_init3.o [5]
__low_level_init        0x080178e3     0x4  Code  Gb  low_level_init.o [3]
__vector_table          0x08000000          Data  Gb  startup_stm32f107xc.o [1]
_call_main              0x080178d5          Code  Gb  cmain.o [5]
_exit                   0x080178f9          Code  Gb  cexit.o [5]
_gm_                    0x2000b764   0x1d8  Data  Lc  dlmalloc.o [3]
_main                   0x080178df          Code  Gb  cmain.o [5]
aa                      0x2000bf4b     0x1  Data  Gb  usbh_msc.o [1]
abort                   0x080099f5     0x6  Code  Gb  abort.o [3]
adc_ptr                 0x2000bf3f     0x1  Data  Gb  misc.o [1]
atof                    0x0800e687     0x8  Code  Gb  atof.o [4]
bb                      0x2000bf4c     0x1  Data  Gb  usbh_msc.o [1]
blocknum                0x2000bf30     0x2  Data  Gb  tcp_proc.o [1]
calculate_checksum      0x0800b7c9    0x2c  Code  Gb  tcp_proc.o [1]
check_DHCP_leasedIP     0x080110bd    0x48  Code  Gb  dhcp.o [1]
check_DHCP_timeout      0x080103b1    0xaa  Code  Gb  dhcp.o [1]
check_adc_input_data    0x0800f423    0x7c  Code  Gb  misc.o [1]
check_float_digits      0x0800c02f    0x66  Code  Gb  tcp_proc.o [1]
check_fs                0x080055e7    0x7e  Code  Lc  ff.o [1]
check_power_status      0x0800f5f5    0x2a  Code  Gb  misc.o [1]
chk_chr                 0x08004209    0x14  Code  Lc  ff.o [1]
chk_lock                0x0800421d    0x9a  Code  Lc  ff.o [1]
clear_lock              0x0800442b    0x2e  Code  Lc  ff.o [1]
clmt_clust              0x08004945    0x30  Code  Lc  ff.o [1]
clust2sect              0x080045e5    0x1e  Code  Gb  ff.o [1]
cmd_idx                 0x2000bee8     0x4  Data  Gb  tcp_proc.o [1]
cmp_lfn                 0x08004c35    0x96  Code  Lc  ff.o [1]
connect                 0x0800de1d   0x104  Code  Gb  socket.o [1]
count_EQ                0x20000274     0x2  Data  Gb  misc.o [1]
count_HF                0x20000276     0x2  Data  Gb  misc.o [1]
count_LIM               0x2000027a     0x2  Data  Gb  misc.o [1]
count_MF                0x20000278     0x2  Data  Gb  misc.o [1]
count_OnOff             0x20000270     0x2  Data  Gb  misc.o [1]
count_TestVol           0x20000272     0x2  Data  Gb  misc.o [1]
count_led_step          0x20000282     0x2  Data  Gb  misc.o [1]
count_local_status      0x20000284     0x2  Data  Gb  misc.o [1]
count_mPower            0x20000292     0x1  Data  Gb  misc.o [1]
count_testmode          0x2000027c     0x2  Data  Gb  misc.o [1]
count_wait              0x2000bf22     0x2  Data  Gb  misc.o [1]
crcsize                 0x2000bf32     0x2  Data  Gb  tcp_proc.o [1]
create_chain            0x08004873    0xd2  Code  Lc  ff.o [1]
create_name             0x080052c5   0x252  Code  Lc  ff.o [1]
dd                      0x2000bf42     0x1  Data  Gb  socket.o [1]
dd                      0x2000bf08     0x4  Data  Lc  usbh_core.o [1]
dd3                     0x2000be8c     0x4  Data  Gb  app.o [1]
dec_lock                0x080043db    0x50  Code  Lc  ff.o [1]
default_download_IC_1   0x0800eb2f   0x418  Code  Gb  misc.o [1]
default_ip_assign       0x08010325    0x1c  Code  Gb  dhcp.o [1]
default_ip_conflict     0x0801037f    0x18  Code  Gb  dhcp.o [1]
default_ip_retrieve     0x08010341    0x22  Code  Gb  dhcp.o [1]
default_ip_update       0x08010363    0x1c  Code  Gb  dhcp.o [1]
dhcp_ip_assign          0x20000060     0x4  Data  Gb  dhcp.o [1]
dhcp_ip_conflict        0x20000068     0x4  Data  Gb  dhcp.o [1]
dhcp_ip_update          0x20000064     0x4  Data  Gb  dhcp.o [1]
dhcp_lease_time         0x2000bec4     0x4  Data  Gb  dhcp.o [1]
dhcp_retry_count        0x2000bf3a     0x1  Data  Gb  dhcp.o [1]
dhcp_state              0x2000bf39     0x1  Data  Gb  dhcp.o [1]
dhcp_tick_next          0x20000054     0x4  Data  Gb  dhcp.o [1]
dhcp_time               0x2000bec8     0x4  Data  Gb  dhcp.o [1]
dip_volndx              0x200000a4    0x10  Data  Gb  misc.o [1]
dir_alloc               0x08004b99    0x60  Code  Lc  ff.o [1]
dir_find                0x08004e63   0x112  Code  Lc  ff.o [1]
dir_next                0x08004a3b   0x15e  Code  Lc  ff.o [1]
dir_read                0x08004f75    0xf6  Code  Lc  ff.o [1]
dir_register            0x0800506b   0x172  Code  Lc  ff.o [1]
dir_sdi                 0x08004975    0xc6  Code  Lc  ff.o [1]
disconnect              0x0800df21    0x56  Code  Gb  socket.o [1]
disk_initialize         0x08006171     0x4  Code  Gb  usbh_diskio.o [1]
disk_ioctl              0x080062ed    0x80  Code  Gb  usbh_diskio.o [1]
disk_read               0x08006191    0xb4  Code  Gb  usbh_diskio.o [1]
disk_status             0x08006175    0x1c  Code  Gb  usbh_diskio.o [1]
disk_write              0x08006245    0xa8  Code  Gb  usbh_diskio.o [1]
div                     0x08012d31     0xe  Code  Gb  div.o [3]
dmul                    0x08013101    0x52  Code  Lc  xdtento.o [4]
dwPolynomial            0x200000d0     0x4  Data  Gb  tcp_proc.o [1]
enable_sending_local_status
                        0x0800c879    0x86  Code  Gb  tcp_proc.o [1]
enq_lock                0x080042b7    0x26  Code  Lc  ff.o [1]
examine_checksum        0x0800c731   0x112  Code  Gb  tcp_proc.o [1]
exit                    0x080178f5     0x4  Code  Gb  exit.o [3]
f_close                 0x08005fc5    0x34  Code  Gb  ff.o [1]
f_closedir              0x080060c1    0x30  Code  Gb  ff.o [1]
f_mount                 0x08005a63    0x6a  Code  Gb  ff.o [1]
f_open                  0x08005acd   0x1ee  Code  Gb  ff.o [1]
f_opendir               0x08005ff9    0xc8  Code  Gb  ff.o [1]
f_read                  0x08005cc1   0x220  Code  Gb  ff.o [1]
f_readdir               0x080060f1    0x6a  Code  Gb  ff.o [1]
f_sync                  0x08005ee1    0xd0  Code  Gb  ff.o [1]
ff_convert              0x08006371    0x52  Code  Gb  unicode.o [1]
ff_wtoupper             0x080063c3    0x34  Code  Gb  unicode.o [1]
ff_wtoupper::tbl_lower  0x0801703c   0x1e0  Data  Lc  unicode.o [1]
ff_wtoupper::tbl_upper  0x0801721c   0x1e0  Data  Lc  unicode.o [1]
find_volume             0x0800566d   0x3b4  Code  Lc  ff.o [1]
firmware_download_proc  0x0800c485   0x10c  Code  Gb  tcp_proc.o [1]
fit_lfn                 0x08004d37    0x78  Code  Lc  ff.o [1]
follow_path             0x08005517    0x86  Code  Lc  ff.o [1]
gDATABUF                0x200092a0  0x1000  Data  Gb  tcp_proc.o [1]
gen_numname             0x08004db5    0x8e  Code  Lc  ff.o [1]
getGAR                  0x0800ff85    0x10  Code  Gb  w5500.o [1]
getIINCHIP_TxMAX        0x0800fcad     0xa  Code  Gb  w5500.o [1]
getMR                   0x0800ffd3     0xa  Code  Gb  w5500.o [1]
getRCR                  0x0801000f     0xc  Code  Gb  w5500.o [1]
getSHAR                 0x0800ffa5    0x10  Code  Gb  w5500.o [1]
getSIPR                 0x0800ffb5    0x10  Code  Gb  w5500.o [1]
getSUBR                 0x0800ff95    0x10  Code  Gb  w5500.o [1]
getSn_IR                0x0801001b    0x10  Code  Gb  w5500.o [1]
getSn_RX_RSR            0x080100a1    0x66  Code  Gb  w5500.o [1]
getSn_SR                0x0801002b    0x10  Code  Gb  w5500.o [1]
getSn_TX_FSR            0x0801003b    0x66  Code  Gb  w5500.o [1]
get_fat                 0x08004603    0xe0  Code  Gb  ff.o [1]
get_fileinfo            0x080051dd    0xe8  Code  Lc  ff.o [1]
get_ldnumber            0x0800559d    0x4a  Code  Lc  ff.o [1]
hUSBHost                0x2000aba0   0x2d0  Data  Gb  app.o [1]
hhcd                    0x2000ae70   0x2c4  Data  Gb  usbh_conf.o [1]
iinchip_init            0x0800fdd7     0xa  Code  Gb  w5500.o [1]
inc_lock                0x080042dd    0xfe  Code  Lc  ff.o [1]
init_dhcp_client        0x08011111    0x58  Code  Gb  dhcp.o [1]
init_mparams            0x0800744d    0x32  Code  Lc  dlmalloc.o [3]
init_top                0x0800747f    0x34  Code  Lc  dlmalloc.o [3]
ip_set                  0x2000bf3b     0x1  Data  Gb  dhcp.o [1]
isalpha                 0x0801359f    0x14  Code  Gb  isxxx.o [3]
isspace                 0x080135b3    0x14  Code  Gb  isxxx.o [3]
isum                    0x2000befc     0x4  Data  Gb  tcp_proc.o [1]
last_adc_read           0x2000027e     0x2  Data  Gb  misc.o [1]
ld_clust                0x08004bf9    0x24  Code  Lc  ff.o [1]
len                     0x2000bf2c     0x2  Data  Gb  tcp_proc.o [1]
listen                  0x0800dde1    0x3c  Code  Gb  socket.o [1]
local_port              0x2000bf26     0x2  Data  Lc  socket.o [1]
local_status_step       0x20000297     0x1  Data  Gb  tcp_proc.o [1]
localeconv              0x08012cff    0x16  Code  Gb  localeconv.o [3]
mPower_status           0x2000bf40     0x1  Data  Gb  misc.o [1]
mac                     0x20000030     0x8  Data  Gb  device.o [1]
main                    0x080178e7     0xe  Code  Gb  main.o [1]
makeDHCPMSG             0x0801045b   0x202  Code  Gb  dhcp.o [1]
mem_cmp                 0x080041e9    0x20  Code  Lc  ff.o [1]
mem_cpy                 0x080041c5    0x14  Code  Lc  ff.o [1]
mem_set                 0x080041d9    0x10  Code  Lc  ff.o [1]
memchr                  0x08012889          Code  Gb  memchr.o [5]
move_window             0x080044bb    0x40  Code  Lc  ff.o [1]
mparams                 0x2000be20    0x18  Data  Lc  dlmalloc.o [3]
nbuf                    0x2000ba3c   0x100  Data  Gb  misc.o [1]
network_cmd             0x20000296     0x1  Data  Gb  tcp_proc.o [1]
num                     0x2000bf2e     0x2  Data  Gb  tcp_proc.o [1]
old_mPower_status       0x2000bf41     0x1  Data  Gb  misc.o [1]
pDHCPMSG                0x2000005c     0x4  Data  Gb  dhcp.o [1]
parseDHCPMSG            0x08010e9b   0x204  Code  Gb  dhcp.o [1]
pick_lfn                0x08004ccb    0x6c  Code  Lc  ff.o [1]
por_ms                  0x20000280     0x2  Data  Gb  misc.o [1]
pos                     0x2000be98     0x4  Data  Gb  app.o [1]
pows                    0x080132b8    0x48  Data  Lc  xdtento.o [4]
ppf                     0x2000bf04     0x4  Data  Gb  tcp_proc.o [1]
ppo                     0x2000bf00     0x4  Data  Gb  tcp_proc.o [1]
prepend_alloc           0x080074b3   0x372  Code  Lc  dlmalloc.o [3]
put_fat                 0x080046e3   0x114  Code  Gb  ff.o [1]
rbuf                    0x2000b93c   0x100  Data  Gb  misc.o [1]
recv                    0x0800e067    0x3e  Code  Gb  socket.o [1]
recv_data_processing    0x0801017f    0x78  Code  Gb  w5500.o [1]
recvfrom                0x0800e1cd   0x216  Code  Gb  socket.o [1]
remove_chain            0x080047f7    0x7c  Code  Lc  ff.o [1]
renew_main_voltage      0x0800f3ad    0x76  Code  Gb  misc.o [1]
reset_DHCP_timeout      0x08010397    0x1a  Code  Gb  dhcp.o [1]
response_checksum_error
                        0x0800c691    0x26  Code  Gb  tcp_proc.o [1]
response_malformat_error
                        0x0800c6bd    0x26  Code  Gb  tcp_proc.o [1]
rxsize                  0x20000028     0x8  Data  Gb  device.o [1]
segment_holding         0x08007431    0x1c  Code  Lc  dlmalloc.o [3]
send                    0x0800df81    0xe6  Code  Gb  socket.o [1]
send_DHCP_DECLINE       0x08010c4d   0x24e  Code  Gb  dhcp.o [1]
send_DHCP_DISCOVER      0x0801065d   0x220  Code  Gb  dhcp.o [1]
send_DHCP_REQUEST       0x0801087d   0x3d0  Code  Gb  dhcp.o [1]
send_data_processing    0x08010107    0x78  Code  Gb  w5500.o [1]
sending_local_status    0x0800c59d    0xf4  Code  Gb  tcp_proc.o [1]
sendto                  0x0800e0a5   0x128  Code  Gb  socket.o [1]
setGAR                  0x0800ff45    0x10  Code  Gb  w5500.o [1]
setMR                   0x0800ffc5     0xe  Code  Gb  w5500.o [1]
setRCR                  0x0800ffff    0x10  Code  Gb  w5500.o [1]
setRTR                  0x0800ffdd    0x22  Code  Gb  w5500.o [1]
setSHAR                 0x0800ff65    0x10  Code  Gb  w5500.o [1]
setSIPR                 0x0800ff75    0x10  Code  Gb  w5500.o [1]
setSUBR                 0x0800ff55    0x10  Code  Gb  w5500.o [1]
setSn_IR                0x080101f7    0x12  Code  Gb  w5500.o [1]
set_adau1452_SPI_mode   0x0800d38b    0x7c  Code  Gb  spix.o [1]
set_network             0x0800d98d    0xbe  Code  Gb  device.o [1]
sir                     0x2000bf4a     0x1  Data  Gb  tcp_proc.o [1]
sk_close                0x0800ddaf    0x32  Code  Gb  socket.o [1]
socket                  0x0800dcd5    0xda  Code  Gb  socket.o [1]
spi2_one_byte_inout     0x0800d28d    0x2e  Code  Gb  spix.o [1]
spi3_flash_device       0x0800d58f    0x46  Code  Gb  spix.o [1]
spi3_flash_enwrite      0x0800d615    0x20  Code  Gb  spix.o [1]
spi3_flash_erase        0x0800d635    0xa4  Code  Gb  spix.o [1]
spi3_flash_read         0x0800d74b    0x58  Code  Gb  spix.o [1]
spi3_flash_status1      0x0800d5d5    0x2e  Code  Gb  spix.o [1]
spi3_flash_write        0x0800d7a3    0x7a  Code  Gb  spix.o [1]
spi3_one_byte_inout     0x0800d561    0x2e  Code  Gb  spix.o [1]
sprintf                 0x0800dc69    0x34  Code  Gb  sprintf.o [3]
st_clust                0x08004c1d    0x18  Code  Lc  ff.o [1]
strcat                  0x0800e3e3    0x1c  Code  Gb  strcat.o [3]
strchr                  0x08012871          Code  Gb  strchr.o [5]
strcspn                 0x080113e3    0x24  Code  Gb  strcspn.o [3]
strlen                  0x0800dc9d          Code  Gb  strlen.o [5]
strncmp                 0x080127d5    0x2c  Code  Gb  strncmp.o [3]
strspn                  0x080113bf    0x24  Code  Gb  strspn.o [3]
strtok                  0x0800db59    0x4c  Code  Gb  strtok.o [3]
sum_sfn                 0x08004e43    0x20  Code  Lc  ff.o [1]
switch_dsp_volume       0x0800f985    0x98  Code  Gb  misc.o [1]
switch_limiter          0x0800f8fd    0x66  Code  Gb  misc.o [1]
sync_fs                 0x080044fb    0xea  Code  Lc  ff.o [1]
sync_window             0x08004459    0x62  Code  Lc  ff.o [1]
sys_alloc               0x08007825   0x388  Code  Lc  dlmalloc.o [3]
sysinit                 0x0800fde1   0x158  Code  Gb  w5500.o [1]
tcp_change_eqen_status  0x0800c219    0x74  Code  Gb  tcp_proc.o [1]
tcp_change_onoff_status
                        0x0800c3d9    0x56  Code  Gb  tcp_proc.o [1]
tcp_change_preset_select
                        0x0800c291    0x72  Code  Gb  tcp_proc.o [1]
tcp_change_speaker_delay
                        0x0800bef5    0x44  Code  Gb  tcp_proc.o [1]
tcp_change_speaker_eqparams
                        0x0800c1c9    0x50  Code  Gb  tcp_proc.o [1]
tcp_change_speaker_name
                        0x0800be51    0x4a  Code  Gb  tcp_proc.o [1]
tcp_change_standby_delay
                        0x0800be9b    0x5a  Code  Gb  tcp_proc.o [1]
tcp_change_trim_level   0x0800bf39    0xf6  Code  Gb  tcp_proc.o [1]
tcp_client_proc         0x0800d015    0x70  Code  Gb  tcp_proc.o [1]
tcp_init                0x0800b74b    0x54  Code  Gb  tcp_proc.o [1]
tcp_listen_proc         0x0800cf51    0xac  Code  Gb  tcp_proc.o [1]
tcp_listenport          0x20000288     0x2  Data  Gb  tcp_proc.o [1]
tcp_outputport          0x2000028a     0x2  Data  Gb  tcp_proc.o [1]
tcp_proc                0x0800d175     0xc  Code  Gb  tcp_proc.o [1]
tcp_response_unknown_message
                        0x0800c6e3    0x26  Code  Gb  tcp_proc.o [1]
tcp_send_eqen_status    0x0800bce5    0x4c  Code  Gb  tcp_proc.o [1]
tcp_send_firmware_info  0x0800be27    0x26  Code  Gb  tcp_proc.o [1]
tcp_send_onoff_status   0x0800c3a5    0x2a  Code  Gb  tcp_proc.o [1]
tcp_send_preset_select  0x0800b9b3    0x96  Code  Gb  tcp_proc.o [1]
tcp_send_speaker_available
                        0x0800b8bd    0x9a  Code  Gb  tcp_proc.o [1]
tcp_send_speaker_delay  0x0800bad9    0x78  Code  Gb  tcp_proc.o [1]
tcp_send_speaker_eqparams
                        0x0800bd35    0xf2  Code  Gb  tcp_proc.o [1]
tcp_send_speaker_name   0x0800b957    0x5c  Code  Gb  tcp_proc.o [1]
tcp_send_standby_delay  0x0800ba55    0x78  Code  Gb  tcp_proc.o [1]
tcp_send_trim_level     0x0800bb55    0x8e  Code  Gb  tcp_proc.o [1]
tcp_state               0x2000bf48     0x1  Data  Gb  tcp_proc.o [1]
tcplisten_opened        0x2000bf49     0x1  Data  Gb  tcp_proc.o [1]
tim2_init               0x0800efb9    0x48  Code  Gb  misc.o [1]
tim2x                   0x2000006c     0x4  Data  Gb  misc.o [1]
timx                    0x20000070     0x4  Data  Gb  misc.o [1]
tmalloc_large           0x08007bb9   0x380  Code  Lc  dlmalloc.o [3]
tmalloc_small           0x08007f39   0x206  Code  Lc  dlmalloc.o [3]
tmp                     0x2000bf38     0x1  Data  Gb  device.o [1]
tsum                    0x2000bef8     0x4  Data  Gb  tcp_proc.o [1]
ttx                     0x2000bedc     0x4  Data  Gb  stm32f1xx_hal_spi.o [1]
txsize                  0x20000020     0x8  Data  Gb  device.o [1]
udp_localport           0x20000286     0x2  Data  Gb  tcp_proc.o [1]
uwTick                  0x2000bed4     0x4  Data  Gb  stm32f1xx_hal.o [1]
uwTickFreq              0x20000295     0x1  Data  Gb  stm32f1xx_hal.o [1]
uwTickPrio              0x200000c8     0x4  Data  Gb  stm32f1xx_hal.o [1]
validate                0x08005a21    0x42  Code  Lc  ff.o [1]
wait_1ms                0x0800f001    0x12  Code  Gb  misc.o [1]
wait_300ms_power_stable
                        0x0800f5a5    0x42  Code  Gb  misc.o [1]
wiz_read_buf            0x0800fd8b    0x4c  Code  Gb  w5500.o [1]
wiz_write_buf           0x0800fd3d    0x4e  Code  Gb  w5500.o [1]
xx                      0x2000be78     0xc  Data  Gb  device.o [1]
xx0                     0x20000038     0x4  Data  Gb  device.o [1]
xx1                     0x2000003c     0x4  Data  Gb  device.o [1]
xx2                     0x20000040     0x4  Data  Gb  device.o [1]
xxt                     0x2000bed8     0x4  Data  Gb  stm32f1xx_hal.o [1]


[1] = D:\Rick's workspace\Santa Monica\KALI Santa Monica A6 20200630\EWARM\Debug\Obj
[2] = command line
[3] = dl7M_tlf.a
[4] = m7M_tl.a
[5] = rt7M_tl.a
[6] = shb_l.a

  65 784 bytes of readonly  code memory
  32 213 bytes of readonly  data memory
  48 966 bytes of readwrite data memory

Errors: none
Warnings: none
