###############################################################################
#
# IAR ELF Linker V7.80.2.11947/W32 for ARM                30/Jun/2020  10:18:52
# Copyright 2007-2016 IAR Systems AB.
#
#    Output file  =  
#        D:\Rick's workspace\Santa Monica\KALI Santa Monica A6
#        20200630\EWARM\Debug\Exe\kali_sm_a5_20200608.out
#    Map file     =  
#        D:\Rick's workspace\Santa Monica\KALI Santa Monica A6
#        20200630\EWARM\Debug\List\kali_sm_a5_20200608.map
#    Command line =  
#        "D:\Rick's workspace\Santa Monica\KALI Santa Monica A6
#        20200630\EWARM\Debug\Obj\app.o" "D:\Rick's workspace\Santa Monica\KALI
#        Santa Monica A6 20200630\EWARM\Debug\Obj\biquads.o" "D:\Rick's
#        workspace\Santa Monica\KALI Santa Monica A6
#        20200630\EWARM\Debug\Obj\device.o" "D:\Rick's workspace\Santa
#        Monica\KALI Santa Monica A6 20200630\EWARM\Debug\Obj\dhcp.o"
#        "D:\Rick's workspace\Santa Monica\KALI Santa Monica A6
#        20200630\EWARM\Debug\Obj\ff.o" "D:\Rick's workspace\Santa Monica\KALI
#        Santa Monica A6 20200630\EWARM\Debug\Obj\file_operations.o" "D:\Rick's
#        workspace\Santa Monica\KALI Santa Monica A6
#        20200630\EWARM\Debug\Obj\main.o" "D:\Rick's workspace\Santa
#        Monica\KALI Santa Monica A6 20200630\EWARM\Debug\Obj\misc.o"
#        "D:\Rick's workspace\Santa Monica\KALI Santa Monica A6
#        20200630\EWARM\Debug\Obj\PresetEQ.o" "D:\Rick's workspace\Santa
#        Monica\KALI Santa Monica A6 20200630\EWARM\Debug\Obj\socket.o"
#        "D:\Rick's workspace\Santa Monica\KALI Santa Monica A6
#        20200630\EWARM\Debug\Obj\sockutil.o" "D:\Rick's workspace\Santa
#        Monica\KALI Santa Monica A6 20200630\EWARM\Debug\Obj\spix.o"
#        "D:\Rick's workspace\Santa Monica\KALI Santa Monica A6
#        20200630\EWARM\Debug\Obj\startup_stm32f107xc.o" "D:\Rick's
#        workspace\Santa Monica\KALI Santa Monica A6
#        20200630\EWARM\Debug\Obj\stm32f1xx_hal.o" "D:\Rick's workspace\Santa
#        Monica\KALI Santa Monica A6
#        20200630\EWARM\Debug\Obj\stm32f1xx_hal_can.o" "D:\Rick's
#        workspace\Santa Monica\KALI Santa Monica A6
#        20200630\EWARM\Debug\Obj\stm32f1xx_hal_cec.o" "D:\Rick's
#        workspace\Santa Monica\KALI Santa Monica A6
#        20200630\EWARM\Debug\Obj\stm32f1xx_hal_cortex.o" "D:\Rick's
#        workspace\Santa Monica\KALI Santa Monica A6
#        20200630\EWARM\Debug\Obj\stm32f1xx_hal_crc.o" "D:\Rick's
#        workspace\Santa Monica\KALI Santa Monica A6
#        20200630\EWARM\Debug\Obj\stm32f1xx_hal_dac.o" "D:\Rick's
#        workspace\Santa Monica\KALI Santa Monica A6
#        20200630\EWARM\Debug\Obj\stm32f1xx_hal_dac_ex.o" "D:\Rick's
#        workspace\Santa Monica\KALI Santa Monica A6
#        20200630\EWARM\Debug\Obj\stm32f1xx_hal_eth.o" "D:\Rick's
#        workspace\Santa Monica\KALI Santa Monica A6
#        20200630\EWARM\Debug\Obj\stm32f1xx_hal_exti.o" "D:\Rick's
#        workspace\Santa Monica\KALI Santa Monica A6
#        20200630\EWARM\Debug\Obj\stm32f1xx_hal_flash.o" "D:\Rick's
#        workspace\Santa Monica\KALI Santa Monica A6
#        20200630\EWARM\Debug\Obj\stm32f1xx_hal_flash_ex.o" "D:\Rick's
#        workspace\Santa Monica\KALI Santa Monica A6
#        20200630\EWARM\Debug\Obj\stm32f1xx_hal_gpio.o" "D:\Rick's
#        workspace\Santa Monica\KALI Santa Monica A6
#        20200630\EWARM\Debug\Obj\stm32f1xx_hal_gpio_ex.o" "D:\Rick's
#        workspace\Santa Monica\KALI Santa Monica A6
#        20200630\EWARM\Debug\Obj\stm32f1xx_hal_hcd.o" "D:\Rick's
#        workspace\Santa Monica\KALI Santa Monica A6
#        20200630\EWARM\Debug\Obj\stm32f1xx_hal_i2c.o" "D:\Rick's
#        workspace\Santa Monica\KALI Santa Monica A6
#        20200630\EWARM\Debug\Obj\stm32f1xx_hal_i2s.o" "D:\Rick's
#        workspace\Santa Monica\KALI Santa Monica A6
#        20200630\EWARM\Debug\Obj\stm32f1xx_hal_irda.o" "D:\Rick's
#        workspace\Santa Monica\KALI Santa Monica A6
#        20200630\EWARM\Debug\Obj\stm32f1xx_hal_iwdg.o" "D:\Rick's
#        workspace\Santa Monica\KALI Santa Monica A6
#        20200630\EWARM\Debug\Obj\stm32f1xx_hal_mmc.o" "D:\Rick's
#        workspace\Santa Monica\KALI Santa Monica A6
#        20200630\EWARM\Debug\Obj\stm32f1xx_hal_msp_template.o" "D:\Rick's
#        workspace\Santa Monica\KALI Santa Monica A6
#        20200630\EWARM\Debug\Obj\stm32f1xx_hal_nand.o" "D:\Rick's
#        workspace\Santa Monica\KALI Santa Monica A6
#        20200630\EWARM\Debug\Obj\stm32f1xx_hal_nor.o" "D:\Rick's
#        workspace\Santa Monica\KALI Santa Monica A6
#        20200630\EWARM\Debug\Obj\stm32f1xx_hal_pccard.o" "D:\Rick's
#        workspace\Santa Monica\KALI Santa Monica A6
#        20200630\EWARM\Debug\Obj\stm32f1xx_hal_pcd.o" "D:\Rick's
#        workspace\Santa Monica\KALI Santa Monica A6
#        20200630\EWARM\Debug\Obj\stm32f1xx_hal_pcd_ex.o" "D:\Rick's
#        workspace\Santa Monica\KALI Santa Monica A6
#        20200630\EWARM\Debug\Obj\stm32f1xx_hal_pwr.o" "D:\Rick's
#        workspace\Santa Monica\KALI Santa Monica A6
#        20200630\EWARM\Debug\Obj\stm32f1xx_hal_rcc.o" "D:\Rick's
#        workspace\Santa Monica\KALI Santa Monica A6
#        20200630\EWARM\Debug\Obj\stm32f1xx_hal_rcc_ex.o" "D:\Rick's
#        workspace\Santa Monica\KALI Santa Monica A6
#        20200630\EWARM\Debug\Obj\stm32f1xx_hal_rtc.o" "D:\Rick's
#        workspace\Santa Monica\KALI Santa Monica A6
#        20200630\EWARM\Debug\Obj\stm32f1xx_hal_rtc_ex.o" "D:\Rick's
#        workspace\Santa Monica\KALI Santa Monica A6
#        20200630\EWARM\Debug\Obj\stm32f1xx_hal_sd.o" "D:\Rick's
#        workspace\Santa Monica\KALI Santa Monica A6
#        20200630\EWARM\Debug\Obj\stm32f1xx_hal_smartcard.o" "D:\Rick's
#        workspace\Santa Monica\KALI Santa Monica A6
#        20200630\EWARM\Debug\Obj\stm32f1xx_hal_spi.o" "D:\Rick's
#        workspace\Santa Monica\KALI Santa Monica A6
#        20200630\EWARM\Debug\Obj\stm32f1xx_hal_sram.o" "D:\Rick's
#        workspace\Santa Monica\KALI Santa Monica A6
#        20200630\EWARM\Debug\Obj\stm32f1xx_hal_tim.o" "D:\Rick's
#        workspace\Santa Monica\KALI Santa Monica A6
#        20200630\EWARM\Debug\Obj\stm32f1xx_hal_uart.o" "D:\Rick's
#        workspace\Santa Monica\KALI Santa Monica A6
#        20200630\EWARM\Debug\Obj\stm32f1xx_hal_usart.o" "D:\Rick's
#        workspace\Santa Monica\KALI Santa Monica A6
#        20200630\EWARM\Debug\Obj\stm32f1xx_hal_wwdg.o" "D:\Rick's
#        workspace\Santa Monica\KALI Santa Monica A6
#        20200630\EWARM\Debug\Obj\stm32f1xx_it.o" "D:\Rick's workspace\Santa
#        Monica\KALI Santa Monica A6
#        20200630\EWARM\Debug\Obj\stm32f1xx_ll_adc.o" "D:\Rick's
#        workspace\Santa Monica\KALI Santa Monica A6
#        20200630\EWARM\Debug\Obj\stm32f1xx_ll_crc.o" "D:\Rick's
#        workspace\Santa Monica\KALI Santa Monica A6
#        20200630\EWARM\Debug\Obj\stm32f1xx_ll_dma.o" "D:\Rick's
#        workspace\Santa Monica\KALI Santa Monica A6
#        20200630\EWARM\Debug\Obj\stm32f1xx_ll_tim.o" "D:\Rick's
#        workspace\Santa Monica\KALI Santa Monica A6
#        20200630\EWARM\Debug\Obj\stm32f1xx_ll_usb.o" "D:\Rick's
#        workspace\Santa Monica\KALI Santa Monica A6
#        20200630\EWARM\Debug\Obj\system_stm32f1xx.o" "D:\Rick's
#        workspace\Santa Monica\KALI Santa Monica A6
#        20200630\EWARM\Debug\Obj\tcp_proc.o" "D:\Rick's workspace\Santa
#        Monica\KALI Santa Monica A6 20200630\EWARM\Debug\Obj\ult.o" "D:\Rick's
#        workspace\Santa Monica\KALI Santa Monica A6
#        20200630\EWARM\Debug\Obj\unicode.o" "D:\Rick's workspace\Santa
#        Monica\KALI Santa Monica A6 20200630\EWARM\Debug\Obj\usbh_conf.o"
#        "D:\Rick's workspace\Santa Monica\KALI Santa Monica A6
#        20200630\EWARM\Debug\Obj\usbh_core.o" "D:\Rick's workspace\Santa
#        Monica\KALI Santa Monica A6 20200630\EWARM\Debug\Obj\usbh_ctlreq.o"
#        "D:\Rick's workspace\Santa Monica\KALI Santa Monica A6
#        20200630\EWARM\Debug\Obj\usbh_diskio.o" "D:\Rick's workspace\Santa
#        Monica\KALI Santa Monica A6 20200630\EWARM\Debug\Obj\usbh_ioreq.o"
#        "D:\Rick's workspace\Santa Monica\KALI Santa Monica A6
#        20200630\EWARM\Debug\Obj\usbh_msc.o" "D:\Rick's workspace\Santa
#        Monica\KALI Santa Monica A6 20200630\EWARM\Debug\Obj\usbh_msc_bot.o"
#        "D:\Rick's workspace\Santa Monica\KALI Santa Monica A6
#        20200630\EWARM\Debug\Obj\usbh_msc_scsi.o" "D:\Rick's workspace\Santa
#        Monica\KALI Santa Monica A6 20200630\EWARM\Debug\Obj\usbh_pipes.o"
#        "D:\Rick's workspace\Santa Monica\KALI Santa Monica A6
#        20200630\EWARM\Debug\Obj\w5500.o" --redirect _Printf=_PrintfFull
#        --redirect _Scanf=_ScanfFull -o "D:\Rick's workspace\Santa Monica\KALI
#        Santa Monica A6 20200630\EWARM\Debug\Exe\kali_sm_a5_20200608.out"
#        --map "D:\Rick's workspace\Santa Monica\KALI Santa Monica A6
#        20200630\EWARM\Debug\List\kali_sm_a5_20200608.map" --config "D:\Rick's
#        workspace\Santa Monica\KALI Santa Monica A6
#        20200630\EWARM\stm32f107xc_flash.icf" --semihosting --entry
#        __iar_program_start --vfe
#
###############################################################################

*******************************************************************************
*** RUNTIME MODEL ATTRIBUTES
***

CppFlavor                     = *
__Heap_Handler                = DLMalloc
__SystemLibrary               = DLib
__dlib_dynamic_initialization = normal


*******************************************************************************
*** PLACEMENT SUMMARY
***

"A0":  place at 0x08000000 { ro section .intvec };
"P1":  place in [from 0x08000000 to 0x0803ffff] { ro };
"P2":  place in [from 0x20000000 to 0x2000ffff] { rw, block CSTACK, block HEAP };
initialize by copy { rw };

  Section             Kind        Address     Size  Object
  -------             ----        -------     ----  ------
"A0":                                        0x150
  .intvec             ro code  0x08000000    0x150  startup_stm32f107xc.o [1]
                             - 0x08000150    0x150

"P1":                                      0x17ef8
  .rodata             const    0x08000150   0x405c  misc.o [1]
  .text               ro code  0x080041ac   0x1fac  ff.o [1]
  .text               ro code  0x08006158    0x200  usbh_diskio.o [1]
  .text               ro code  0x08006358     0x94  unicode.o [1]
  .text               ro code  0x080063ec    0x920  usbh_msc.o [1]
  .text               ro code  0x08006d0c     0x76  ABImemcpy_unaligned.o [5]
  .text               ro code  0x08006d82      0xa  xsprout.o [3]
  .text               ro code  0x08006d8c    0x68a  usbh_core.o [1]
  .text               ro code  0x08007418   0x14f4  dlmalloc.o [3]
  .text               ro code  0x0800890c     0x66  ABImemset.o [5]
  .text               ro code  0x08008972     0xa6  usbh_pipes.o [1]
  .text               ro code  0x08008a18    0x380  usbh_msc_bot.o [1]
  .text               ro code  0x08008d98    0x2d0  usbh_conf.o [1]
  .text               ro code  0x08009068    0x59e  usbh_ctlreq.o [1]
  .text               ro code  0x08009606    0x3d6  usbh_msc_scsi.o [1]
  .text               ro code  0x080099dc      0x6  abort.o [3]
  .text               ro code  0x080099e4     0x2c  xgetmemchunk.o [3]
  .text               ro code  0x08009a10     0xd0  usbh_ioreq.o [1]
  .text               ro code  0x08009ae0    0x22a  stm32f1xx_hal_gpio.o [1]
  .text               ro code  0x08009d0c    0x124  stm32f1xx_hal_cortex.o [1]
  .text               ro code  0x08009e30   0x102e  stm32f1xx_hal_hcd.o [1]
  .text               ro code  0x0800ae60     0x40  stm32f1xx_hal.o [1]
  .text               ro code  0x0800aea0     0x14  exit.o [6]
  .text               ro code  0x0800aeb4    0x826  stm32f1xx_ll_usb.o [1]
  .text               ro code  0x0800b6dc      0xc  stm32f1xx_hal.o [1]
  .text               ro code  0x0800b6e8     0x30  iarttio.o [6]
  .text               ro code  0x0800b718      0x8  XShttio.o [3]
  .text               ro code  0x0800b720   0x199c  tcp_proc.o [1]
  .text               ro code  0x0800d0bc    0x814  spix.o [1]
  .text               ro code  0x0800d8d0    0x104  device.o [1]
  .text               ro code  0x0800d9d4     0x42  strcmp_unaligned.o [5]
  .text               ro code  0x0800da18     0x4c  strtok.o [3]
  .text               ro code  0x0800da64     0x7e  ult.o [1]
  .text               ro code  0x0800dae4     0x44  strcpy_unaligned.o [5]
  .text               ro code  0x0800db28     0x34  sprintf.o [3]
  .text               ro code  0x0800db5c     0x36  strlen.o [5]
  .text               ro code  0x0800db94    0x70e  socket.o [1]
  .text               ro code  0x0800e2a2     0x1c  strcat.o [3]
  .text               ro code  0x0800e2c0     0x30  I32ToDbl.o [4]
  .text               ro code  0x0800e2f0    0x256  DblDiv.o [4]
  .text               ro code  0x0800e546      0x8  atof.o [4]
  .text               ro code  0x0800e550     0x20  DblCmpEq.o [4]
  .text               ro code  0x0800e570    0x1a2  DblMul.o [4]
  .text               ro code  0x0800e714     0x58  DblToI32.o [4]
  .text               ro code  0x0800e76c     0x2e  DblCmpGe.o [4]
  .text               ro code  0x0800e79c     0x2e  DblCmpLe.o [4]
  .text               ro code  0x0800e7cc   0x120c  misc.o [1]
  .text               ro code  0x0800f9d8    0x520  w5500.o [1]
  .text               ro code  0x0800fef8    0x10e  stm32f1xx_hal_spi.o [1]
  .text               ro code  0x08010008     0x3c  stm32f1xx_hal.o [1]
  .text               ro code  0x08010044    0xfd0  dhcp.o [1]
  .text               ro code  0x08011014      0x2  xtls.o [3]
  .text               ro code  0x08011016     0x24  strspn.o [3]
  .text               ro code  0x0801103a     0x24  strcspn.o [3]
  .text               ro code  0x08011060   0x119a  xprintffull.o [3]
  .text               ro code  0x080121fc    0x14c  xstod.o [4]
  .text               ro code  0x08012348     0xe4  stm32f1xx_ll_adc.o [1]
  .text               ro code  0x0801242c     0x2c  strncmp.o [3]
  .text               ro code  0x08012458      0x2  stm32f1xx_hal_spi.o [1]
  .text               ro code  0x0801245c     0x4c  stm32f1xx_hal.o [1]
  .text               ro code  0x080124a8      0x2  stm32f1xx_hal_msp_template.o [1]
  .text               ro code  0x080124aa     0x20  xmbtowc.o [3]
  .text               ro code  0x080124cc     0x16  strchr.o [5]
  .text               ro code  0x080124e4     0x58  memchr.o [5]
  .text               ro code  0x0801253c      0xa  xmbcurmax.o [3]
  .text               ro code  0x08012546     0x1a  xwctomb.o [3]
  .text               ro code  0x08012560     0xee  I64DivMod.o [5]
  .text               ro code  0x0801264e     0x44  xdnorm.o [4]
  .text               ro code  0x08012694    0x10c  xdscale.o [4]
  .text               ro code  0x080127a0    0x180  DblSub.o [4]
  .text               ro code  0x08012920     0x6c  localeconv.o [3]
  .text               ro code  0x0801298c      0xe  div.o [3]
  .text               ro code  0x0801299a    0x122  xstopfx.o [3]
  .text               ro code  0x08012abc    0x1b8  xstoflt.o [3]
  .text               ro code  0x08012c74     0xe8  DblAdd.o [4]
  .rodata             const    0x08012d5c     0x34  tcp_proc.o [1]
  .text               ro code  0x08012d90    0x200  xdtento.o [4]
  .text               ro code  0x08012f90    0x218  xstoxflt.o [3]
  .text               ro code  0x080131a8     0x24  setlocale.o [3]
  .text               ro code  0x080131cc     0x60  xencoding_sb.o [3]
  .text               ro code  0x0801322c      0x2  I64DivZer.o [5]
  .text               ro code  0x0801322e     0x28  isxxx.o [3]
  .text               ro code  0x08013256     0x56  xdunscal.o [4]
  .text               ro code  0x080132ac      0xc  errno.o [3]
  .text               ro code  0x080132b8     0x16  xlocale_c.o [3]
  .text               ro code  0x080132ce     0x14  xlocale_c.o [3]
  .rodata             const    0x080132e4   0x1880  misc.o [1]
  .rodata             const    0x08014b64   0x16b0  misc.o [1]
  .rodata             const    0x08016214    0x800  PresetEQ.o [1]
  .text               ro code  0x08016a14    0x5b0  app.o [1]
  .text               ro code  0x08016fc4    0x160  system_stm32f1xx.o [1]
  .text               ro code  0x08017124    0x114  biquads.o [1]
  .rodata             const    0x08017238    0x1e0  unicode.o [1]
  .rodata             const    0x08017418    0x1e0  unicode.o [1]
  .rodata             const    0x080175f8    0x164  misc.o [1]
  .rodata             const    0x0801775c    0x100  unicode.o [1]
  .rodata             const    0x0801785c     0x80  ff.o [1]
  .text               ro code  0x080178dc     0x78  lz77_init_single.o [5]
  .text               ro code  0x08017954     0x40  zero_init3.o [5]
  .text               ro code  0x08017994     0x38  stm32f1xx_it.o [1]
  .text               ro code  0x080179cc     0x18  stm32f1xx_hal.o [1]
  .text               ro code  0x080179e4     0x28  data_init.o [5]
  .rodata             const    0x08017a0c     0x24  tcp_proc.o [1]
  .iar.init_table     const    0x08017a30     0x20  - Linker created -
  .rodata             const    0x08017a50     0x20  tcp_proc.o [1]
  .text               ro code  0x08017a70     0x1a  cmain.o [5]
  .text               ro code  0x08017a8a      0x4  low_level_init.o [3]
  .text               ro code  0x08017a8e      0xe  main.o [1]
  .text               ro code  0x08017a9c      0x4  exit.o [3]
  .text               ro code  0x08017aa0      0xa  cexit.o [5]
  .rodata             const    0x08017aac     0x18  tcp_proc.o [1]
  .rodata             const    0x08017ac4     0x18  tcp_proc.o [1]
  .rodata             const    0x08017adc     0x18  tcp_proc.o [1]
  .rodata             const    0x08017af4     0x14  device.o [1]
  .rodata             const    0x08017b08     0x14  dhcp.o [1]
  .rodata             const    0x08017b1c     0x14  tcp_proc.o [1]
  .rodata             const    0x08017b30     0x14  tcp_proc.o [1]
  .rodata             const    0x08017b44     0x14  tcp_proc.o [1]
  .rodata             const    0x08017b58     0x14  tcp_proc.o [1]
  .rodata             const    0x08017b6c     0x14  tcp_proc.o [1]
  .rodata             const    0x08017b80     0x14  tcp_proc.o [1]
  .rodata             const    0x08017b94     0x14  tcp_proc.o [1]
  .rodata             const    0x08017ba8     0x14  tcp_proc.o [1]
  .rodata             const    0x08017bbc     0x14  tcp_proc.o [1]
  .rodata             const    0x08017bd0     0x14  tcp_proc.o [1]
  .rodata             const    0x08017be4     0x14  tcp_proc.o [1]
  .rodata             const    0x08017bf8     0x14  tcp_proc.o [1]
  .rodata             const    0x08017c0c     0x14  tcp_proc.o [1]
  .rodata             const    0x08017c20     0x14  tcp_proc.o [1]
  .rodata             const    0x08017c34     0x14  tcp_proc.o [1]
  .rodata             const    0x08017c48     0x14  tcp_proc.o [1]
  .rodata             const    0x08017c5c     0x14  tcp_proc.o [1]
  .rodata             const    0x08017c70     0x10  ff.o [1]
  .rodata             const    0x08017c80     0x10  system_stm32f1xx.o [1]
  .rodata             const    0x08017c90     0x10  tcp_proc.o [1]
  .rodata             const    0x08017ca0     0x10  tcp_proc.o [1]
  .rodata             const    0x08017cb0     0x10  tcp_proc.o [1]
  .rodata             const    0x08017cc0     0x10  tcp_proc.o [1]
  .rodata             const    0x08017cd0     0x10  tcp_proc.o [1]
  .rodata             const    0x08017ce0     0x10  tcp_proc.o [1]
  .rodata             const    0x08017cf0     0x10  tcp_proc.o [1]
  .rodata             const    0x08017d00     0x10  tcp_proc.o [1]
  .rodata             const    0x08017d10     0x10  tcp_proc.o [1]
  .rodata             const    0x08017d20     0x10  tcp_proc.o [1]
  .rodata             const    0x08017d30     0x10  tcp_proc.o [1]
  .rodata             const    0x08017d40     0x10  tcp_proc.o [1]
  .rodata             const    0x08017d50     0x10  tcp_proc.o [1]
  .rodata             const    0x08017d60     0x10  tcp_proc.o [1]
  .text               ro code  0x08017d70     0x10  startup_stm32f107xc.o [1]
  .rodata             const    0x08017d80      0xc  ff.o [1]
  .rodata             const    0x08017d8c      0xc  tcp_proc.o [1]
  .rodata             const    0x08017d98      0xc  tcp_proc.o [1]
  .rodata             const    0x08017da4      0xc  tcp_proc.o [1]
  .rodata             const    0x08017db0      0xc  tcp_proc.o [1]
  .rodata             const    0x08017dbc      0xc  tcp_proc.o [1]
  .rodata             const    0x08017dc8      0xc  tcp_proc.o [1]
  .rodata             const    0x08017dd4      0xc  tcp_proc.o [1]
  .rodata             const    0x08017de0      0xc  tcp_proc.o [1]
  .rodata             const    0x08017dec      0xc  tcp_proc.o [1]
  .rodata             const    0x08017df8      0xc  tcp_proc.o [1]
  .rodata             const    0x08017e04      0xc  tcp_proc.o [1]
  .rodata             const    0x08017e10      0xc  tcp_proc.o [1]
  .rodata             const    0x08017e1c      0xc  tcp_proc.o [1]
  .text               ro code  0x08017e28      0xc  cstartup_M.o [5]
  .rodata             const    0x08017e34      0x8  ff.o [1]
  .rodata             const    0x08017e3c      0x8  misc.o [1]
  .rodata             const    0x08017e44      0x8  tcp_proc.o [1]
  .rodata             const    0x08017e4c      0x8  tcp_proc.o [1]
  .rodata             const    0x08017e54      0x8  tcp_proc.o [1]
  .rodata             const    0x08017e5c      0x8  tcp_proc.o [1]
  .rodata             const    0x08017e64      0x8  tcp_proc.o [1]
  .rodata             const    0x08017e6c      0x4  usbh_msc.o [1]
  .text               ro code  0x08017e70      0x4  startup_stm32f107xc.o [1]
  .text               ro code  0x08017e74      0x4  startup_stm32f107xc.o [1]
  .text               ro code  0x08017e78      0x4  startup_stm32f107xc.o [1]
  .text               ro code  0x08017e7c      0x4  startup_stm32f107xc.o [1]
  .text               ro code  0x08017e80      0x4  startup_stm32f107xc.o [1]
  .text               ro code  0x08017e84      0x4  startup_stm32f107xc.o [1]
  .text               ro code  0x08017e88      0x4  startup_stm32f107xc.o [1]
  .text               ro code  0x08017e8c      0x4  startup_stm32f107xc.o [1]
  .text               ro code  0x08017e90      0x4  startup_stm32f107xc.o [1]
  .text               ro code  0x08017e94      0x4  startup_stm32f107xc.o [1]
  .text               ro code  0x08017e98      0x4  startup_stm32f107xc.o [1]
  .text               ro code  0x08017e9c      0x4  startup_stm32f107xc.o [1]
  .text               ro code  0x08017ea0      0x4  startup_stm32f107xc.o [1]
  .text               ro code  0x08017ea4      0x4  startup_stm32f107xc.o [1]
  .text               ro code  0x08017ea8      0x4  startup_stm32f107xc.o [1]
  .text               ro code  0x08017eac      0x4  startup_stm32f107xc.o [1]
  .text               ro code  0x08017eb0      0x4  startup_stm32f107xc.o [1]
  .text               ro code  0x08017eb4      0x4  startup_stm32f107xc.o [1]
  .text               ro code  0x08017eb8      0x4  startup_stm32f107xc.o [1]
  .text               ro code  0x08017ebc      0x4  startup_stm32f107xc.o [1]
  .text               ro code  0x08017ec0      0x4  startup_stm32f107xc.o [1]
  .text               ro code  0x08017ec4      0x4  startup_stm32f107xc.o [1]
  .text               ro code  0x08017ec8      0x4  startup_stm32f107xc.o [1]
  .text               ro code  0x08017ecc      0x4  startup_stm32f107xc.o [1]
  .text               ro code  0x08017ed0      0x4  startup_stm32f107xc.o [1]
  .text               ro code  0x08017ed4      0x4  startup_stm32f107xc.o [1]
  .text               ro code  0x08017ed8      0x4  startup_stm32f107xc.o [1]
  .text               ro code  0x08017edc      0x4  startup_stm32f107xc.o [1]
  .text               ro code  0x08017ee0      0x4  startup_stm32f107xc.o [1]
  .text               ro code  0x08017ee4      0x4  startup_stm32f107xc.o [1]
  .text               ro code  0x08017ee8      0x4  startup_stm32f107xc.o [1]
  .text               ro code  0x08017eec      0x4  startup_stm32f107xc.o [1]
  .text               ro code  0x08017ef0      0x4  startup_stm32f107xc.o [1]
  .text               ro code  0x08017ef4      0x4  startup_stm32f107xc.o [1]
  .text               ro code  0x08017ef8      0x4  startup_stm32f107xc.o [1]
  .text               ro code  0x08017efc      0x4  startup_stm32f107xc.o [1]
  .text               ro code  0x08017f00      0x4  startup_stm32f107xc.o [1]
  .text               ro code  0x08017f04      0x4  startup_stm32f107xc.o [1]
  .text               ro code  0x08017f08      0x4  startup_stm32f107xc.o [1]
  .text               ro code  0x08017f0c      0x4  startup_stm32f107xc.o [1]
  .text               ro code  0x08017f10      0x4  startup_stm32f107xc.o [1]
  .text               ro code  0x08017f14      0x4  startup_stm32f107xc.o [1]
  .text               ro code  0x08017f18      0x4  startup_stm32f107xc.o [1]
  .text               ro code  0x08017f1c      0x4  startup_stm32f107xc.o [1]
  .text               ro code  0x08017f20      0x4  startup_stm32f107xc.o [1]
  .text               ro code  0x08017f24      0x4  startup_stm32f107xc.o [1]
  .text               ro code  0x08017f28      0x4  startup_stm32f107xc.o [1]
  .text               ro code  0x08017f2c      0x4  startup_stm32f107xc.o [1]
  .text               ro code  0x08017f30      0x4  startup_stm32f107xc.o [1]
  .text               ro code  0x08017f34      0x4  startup_stm32f107xc.o [1]
  .text               ro code  0x08017f38      0x4  startup_stm32f107xc.o [1]
  .text               ro code  0x08017f3c      0x4  startup_stm32f107xc.o [1]
  .text               ro code  0x08017f40      0x4  startup_stm32f107xc.o [1]
  .text               ro code  0x08017f44      0x4  startup_stm32f107xc.o [1]
  .text               ro code  0x08017f48      0x4  startup_stm32f107xc.o [1]
  .rodata             const    0x08017f4c      0x0  zero_init3.o [5]
  .rodata             const    0x08017f4c      0x0  lz77_init_single.o [5]
  Initializer bytes   const    0x08017f4c     0xfc  <for P2-1>
                             - 0x08018048  0x17ef8

"P2", part 1 of 3:                           0x27f
  P2-1                         0x20000000    0x27f  <Init block>
    .data             inited   0x20000000      0x4  app.o [1]
    .data             inited   0x20000004      0x4  app.o [1]
    .data             inited   0x20000008      0x4  app.o [1]
    .data             inited   0x2000000c      0x4  app.o [1]
    .data             inited   0x20000010      0x4  app.o [1]
    .data             inited   0x20000014      0x4  app.o [1]
    .data             inited   0x20000018      0x4  app.o [1]
    .data             inited   0x2000001c      0x4  app.o [1]
    .data             inited   0x20000020      0x8  device.o [1]
    .data             inited   0x20000028      0x8  device.o [1]
    .data             inited   0x20000030      0x8  device.o [1]
    .data             inited   0x20000038      0x4  dhcp.o [1]
    .data             inited   0x2000003c      0x4  dhcp.o [1]
    .data             inited   0x20000040      0x4  dhcp.o [1]
    .data             inited   0x20000044      0x4  dhcp.o [1]
    .data             inited   0x20000048      0x4  dhcp.o [1]
    .data             inited   0x2000004c      0x4  dhcp.o [1]
    .data             inited   0x20000050      0x4  dhcp.o [1]
    .data             inited   0x20000054      0x4  misc.o [1]
    .data             inited   0x20000058      0x4  misc.o [1]
    .data             inited   0x2000005c     0x30  misc.o [1]
    .data             inited   0x2000008c     0x10  misc.o [1]
    .data             inited   0x2000009c      0x4  misc.o [1]
    .data             inited   0x200000a0      0x4  misc.o [1]
    .data             inited   0x200000a4      0xc  misc.o [1]
    .data             inited   0x200000b0      0x4  stm32f1xx_hal.o [1]
    .data             inited   0x200000b4      0x4  system_stm32f1xx.o [1]
    .data             inited   0x200000b8      0x4  tcp_proc.o [1]
    .data             inited   0x200000bc     0x20  usbh_msc.o [1]
    .data             inited   0x200000dc      0x8  XShttio.o [3]
    __DLIB_PERTHREAD  inited   0x200000e4      0x4  strtok.o [3]
    __DLIB_PERTHREAD  inited   0x200000e8      0x4  errno.o [3]
    __DLIB_PERTHREAD  inited   0x200000ec     0x88  localeconv.o [3]
    __DLIB_PERTHREAD  inited   0x20000174     0x74  setlocale.o [3]
    .data             inited   0x200001e8      0x2  app.o [1]
    .data             inited   0x200001ea      0x2  misc.o [1]
    .data             inited   0x200001ec      0x2  misc.o [1]
    .data             inited   0x200001ee      0x2  misc.o [1]
    .data             inited   0x200001f0      0x2  misc.o [1]
    .data             inited   0x200001f2      0x2  misc.o [1]
    .data             inited   0x200001f4      0x2  misc.o [1]
    .data             inited   0x200001f6      0x2  misc.o [1]
    .data             inited   0x200001f8      0x2  misc.o [1]
    .data             inited   0x200001fa      0x2  misc.o [1]
    .data             inited   0x200001fc      0x2  misc.o [1]
    .data             inited   0x200001fe      0x2  misc.o [1]
    .data             inited   0x20000200      0x2  misc.o [1]
    .data             inited   0x20000202      0x2  misc.o [1]
    .data             inited   0x20000204      0x2  misc.o [1]
    .data             inited   0x20000206      0x2  misc.o [1]
    .data             inited   0x20000208      0x2  misc.o [1]
    .data             inited   0x2000020a      0x2  misc.o [1]
    .data             inited   0x2000020c      0x2  misc.o [1]
    .data             inited   0x2000020e      0x2  misc.o [1]
    .data             inited   0x20000210      0x2  misc.o [1]
    .data             inited   0x20000212      0x2  misc.o [1]
    .data             inited   0x20000214      0x2  misc.o [1]
    .data             inited   0x20000216      0x2  misc.o [1]
    .data             inited   0x20000218      0x2  misc.o [1]
    .data             inited   0x2000021a      0x2  misc.o [1]
    .data             inited   0x2000021c      0x2  misc.o [1]
    .data             inited   0x2000021e      0x2  misc.o [1]
    .data             inited   0x20000220      0x2  misc.o [1]
    .data             inited   0x20000222      0x2  misc.o [1]
    .data             inited   0x20000224      0x2  misc.o [1]
    .data             inited   0x20000226      0x2  misc.o [1]
    .data             inited   0x20000228      0x2  misc.o [1]
    .data             inited   0x2000022a      0x2  misc.o [1]
    .data             inited   0x2000022c      0x2  misc.o [1]
    .data             inited   0x2000022e      0x2  misc.o [1]
    .data             inited   0x20000230      0x2  misc.o [1]
    .data             inited   0x20000232      0x2  misc.o [1]
    .data             inited   0x20000234      0x2  misc.o [1]
    .data             inited   0x20000236      0x2  misc.o [1]
    .data             inited   0x20000238      0x2  misc.o [1]
    .data             inited   0x2000023a      0x2  misc.o [1]
    .data             inited   0x2000023c      0x2  misc.o [1]
    .data             inited   0x2000023e      0x2  misc.o [1]
    .data             inited   0x20000240      0x2  misc.o [1]
    .data             inited   0x20000242      0x2  misc.o [1]
    .data             inited   0x20000244      0x2  misc.o [1]
    .data             inited   0x20000246      0x2  misc.o [1]
    .data             inited   0x20000248      0x2  misc.o [1]
    .data             inited   0x2000024a      0x2  misc.o [1]
    .data             inited   0x2000024c      0x2  misc.o [1]
    .data             inited   0x2000024e      0x2  misc.o [1]
    .data             inited   0x20000250      0x2  misc.o [1]
    .data             inited   0x20000252      0x2  misc.o [1]
    .data             inited   0x20000254      0x2  misc.o [1]
    .data             inited   0x20000256      0x2  misc.o [1]
    .data             inited   0x20000258      0x2  misc.o [1]
    .data             inited   0x2000025a      0x2  misc.o [1]
    .data             inited   0x2000025c      0x2  misc.o [1]
    .data             inited   0x2000025e      0x2  misc.o [1]
    .data             inited   0x20000260      0x2  misc.o [1]
    .data             inited   0x20000262      0x2  misc.o [1]
    .data             inited   0x20000264      0x2  misc.o [1]
    .data             inited   0x20000266      0x2  misc.o [1]
    .data             inited   0x20000268      0x2  misc.o [1]
    .data             inited   0x2000026a      0x2  misc.o [1]
    .data             inited   0x2000026c      0x2  tcp_proc.o [1]
    .data             inited   0x2000026e      0x2  tcp_proc.o [1]
    .data             inited   0x20000270      0x2  tcp_proc.o [1]
    .data             inited   0x20000272      0x1  misc.o [1]
    .data             inited   0x20000273      0x1  misc.o [1]
    .data             inited   0x20000274      0x1  misc.o [1]
    .data             inited   0x20000275      0x1  misc.o [1]
    .data             inited   0x20000276      0x1  misc.o [1]
    .data             inited   0x20000277      0x1  misc.o [1]
    .data             inited   0x20000278      0x1  misc.o [1]
    .data             inited   0x20000279      0x1  misc.o [1]
    .data             inited   0x2000027a      0x1  misc.o [1]
    .data             inited   0x2000027b      0x1  stm32f1xx_hal.o [1]
    .data             inited   0x2000027c      0x1  tcp_proc.o [1]
    .data             inited   0x2000027d      0x1  tcp_proc.o [1]
    .data             inited   0x2000027e      0x1  tcp_proc.o [1]
                             - 0x2000027f    0x27f

"P2", part 2 of 3:                          0x9000
  CSTACK                       0x20000280   0x1000  <Block>
    CSTACK            uninit   0x20000280   0x1000  <Block tail>
  HEAP                         0x20001280   0x8000  <Block>
    HEAP              uninit   0x20001280   0x8000  <Block tail>
                             - 0x20009280   0x9000

"P2", part 3 of 3:                          0x2d90
  .bss                zero     0x20009280   0x1000  tcp_proc.o [1]
  .bss                zero     0x2000a280    0x800  biquads.o [1]
  .bss                zero     0x2000aa80    0x400  dhcp.o [1]
  .bss                zero     0x2000ae80    0x2d0  app.o [1]
  .bss                zero     0x2000b150    0x2c4  usbh_conf.o [1]
  .bss                zero     0x2000b414    0x230  file_operations.o [1]
  .bss                zero     0x2000b644    0x200  ff.o [1]
  .bss                zero     0x2000b844    0x1d8  dlmalloc.o [3]
  .bss                zero     0x2000ba1c    0x100  misc.o [1]
  .bss                zero     0x2000bb1c    0x100  misc.o [1]
  .bss                zero     0x2000bc1c    0x100  misc.o [1]
  .bss                zero     0x2000bd1c     0x80  misc.o [1]
  .bss                zero     0x2000bd9c     0x58  spix.o [1]
  .bss                zero     0x2000bdf4     0x58  spix.o [1]
  .bss                zero     0x2000be4c     0x58  spix.o [1]
  .bss                zero     0x2000bea4     0x24  device.o [1]
  .bss                zero     0x2000bec8     0x20  tcp_proc.o [1]
  .bss                zero     0x2000bee8     0x18  ff.o [1]
  .bss                zero     0x2000bf00     0x18  dlmalloc.o [3]
  .bss                zero     0x2000bf18     0x10  dhcp.o [1]
  .bss                zero     0x2000bf28     0x10  tcp_proc.o [1]
  .bss                zero     0x2000bf38     0x10  w5500.o [1]
  .bss                zero     0x2000bf48     0x10  w5500.o [1]
  .bss                zero     0x2000bf58      0x8  misc.o [1]
  .bss                zero     0x2000bf60      0x4  app.o [1]
  .bss                zero     0x2000bf64      0x4  app.o [1]
  .bss                zero     0x2000bf68      0x4  app.o [1]
  .bss                zero     0x2000bf6c      0x4  app.o [1]
  .bss                zero     0x2000bf70      0x4  biquads.o [1]
  .bss                zero     0x2000bf74      0x4  dhcp.o [1]
  .bss                zero     0x2000bf78      0x4  dhcp.o [1]
  .bss                zero     0x2000bf7c      0x4  dhcp.o [1]
  .bss                zero     0x2000bf80      0x4  dhcp.o [1]
  .bss                zero     0x2000bf84      0x4  dhcp.o [1]
  .bss                zero     0x2000bf88      0x4  dhcp.o [1]
  .bss                zero     0x2000bf8c      0x4  dhcp.o [1]
  .bss                zero     0x2000bf90      0x4  dhcp.o [1]
  .bss                zero     0x2000bf94      0x4  ff.o [1]
  .bss                zero     0x2000bf98      0x4  misc.o [1]
  .bss                zero     0x2000bf9c      0x4  stm32f1xx_hal.o [1]
  .bss                zero     0x2000bfa0      0x4  stm32f1xx_hal.o [1]
  .bss                zero     0x2000bfa4      0x4  stm32f1xx_hal_spi.o [1]
  .bss                zero     0x2000bfa8      0x4  stm32f1xx_ll_usb.o [1]
  .bss                zero     0x2000bfac      0x4  tcp_proc.o [1]
  .bss                zero     0x2000bfb0      0x4  tcp_proc.o [1]
  .bss                zero     0x2000bfb4      0x4  tcp_proc.o [1]
  .bss                zero     0x2000bfb8      0x4  tcp_proc.o [1]
  .bss                zero     0x2000bfbc      0x4  tcp_proc.o [1]
  .bss                zero     0x2000bfc0      0x4  tcp_proc.o [1]
  .bss                zero     0x2000bfc4      0x4  tcp_proc.o [1]
  .bss                zero     0x2000bfc8      0x4  tcp_proc.o [1]
  .bss                zero     0x2000bfcc      0x4  tcp_proc.o [1]
  .bss                zero     0x2000bfd0      0x4  usbh_core.o [1]
  .bss                zero     0x2000bfd4      0x4  xgetmemchunk.o [3]
  .bss                zero     0x2000bfd8      0x2  ff.o [1]
  .bss                zero     0x2000bfda      0x2  misc.o [1]
  .bss                zero     0x2000bfdc      0x2  misc.o [1]
  .bss                zero     0x2000bfde      0x2  misc.o [1]
  .bss                zero     0x2000bfe0      0x2  misc.o [1]
  .bss                zero     0x2000bfe2      0x2  misc.o [1]
  .bss                zero     0x2000bfe4      0x2  misc.o [1]
  .bss                zero     0x2000bfe6      0x2  misc.o [1]
  .bss                zero     0x2000bfe8      0x2  misc.o [1]
  .bss                zero     0x2000bfea      0x2  misc.o [1]
  .bss                zero     0x2000bfec      0x2  socket.o [1]
  .bss                zero     0x2000bfee      0x2  tcp_proc.o [1]
  .bss                zero     0x2000bff0      0x2  tcp_proc.o [1]
  .bss                zero     0x2000bff2      0x2  tcp_proc.o [1]
  .bss                zero     0x2000bff4      0x2  tcp_proc.o [1]
  .bss                zero     0x2000bff6      0x2  tcp_proc.o [1]
  .bss                zero     0x2000bff8      0x2  tcp_proc.o [1]
  .bss                zero     0x2000bffa      0x1  app.o [1]
  .bss                zero     0x2000bffb      0x1  app.o [1]
  .bss                zero     0x2000bffc      0x1  device.o [1]
  .bss                zero     0x2000bffd      0x1  dhcp.o [1]
  .bss                zero     0x2000bffe      0x1  dhcp.o [1]
  .bss                zero     0x2000bfff      0x1  misc.o [1]
  .bss                zero     0x2000c000      0x1  misc.o [1]
  .bss                zero     0x2000c001      0x1  misc.o [1]
  .bss                zero     0x2000c002      0x1  misc.o [1]
  .bss                zero     0x2000c003      0x1  misc.o [1]
  .bss                zero     0x2000c004      0x1  misc.o [1]
  .bss                zero     0x2000c005      0x1  socket.o [1]
  .bss                zero     0x2000c006      0x1  spix.o [1]
  .bss                zero     0x2000c007      0x1  spix.o [1]
  .bss                zero     0x2000c008      0x1  spix.o [1]
  .bss                zero     0x2000c009      0x1  spix.o [1]
  .bss                zero     0x2000c00a      0x1  tcp_proc.o [1]
  .bss                zero     0x2000c00b      0x1  tcp_proc.o [1]
  .bss                zero     0x2000c00c      0x1  tcp_proc.o [1]
  .bss                zero     0x2000c00d      0x1  tcp_proc.o [1]
  .bss                zero     0x2000c00e      0x1  usbh_msc.o [1]
  .bss                zero     0x2000c00f      0x1  usbh_msc.o [1]
                             - 0x2000c010   0x2d90


*******************************************************************************
*** INIT TABLE
***

          Address     Size
          -------     ----
Zero (__iar_zero_init3)
    1 destination range, total size 0x2d90:
          0x20009280  0x2d90

Copy/lz77 (__iar_lz77_init_single3)
    1 source range, total size 0xfc (39% of destination):
          0x08017f4c    0xfc
    1 destination range, total size 0x27f:
          0x20000000   0x27f



*******************************************************************************
*** MODULE SUMMARY
***

    Module                        ro code  ro data  rw data
    ------                        -------  -------  -------
D:\Rick's workspace\Santa Monica\KALI Santa Monica A6 20200630\EWARM\Debug\Obj: [1]
    PresetEQ.o                               2 048
    app.o                           1 456       13      772
    biquads.o                         276             2 052
    device.o                          260       30       61
    dhcp.o                          4 048       31    1 102
    ff.o                            8 108      164      542
    file_operations.o                                   560
    main.o                             14
    misc.o                          4 620   29 011    1 163
    socket.o                        1 806                 3
    spix.o                          2 068               268
    startup_stm32f107xc.o             572
    stm32f1xx_hal.o                   236        1       13
    stm32f1xx_hal_cortex.o            292
    stm32f1xx_hal_gpio.o              554
    stm32f1xx_hal_hcd.o             4 142
    stm32f1xx_hal_msp_template.o        2
    stm32f1xx_hal_spi.o               272                 4
    stm32f1xx_it.o                     56
    stm32f1xx_ll_adc.o                228
    stm32f1xx_ll_usb.o              2 086                 4
    system_stm32f1xx.o                352       18        4
    tcp_proc.o                      6 556      957    4 209
    ult.o                             126
    unicode.o                         148    1 216
    usbh_conf.o                       720               708
    usbh_core.o                     1 674                 4
    usbh_ctlreq.o                   1 438
    usbh_diskio.o                     512
    usbh_ioreq.o                      208
    usbh_msc.o                      2 336       16       34
    usbh_msc_bot.o                    896
    usbh_msc_scsi.o                   982
    usbh_pipes.o                      166
    w5500.o                         1 312                32
    -------------------------------------------------------
    Total:                         48 522   33 505   11 535

command line: [2]
    -------------------------------------------------------
    Total:

dl7M_tlf.a: [3]
    XShttio.o                           8        3        8
    abort.o                             6
    div.o                              14
    dlmalloc.o                      5 364               496
    errno.o                            12        2        4
    exit.o                              4
    isxxx.o                            40
    localeconv.o                      108       53      136
    low_level_init.o                    4
    setlocale.o                        36       46      116
    sprintf.o                          52
    strcat.o                           28
    strcspn.o                          36
    strncmp.o                          44
    strspn.o                           36
    strtok.o                           76        2        4
    xencoding_sb.o                     96
    xgetmemchunk.o                     44                 4
    xlocale_c.o                        42
    xmbcurmax.o                        10
    xmbtowc.o                          32
    xprintffull.o                   4 506
    xsprout.o                          10
    xstoflt.o                         440
    xstopfx.o                         290
    xstoxflt.o                        536
    xtls.o                              2
    xwctomb.o                          26
    -------------------------------------------------------
    Total:                         11 902      106      768

m7M_tl.a: [4]
    DblAdd.o                          232
    DblCmpEq.o                         32
    DblCmpGe.o                         46
    DblCmpLe.o                         46
    DblDiv.o                          598
    DblMul.o                          418
    DblSub.o                          384
    DblToI32.o                         88
    I32ToDbl.o                         48
    atof.o                              8
    xdnorm.o                           68
    xdscale.o                         268
    xdtento.o                         512
    xdunscal.o                         86
    xstod.o                           332
    -------------------------------------------------------
    Total:                          3 166

rt7M_tl.a: [5]
    ABImemcpy_unaligned.o             118
    ABImemset.o                       102
    I64DivMod.o                       238
    I64DivZer.o                         2
    cexit.o                            10
    cmain.o                            26
    cstartup_M.o                       12
    data_init.o                        40
    lz77_init_single.o                120
    memchr.o                           88
    strchr.o                           22
    strcmp_unaligned.o                 66
    strcpy_unaligned.o                 68
    strlen.o                           54
    zero_init3.o                       64
    -------------------------------------------------------
    Total:                          1 030

shb_l.a: [6]
    exit.o                             20
    iarttio.o                          48
    -------------------------------------------------------
    Total:                             68

    Gaps                               40        4
    Linker created                              33   36 864
-----------------------------------------------------------
    Grand Total:                   64 728   33 648   49 167


*******************************************************************************
*** ENTRY LIST
***

Entry                      Address    Size  Type      Object
-----                      -------    ----  ----      ------
.iar.init_table$$Base   0x08017a30           --   Gb  - Linker created -
.iar.init_table$$Limit  0x08017a50           --   Gb  - Linker created -
?main                   0x08017a71          Code  Gb  cmain.o [5]
ADAU1452_SPI_Init       0x0800d343   0x116  Code  Gb  spix.o [1]
ADC1_2_IRQHandler       0x0800f21d    0x18  Code  Gb  misc.o [1]
ADC1x                   0x2000009c     0x4  Data  Gb  misc.o [1]
ADC_FLAG                0x2000c000     0x1  Data  Gb  misc.o [1]
ADC_INPUT_Buffer        0x2000bf98     0x4  Data  Gb  misc.o [1]
ADC_value               0x2000bd1c    0x80  Data  Gb  misc.o [1]
AHBPrescTable           0x08017c80    0x10  Data  Gb  system_stm32f1xx.o [1]
ATOI                    0x0800da65    0x26  Code  Gb  ult.o [1]
ATOI32                  0x0800da8b    0x24  Code  Gb  ult.o [1]
ActiveEQ                0x2000bf70     0x4  Data  Gb  biquads.o [1]
Adjust_RGBLED           0x0800f03d    0x46  Code  Gb  misc.o [1]
Appli_state             0x2000bffa     0x1  Data  Gb  app.o [1]
Blink_EventLED          0x0800f097    0x96  Code  Gb  misc.o [1]
BusFault_Handler        0x080179a1     0x2  Code  Gb  stm32f1xx_it.o [1]
C2D                     0x0800daaf    0x34  Code  Gb  ult.o [1]
CHANNEL_OFFSET_TAB      0x08017e3c     0x8  Data  Lc  misc.o [1]
CONTROLLER_FOUND        0x2000c00a     0x1  Data  Gb  tcp_proc.o [1]
CRC32                   0x2000bfb4     0x4  Data  Gb  tcp_proc.o [1]
CRC32A                  0x2000bfb8     0x4  Data  Gb  tcp_proc.o [1]
CRC32B                  0x2000bfbc     0x4  Data  Gb  tcp_proc.o [1]
CRC_cal_proc            0x0800c37d    0x46  Code  Gb  tcp_proc.o [1]
CSTACK$$Base            0x20000280           --   Gb  - Linker created -
CSTACK$$Limit           0x20001280           --   Gb  - Linker created -
ClearMemorySpaceFor     0x0800d61f    0x72  Code  Gb  spix.o [1]
Cmd_OnOff_Get           0x0800c253    0x44  Code  Gb  tcp_proc.o [1]
Cmd_OnOff_Set           0x0800c2a1    0x40  Code  Gb  tcp_proc.o [1]
ConfigMsg               0x2000bea4    0x24  Data  Gb  device.o [1]
Control_IP              0x2000bfac     0x4  Data  Gb  tcp_proc.o [1]
CtrlRxPort              0x2000bfee     0x2  Data  Gb  tcp_proc.o [1]
CtrlTxPort              0x2000bff0     0x2  Data  Gb  tcp_proc.o [1]
CurrentDIM              0x2000c004     0x1  Data  Gb  misc.o [1]
CurrentVolStep          0x20000278     0x1  Data  Gb  misc.o [1]
DHCP_CHADDR             0x20000038     0x4  Data  Gb  dhcp.o [1]
DHCP_SIP                0x2000bf74     0x4  Data  Gb  dhcp.o [1]
DHCP_XID                0x20000040     0x4  Data  Gb  dhcp.o [1]
DHCP_allocated_dns      0x2000bf88     0x4  Data  Gb  dhcp.o [1]
DHCP_allocated_gw       0x2000bf80     0x4  Data  Gb  dhcp.o [1]
DHCP_allocated_ip       0x2000bf7c     0x4  Data  Gb  dhcp.o [1]
DHCP_allocated_sn       0x2000bf84     0x4  Data  Gb  dhcp.o [1]
DHCP_run                0x08010e11   0x1c8  Code  Gb  dhcp.o [1]
DM1_DATA_Data_IC_1      0x080132e4  0x1880  Data  Gb  misc.o [1]
DMA1_Channel1_IRQHandler
                        0x0800f235    0x1c  Code  Gb  misc.o [1]
D_ID1                   0x2000c007     0x1  Data  Gb  spix.o [1]
D_ID2                   0x2000c008     0x1  Data  Gb  spix.o [1]
DeInitStateMachine      0x08006e11    0x58  Code  Lc  usbh_core.o [1]
DeRegulate_ADAU1452_SPI
                        0x0800d459    0x4e  Code  Gb  spix.o [1]
DebugMon_Handler        0x080179a7     0x2  Code  Gb  stm32f1xx_it.o [1]
Disconnect_Controller   0x0800c843    0x48  Code  Gb  tcp_proc.o [1]
DspMasterVolume         0x0800f71d    0x42  Code  Gb  misc.o [1]
E4001_InvalidData       0x08017c20    0x14  Data  Gb  tcp_proc.o [1]
E4002_OutOfRange        0x08017c34    0x14  Data  Gb  tcp_proc.o [1]
E4003_DataToolong       0x08017c48    0x14  Data  Gb  tcp_proc.o [1]
E4004_Crc32Error        0x08017c5c    0x14  Data  Gb  tcp_proc.o [1]
E8001_Checksum          0x08017be4    0x14  Data  Gb  tcp_proc.o [1]
E8002_Unknown           0x08017bf8    0x14  Data  Gb  tcp_proc.o [1]
E8003_Malform           0x08017c0c    0x14  Data  Gb  tcp_proc.o [1]
ENC_CODE                0x2000bf64     0x4  Data  Gb  app.o [1]
ENC_CODE_NUM            0x2000bffb     0x1  Data  Gb  app.o [1]
ENC_Timeout             0x200001e8     0x2  Data  Gb  app.o [1]
EXTERN_DHCPBUF          0x2000aa80   0x400  Data  Gb  dhcp.o [1]
EXTI15_10_IRQHandler    0x080179c1     0xc  Code  Gb  stm32f1xx_it.o [1]
Enable_Peripheral_Clocks
                        0x08016c71   0x10e  Code  Gb  app.o [1]
Encoder_Loop            0x08016d95    0xb2  Code  Gb  app.o [1]
EqTypeStr               0x08017a0c    0x24  Data  Gb  tcp_proc.o [1]
Error_LED               0x0800f083     0xa  Code  Gb  misc.o [1]
ExCvt                   0x0801785c    0x80  Data  Lc  ff.o [1]
Examine_LED_Status      0x0800f8a9    0x70  Code  Gb  misc.o [1]
Explore_Disk            0x0800f379    0xf0  Code  Gb  misc.o [1]
Explore_Disk::lfn       0x2000bc1c   0x100  Data  Lc  misc.o [1]
FLASH_SPI_Init          0x0800d763    0xd4  Code  Gb  spix.o [1]
FatFs                   0x2000bf94     0x4  Data  Lc  ff.o [1]
Files                   0x2000bee8    0x18  Data  Lc  ff.o [1]
FlashColor              0x200000a0     0x4  Data  Gb  misc.o [1]
FlashCycle              0x20000279     0x1  Data  Gb  misc.o [1]
FlashPeriod             0x2000bf58     0x8  Data  Gb  misc.o [1]
FlashStep               0x2000027a     0x1  Data  Gb  misc.o [1]
Flash_Is_Busy           0x0800d549    0x12  Code  Gb  spix.o [1]
Fsid                    0x2000bfd8     0x2  Data  Lc  ff.o [1]
GPIOAx                  0x20000004     0x4  Data  Gb  app.o [1]
GPIOBx                  0x20000008     0x4  Data  Gb  app.o [1]
GPIOCx                  0x2000000c     0x4  Data  Gb  app.o [1]
GPIODx                  0x20000010     0x4  Data  Gb  app.o [1]
GPIOEx                  0x20000014     0x4  Data  Gb  app.o [1]
GPIO_Configuration      0x08016a15   0x1b6  Code  Gb  app.o [1]
HAL_Delay               0x0800ae61    0x40  Code  Wk  stm32f1xx_hal.o [1]
HAL_GPIO_EXTI_Callback  0x08009d09     0x2  Code  Wk  stm32f1xx_hal_gpio.o [1]
HAL_GPIO_EXTI_IRQHandler
                        0x08009ca9    0x1a  Code  Gb  stm32f1xx_hal_gpio.o [1]
HAL_GPIO_Init           0x08009ae1   0x1b4  Code  Gb  stm32f1xx_hal_gpio.o [1]
HAL_GPIO_WritePin       0x08009c95    0x14  Code  Gb  stm32f1xx_hal_gpio.o [1]
HAL_GetTick             0x0800b6dd     0xc  Code  Wk  stm32f1xx_hal.o [1]
HAL_GetUIDw0            0x0801002b     0x6  Code  Gb  stm32f1xx_hal.o [1]
HAL_GetUIDw1            0x08010031     0x6  Code  Gb  stm32f1xx_hal.o [1]
HAL_HCD_Connect_Callback
                        0x08008e4d    0x1c  Code  Gb  usbh_conf.o [1]
HAL_HCD_Disconnect_Callback
                        0x08008e69     0xc  Code  Gb  usbh_conf.o [1]
HAL_HCD_GetCurrentFrame
                        0x0800a37b     0xa  Code  Gb  stm32f1xx_hal_hcd.o [1]
HAL_HCD_GetCurrentSpeed
                        0x0800a385     0xa  Code  Gb  stm32f1xx_hal_hcd.o [1]
HAL_HCD_HC_GetURBState  0x0800a361     0xe  Code  Gb  stm32f1xx_hal_hcd.o [1]
HAL_HCD_HC_GetXferCount
                        0x0800a36f     0xc  Code  Gb  stm32f1xx_hal_hcd.o [1]
HAL_HCD_HC_Halt         0x08009f75    0x2c  Code  Gb  stm32f1xx_hal_hcd.o [1]
HAL_HCD_HC_Init         0x08009ea7    0xce  Code  Gb  stm32f1xx_hal_hcd.o [1]
HAL_HCD_HC_NotifyURBChange_Callback
                        0x08008e8d     0x2  Code  Gb  usbh_conf.o [1]
HAL_HCD_HC_SubmitRequest
                        0x08009fa1   0x226  Code  Gb  stm32f1xx_hal_hcd.o [1]
HAL_HCD_IRQHandler      0x0800a1c7   0x13c  Code  Gb  stm32f1xx_hal_hcd.o [1]
HAL_HCD_Init            0x08009e31    0x76  Code  Gb  stm32f1xx_hal_hcd.o [1]
HAL_HCD_MspInit         0x08008d99    0xa6  Code  Gb  usbh_conf.o [1]
HAL_HCD_PortDisabled_Callback
                        0x08008e81     0xc  Code  Gb  usbh_conf.o [1]
HAL_HCD_PortEnabled_Callback
                        0x08008e75     0xc  Code  Gb  usbh_conf.o [1]
HAL_HCD_ResetPort       0x0800a357     0xa  Code  Gb  stm32f1xx_hal_hcd.o [1]
HAL_HCD_SOF_Callback    0x08008e3f     0xc  Code  Gb  usbh_conf.o [1]
HAL_HCD_Start           0x0800a303    0x2e  Code  Gb  stm32f1xx_hal_hcd.o [1]
HAL_HCD_Stop            0x0800a331    0x26  Code  Gb  stm32f1xx_hal_hcd.o [1]
HAL_IncTick             0x080179cd    0x18  Code  Wk  stm32f1xx_hal.o [1]
HAL_Init                0x08010009    0x22  Code  Gb  stm32f1xx_hal.o [1]
HAL_InitTick            0x0801245d    0x4c  Code  Wk  stm32f1xx_hal.o [1]
HAL_MspInit             0x080124a9     0x2  Code  Gb  stm32f1xx_hal_msp_template.o [1]
HAL_NVIC_EnableIRQ      0x08009dff     0xa  Code  Gb  stm32f1xx_hal_cortex.o [1]
HAL_NVIC_SetPriority    0x08009ddd    0x22  Code  Gb  stm32f1xx_hal_cortex.o [1]
HAL_NVIC_SetPriorityGrouping
                        0x08009dd5     0x8  Code  Gb  stm32f1xx_hal_cortex.o [1]
HAL_SPI_DeInit          0x0800ffc9    0x38  Code  Gb  stm32f1xx_hal_spi.o [1]
HAL_SPI_Init            0x0800fef9    0xd0  Code  Gb  stm32f1xx_hal_spi.o [1]
HAL_SPI_MspDeInit       0x08012459     0x2  Code  Wk  stm32f1xx_hal_spi.o [1]
HAL_SPI_MspInit         0x08010005     0x2  Code  Wk  stm32f1xx_hal_spi.o [1]
HAL_SYSTICK_Config      0x08009e09     0x8  Code  Gb  stm32f1xx_hal_cortex.o [1]
HCD_HC_IN_IRQHandler    0x0800a38f   0x4dc  Code  Lc  stm32f1xx_hal_hcd.o [1]
HCD_HC_OUT_IRQHandler   0x0800a86b   0x486  Code  Lc  stm32f1xx_hal_hcd.o [1]
HCD_Port_IRQHandler     0x0800adb5    0xaa  Code  Lc  stm32f1xx_hal_hcd.o [1]
HCD_RXQLVL_IRQHandler   0x0800acf1    0xc0  Code  Lc  stm32f1xx_hal_hcd.o [1]
HEAP$$Base              0x20001280           --   Gb  - Linker created -
HEAP$$Limit             0x20009280           --   Gb  - Linker created -
HOST_NAME               0x2000bf18    0x10  Data  Gb  dhcp.o [1]
HardFault_Handler       0x08017997     0x8  Code  Gb  stm32f1xx_it.o [1]
IINCHIP_CSoff           0x0800f9e3     0xa  Code  Gb  w5500.o [1]
IINCHIP_CSon            0x0800f9ed     0xa  Code  Gb  w5500.o [1]
IINCHIP_READ            0x0800fa35    0x34  Code  Gb  w5500.o [1]
IINCHIP_SpiSendData     0x0800f9f7     0xa  Code  Gb  w5500.o [1]
IINCHIP_WRITE           0x0800fa01    0x34  Code  Gb  w5500.o [1]
Init_ADC1x              0x0800f12d    0xf0  Code  Gb  misc.o [1]
KSM_cmd                 0x2000bec8    0x20  Data  Gb  tcp_proc.o [1]
KsmAck245               0x08017d60    0x10  Data  Gb  tcp_proc.o [1]
KsmAckFirmwareInfo      0x08017adc    0x18  Data  Gb  tcp_proc.o [1]
KsmAckStr1              0x08017e1c     0xc  Data  Gb  tcp_proc.o [1]
KsmOnOffResponse        0x08017a50    0x20  Data  Gb  tcp_proc.o [1]
LL_ADC_ClearFlag_AWD1   0x0800e8f7     0x8  Code  Lc  misc.o [1]
LL_ADC_ClearFlag_EOS    0x0800e8ef     0x8  Code  Lc  misc.o [1]
LL_ADC_DMA_GetRegAddr   0x0800e80f    0x14  Code  Lc  misc.o [1]
LL_ADC_DeInit           0x0801237b    0xa8  Code  Gb  stm32f1xx_ll_adc.o [1]
LL_ADC_Disable          0x08012369     0xa  Code  Lc  stm32f1xx_ll_adc.o [1]
LL_ADC_Enable           0x0800e8c7     0xa  Code  Lc  misc.o [1]
LL_ADC_EnableIT_AWD1    0x0800e909     0xa  Code  Lc  misc.o [1]
LL_ADC_EnableIT_EOS     0x0800e8ff     0xa  Code  Lc  misc.o [1]
LL_ADC_INJ_SetTriggerSource
                        0x08012359    0x10  Code  Lc  stm32f1xx_ll_adc.o [1]
LL_ADC_IsCalibrationOnGoing
                        0x0800e8db     0xa  Code  Lc  misc.o [1]
LL_ADC_IsEnabled        0x08012373     0x8  Code  Lc  stm32f1xx_ll_adc.o [1]
LL_ADC_REG_SetDMATransfer
                        0x0800e875     0xc  Code  Lc  misc.o [1]
LL_ADC_REG_SetSequencerRanks
                        0x0800e83f    0x36  Code  Lc  misc.o [1]
LL_ADC_REG_SetTriggerSource
                        0x0800e82f    0x10  Code  Lc  misc.o [1]
LL_ADC_REG_SetTriggerSource
                        0x08012349    0x10  Code  Lc  stm32f1xx_ll_adc.o [1]
LL_ADC_REG_StartConversionSWStart
                        0x0800e8e5     0xa  Code  Lc  misc.o [1]
LL_ADC_SetChannelSamplingTime
                        0x0800e881    0x46  Code  Lc  misc.o [1]
LL_ADC_SetCommonPathInternalCh
                        0x0800e823     0xc  Code  Lc  misc.o [1]
LL_ADC_StartCalibration
                        0x0800e8d1     0xa  Code  Lc  misc.o [1]
LL_CRC_FeedData32       0x0800b72b     0x4  Code  Lc  tcp_proc.o [1]
LL_CRC_ReadData32       0x0800b72f     0x4  Code  Lc  tcp_proc.o [1]
LL_CRC_ResetCRCCalculationUnit
                        0x0800b721     0xa  Code  Lc  tcp_proc.o [1]
LL_DMA_ClearFlag_GI1    0x0800e9c7     0x6  Code  Lc  misc.o [1]
LL_DMA_ConfigAddresses  0x0800e981    0x46  Code  Lc  misc.o [1]
LL_DMA_ConfigTransfer   0x0800e935    0x24  Code  Lc  misc.o [1]
LL_DMA_EnableChannel    0x0800e913    0x22  Code  Lc  misc.o [1]
LL_DMA_EnableIT_TC      0x0800e9cd    0x22  Code  Lc  misc.o [1]
LL_DMA_SetDataLength    0x0800e959    0x28  Code  Lc  misc.o [1]
LL_TIM_ClearFlag_UPDATE
                        0x0800e7f5     0x8  Code  Lc  misc.o [1]
LL_TIM_EnableARRPreload
                        0x0800e7d7     0xa  Code  Lc  misc.o [1]
LL_TIM_EnableCounter    0x0800e7cd     0xa  Code  Lc  misc.o [1]
LL_TIM_EnableIT_UPDATE  0x0800e805     0xa  Code  Lc  misc.o [1]
LL_TIM_IsActiveFlag_UPDATE
                        0x0800e7fd     0x8  Code  Lc  misc.o [1]
LL_TIM_SetAutoReload    0x0800e7f1     0x4  Code  Lc  misc.o [1]
LL_TIM_SetClockDivision
                        0x0800e7e1     0xc  Code  Lc  misc.o [1]
LL_TIM_SetPrescaler     0x0800e7ed     0x4  Code  Lc  misc.o [1]
LfnBuf                  0x2000b644   0x200  Data  Lc  ff.o [1]
LfnOfs                  0x08017c70    0x10  Data  Lc  ff.o [1]
LoadInt                 0x080116d7    0x6e  Code  Lc  xprintffull.o [3]
Load_User_Biquads       0x08017125   0x110  Code  Gb  biquads.o [1]
LocStatus               0x2000027e     0x1  Data  Gb  tcp_proc.o [1]
LocalCtrlEnabled        0x20000277     0x1  Data  Gb  misc.o [1]
Locate_This_Speaker     0x0800c789    0x24  Code  Gb  tcp_proc.o [1]
Locate_UserEQ           0x0800bbcb    0x96  Code  Gb  tcp_proc.o [1]
MSC_InitApplication     0x08016e47    0x30  Code  Lc  app.o [1]
M_ID                    0x2000c006     0x1  Data  Gb  spix.o [1]
Main_Loop_Proc          0x08016fa5    0x20  Code  Gb  app.o [1]
MemManage_Handler       0x0801799f     0x2  Code  Gb  stm32f1xx_it.o [1]
NMI_Handler             0x08017995     0x2  Code  Gb  stm32f1xx_it.o [1]
NVIC_Enable             0x08016d7f    0x16  Code  Gb  app.o [1]
NVIC_EnableIRQ          0x08009d33    0x14  Code  Lc  stm32f1xx_hal_cortex.o [1]
NVIC_EncodePriority     0x08009d69    0x3e  Code  Lc  stm32f1xx_hal_cortex.o [1]
NVIC_GetPriorityGrouping
                        0x08009d29     0xa  Code  Lc  stm32f1xx_hal_cortex.o [1]
NVIC_SetPriority        0x08009d47    0x22  Code  Lc  stm32f1xx_hal_cortex.o [1]
NVIC_SetPriorityGrouping
                        0x08009d0d    0x1c  Code  Lc  stm32f1xx_hal_cortex.o [1]
OLD_allocated_ip        0x2000bf78     0x4  Data  Gb  dhcp.o [1]
OTG_FS_IRQHandler       0x080179b3     0xa  Code  Gb  stm32f1xx_it.o [1]
OldEQSW                 0x20000273     0x1  Data  Gb  misc.o [1]
OldEQSW1                0x20000274     0x1  Data  Gb  misc.o [1]
OldMFSW                 0x20000275     0x1  Data  Gb  misc.o [1]
OldRelDSP               0x20000276     0x1  Data  Gb  misc.o [1]
OldTmpENC               0x2000001c     0x4  Data  Gb  app.o [1]
Old_ENC_CODE            0x2000bf68     0x4  Data  Gb  app.o [1]
OnOffStr                0x08017e64     0x8  Data  Gb  tcp_proc.o [1]
PREFIX_FIRMWARE_UPGRADE
                        0x200000a4     0xc  Data  Gb  misc.o [1]
Param_Data_IC_1         0x08014b64  0x16b0  Data  Gb  misc.o [1]
PendSV_Handler          0x080179a9     0x2  Code  Gb  stm32f1xx_it.o [1]
Power_Up_Initialize     0x08016eb7    0x6c  Code  Gb  app.o [1]
PresetEQ                0x08016214   0x800  Data  Gb  PresetEQ.o [1]
Program_Data_IC_1       0x08000150  0x405c  Data  Gb  misc.o [1]
R0_SOFT_RESET_IC_1_Default
                        0x2000bfda     0x2  Data  Gb  misc.o [1]
R10_PLL_CTRL1_IC_1_Default
                        0x200001f6     0x2  Data  Gb  misc.o [1]
R11_PLL_CLK_SRC_IC_1_Default
                        0x200001f8     0x2  Data  Gb  misc.o [1]
R12_MCLK_OUT_IC_1_Default
                        0x200001fa     0x2  Data  Gb  misc.o [1]
R13_PLL_ENABLE_IC_1_Default
                        0x200001fc     0x2  Data  Gb  misc.o [1]
R14_PLL_LOCK_DELAY_IC_1_Default
                        0x200001fe     0x2  Data  Gb  misc.o [1]
R15_POWER_ENABLE0_IC_1_Default
                        0x20000200     0x2  Data  Gb  misc.o [1]
R16_POWER_ENABLE1_IC_1_Default
                        0x20000202     0x2  Data  Gb  misc.o [1]
R17_CLK_GEN1_M_IC_1_Default
                        0x20000204     0x2  Data  Gb  misc.o [1]
R18_ASRC_INPUT0_IC_1_Default
                        0x20000206     0x2  Data  Gb  misc.o [1]
R19_ASRC_OUT_RATE0_IC_1_Default
                        0x20000208     0x2  Data  Gb  misc.o [1]
R1_SOFT_RESET_IC_1_Default
                        0x200001ea     0x2  Data  Gb  misc.o [1]
R20_SOUT_SOURCE0_IC_1_Default
                        0x2000020a     0x2  Data  Gb  misc.o [1]
R21_SOUT_SOURCE1_IC_1_Default
                        0x2000020c     0x2  Data  Gb  misc.o [1]
R22_SOUT_SOURCE2_IC_1_Default
                        0x2000020e     0x2  Data  Gb  misc.o [1]
R23_SOUT_SOURCE3_IC_1_Default
                        0x20000210     0x2  Data  Gb  misc.o [1]
R24_SOUT_SOURCE4_IC_1_Default
                        0x20000212     0x2  Data  Gb  misc.o [1]
R25_SOUT_SOURCE5_IC_1_Default
                        0x20000214     0x2  Data  Gb  misc.o [1]
R26_SOUT_SOURCE6_IC_1_Default
                        0x20000216     0x2  Data  Gb  misc.o [1]
R27_SOUT_SOURCE7_IC_1_Default
                        0x20000218     0x2  Data  Gb  misc.o [1]
R28_SOUT_SOURCE8_IC_1_Default
                        0x2000021a     0x2  Data  Gb  misc.o [1]
R29_SOUT_SOURCE9_IC_1_Default
                        0x2000021c     0x2  Data  Gb  misc.o [1]
R2_RESET_DELAY_IC_1_Default
                        0x200001ec     0x2  Data  Gb  misc.o [1]
R30_SOUT_SOURCE10_IC_1_Default
                        0x2000021e     0x2  Data  Gb  misc.o [1]
R31_SOUT_SOURCE11_IC_1_Default
                        0x20000220     0x2  Data  Gb  misc.o [1]
R32_SOUT_SOURCE12_IC_1_Default
                        0x20000222     0x2  Data  Gb  misc.o [1]
R33_SOUT_SOURCE13_IC_1_Default
                        0x20000224     0x2  Data  Gb  misc.o [1]
R34_SOUT_SOURCE14_IC_1_Default
                        0x20000226     0x2  Data  Gb  misc.o [1]
R35_SOUT_SOURCE15_IC_1_Default
                        0x20000228     0x2  Data  Gb  misc.o [1]
R36_SOUT_SOURCE16_IC_1_Default
                        0x2000022a     0x2  Data  Gb  misc.o [1]
R37_SOUT_SOURCE17_IC_1_Default
                        0x2000022c     0x2  Data  Gb  misc.o [1]
R38_SOUT_SOURCE18_IC_1_Default
                        0x2000022e     0x2  Data  Gb  misc.o [1]
R39_SOUT_SOURCE19_IC_1_Default
                        0x20000230     0x2  Data  Gb  misc.o [1]
R3_HIBERNATE_IC_1_Default
                        0x2000bfdc     0x2  Data  Gb  misc.o [1]
R40_SOUT_SOURCE20_IC_1_Default
                        0x20000232     0x2  Data  Gb  misc.o [1]
R41_SOUT_SOURCE21_IC_1_Default
                        0x20000234     0x2  Data  Gb  misc.o [1]
R42_SOUT_SOURCE22_IC_1_Default
                        0x20000236     0x2  Data  Gb  misc.o [1]
R43_SOUT_SOURCE23_IC_1_Default
                        0x20000238     0x2  Data  Gb  misc.o [1]
R44_SPDIFTX_INPUT_IC_1_Default
                        0x2000023a     0x2  Data  Gb  misc.o [1]
R45_SERIAL_BYTE_0_0_IC_1_Default
                        0x2000023c     0x2  Data  Gb  misc.o [1]
R46_SERIAL_BYTE_1_0_IC_1_Default
                        0x2000023e     0x2  Data  Gb  misc.o [1]
R47_SERIAL_BYTE_2_0_IC_1_Default
                        0x20000240     0x2  Data  Gb  misc.o [1]
R48_SERIAL_BYTE_3_0_IC_1_Default
                        0x20000242     0x2  Data  Gb  misc.o [1]
R49_SERIAL_BYTE_4_0_IC_1_Default
                        0x20000244     0x2  Data  Gb  misc.o [1]
R4_HIBERNATE_IC_1_Default
                        0x200001ee     0x2  Data  Gb  misc.o [1]
R50_SERIAL_BYTE_5_0_IC_1_Default
                        0x20000246     0x2  Data  Gb  misc.o [1]
R51_SERIAL_BYTE_6_0_IC_1_Default
                        0x20000248     0x2  Data  Gb  misc.o [1]
R52_SERIAL_BYTE_7_0_IC_1_Default
                        0x2000024a     0x2  Data  Gb  misc.o [1]
R53_SPDIF_RX_CTRL_IC_1_Default
                        0x2000024c     0x2  Data  Gb  misc.o [1]
R54_SPDIF_RESTART_IC_1_Default
                        0x2000024e     0x2  Data  Gb  misc.o [1]
R55_SPDIF_TX_EN_IC_1_Default
                        0x20000250     0x2  Data  Gb  misc.o [1]
R59_KILL_CORE_IC_1_Default
                        0x2000bfe2     0x2  Data  Gb  misc.o [1]
R5_HIBERNATE_DELAY_IC_1_Default
                        0x200001f0     0x2  Data  Gb  misc.o [1]
R60_START_ADDRESS_IC_1_Default
                        0x2000bfe4     0x2  Data  Gb  misc.o [1]
R61_START_PULSE_IC_1_Default
                        0x20000252     0x2  Data  Gb  misc.o [1]
R62_START_CORE_IC_1_Default
                        0x2000bfe6     0x2  Data  Gb  misc.o [1]
R63_START_CORE_IC_1_Default
                        0x20000254     0x2  Data  Gb  misc.o [1]
R64_START_DELAY_IC_1_Default
                        0x20000256     0x2  Data  Gb  misc.o [1]
R65_HIBERNATE_IC_1_Default
                        0x2000bfe8     0x2  Data  Gb  misc.o [1]
R6_KILL_CORE_IC_1_Default
                        0x2000bfde     0x2  Data  Gb  misc.o [1]
R7_KILL_CORE_IC_1_Default
                        0x200001f2     0x2  Data  Gb  misc.o [1]
R8_PLL_ENABLE_IC_1_Default
                        0x2000bfe0     0x2  Data  Gb  misc.o [1]
R9_PLL_CTRL0_IC_1_Default
                        0x200001f4     0x2  Data  Gb  misc.o [1]
RCCx                    0x20000000     0x4  Data  Gb  app.o [1]
RGB_DUTY                0x2000005c    0x30  Data  Gb  misc.o [1]
RSIZE                   0x2000bf48    0x10  Data  Lc  w5500.o [1]
Region$$Table$$Base     0x08017a30           --   Gb  - Linker created -
Region$$Table$$Limit    0x08017a50           --   Gb  - Linker created -
SIGMA_WRITE_DELAY       0x0800d2b1    0x16  Code  Gb  spix.o [1]
SIGMA_WRITE_REGISTER_BLOCK
                        0x0800d1f7    0x5c  Code  Gb  spix.o [1]
SIGMA_WRITE_REGISTER_UINT32
                        0x0800d253    0x5e  Code  Gb  spix.o [1]
SPI1_W5500              0x2000bd9c    0x58  Data  Gb  spix.o [1]
SPI1_W5500_SendByte     0x0800d85d    0x26  Code  Gb  spix.o [1]
SPI2_adau1452           0x2000bdf4    0x58  Data  Gb  spix.o [1]
SPI3_FLASH              0x2000be4c    0x58  Data  Gb  spix.o [1]
SR1                     0x2000c009     0x1  Data  Gb  spix.o [1]
SSIZE                   0x2000bf38    0x10  Data  Lc  w5500.o [1]
SVC_Handler             0x080179a5     0x2  Code  Gb  stm32f1xx_it.o [1]
SpkMessageStr           0x08012d5c    0x34  Data  Gb  tcp_proc.o [1]
Switch_LED              0x0800f08d     0xa  Code  Gb  misc.o [1]
Switch_PE0to8           0x0800f343    0x36  Code  Gb  misc.o [1]
SysTick_Config          0x08009da7    0x2e  Code  Lc  stm32f1xx_hal_cortex.o [1]
SysTick_Handler         0x080179ab     0x8  Code  Gb  stm32f1xx_it.o [1]
SystemClock_Config      0x08016bcb    0xa6  Code  Gb  app.o [1]
SystemConfig            0x2000bf28    0x10  Data  Gb  tcp_proc.o [1]
SystemCoreClock         0x200000b4     0x4  Data  Gb  system_stm32f1xx.o [1]
SystemCoreClockUpdate   0x08017025    0xd0  Code  Gb  system_stm32f1xx.o [1]
SystemInit              0x08016fc5    0x60  Code  Gb  system_stm32f1xx.o [1]
SystemLedColor          0x2000bfff     0x1  Data  Gb  misc.o [1]
TIM1_Init               0x0800ee07    0x66  Code  Gb  misc.o [1]
TIM1_UP_IRQHandler      0x0800ee6d     0xc  Code  Gb  misc.o [1]
TIM2_IRQHandler         0x0800eed3   0x16a  Code  Gb  misc.o [1]
Tbl                     0x0801775c   0x100  Data  Lc  unicode.o [1]
TmpENC                  0x20000018     0x4  Data  Gb  app.o [1]
UDP_LISTEN              0x0800cdfb    0x6c  Code  Gb  tcp_proc.o [1]
USBH_AllocPipe          0x0800899f    0x2e  Code  Gb  usbh_pipes.o [1]
USBH_BulkReceiveData    0x08009abd    0x24  Code  Gb  usbh_ioreq.o [1]
USBH_BulkSendData       0x08009a8b    0x32  Code  Gb  usbh_ioreq.o [1]
USBH_ClosePipe          0x08008993     0xc  Code  Gb  usbh_pipes.o [1]
USBH_ClrFeature         0x080091d5    0x26  Code  Gb  usbh_ctlreq.o [1]
USBH_CtlReceiveData     0x08009a67    0x24  Code  Gb  usbh_ioreq.o [1]
USBH_CtlReq             0x080093b3    0x5e  Code  Gb  usbh_ctlreq.o [1]
USBH_CtlSendData        0x08009a35    0x32  Code  Gb  usbh_ioreq.o [1]
USBH_CtlSendSetup       0x08009a11    0x24  Code  Gb  usbh_ioreq.o [1]
USBH_DeInit             0x08006ddd    0x34  Code  Gb  usbh_core.o [1]
USBH_Delay              0x08009061     0x8  Code  Gb  usbh_conf.o [1]
USBH_FindInterface      0x08006eb9    0x5c  Code  Gb  usbh_core.o [1]
USBH_FreePipe           0x080089cd    0x22  Code  Gb  usbh_pipes.o [1]
USBH_GetDescriptor      0x08009129    0x3c  Code  Gb  usbh_ctlreq.o [1]
USBH_GetFreePipe        0x080089ef    0x2a  Code  Lc  usbh_pipes.o [1]
USBH_GetNextDesc        0x080093a5     0xe  Code  Gb  usbh_ctlreq.o [1]
USBH_Get_CfgDesc        0x080090ad    0x3c  Code  Gb  usbh_ctlreq.o [1]
USBH_Get_DevDesc        0x08009069    0x44  Code  Gb  usbh_ctlreq.o [1]
USBH_Get_StringDesc     0x080090e9    0x40  Code  Gb  usbh_ctlreq.o [1]
USBH_HandleControl      0x08009411   0x1f6  Code  Lc  usbh_ctlreq.o [1]
USBH_HandleEnum         0x080071bd   0x188  Code  Lc  usbh_core.o [1]
USBH_HandleSof          0x0800737b    0x3e  Code  Lc  usbh_core.o [1]
USBH_Init               0x08006d8d    0x50  Code  Gb  usbh_core.o [1]
USBH_LL_ClosePipe       0x08008f6b    0x10  Code  Gb  usbh_conf.o [1]
USBH_LL_Connect         0x080073d1    0x16  Code  Gb  usbh_core.o [1]
USBH_LL_Disconnect      0x080073e7    0x30  Code  Gb  usbh_core.o [1]
USBH_LL_DriverVBUS      0x08008faf    0x2c  Code  Gb  usbh_conf.o [1]
USBH_LL_GetLastXferSize
                        0x08008f39     0xe  Code  Gb  usbh_conf.o [1]
USBH_LL_GetSpeed        0x08008eff    0x2c  Code  Gb  usbh_conf.o [1]
USBH_LL_GetToggle       0x08009011    0x38  Code  Gb  usbh_conf.o [1]
USBH_LL_GetURBState     0x08008fa1     0xe  Code  Gb  usbh_conf.o [1]
USBH_LL_IncTimer        0x0800734b    0x30  Code  Gb  usbh_core.o [1]
USBH_LL_Init            0x08008e8f    0x54  Code  Gb  usbh_conf.o [1]
USBH_LL_OpenPipe        0x08008f47    0x24  Code  Gb  usbh_conf.o [1]
USBH_LL_PortDisabled    0x080073c9     0x8  Code  Gb  usbh_core.o [1]
USBH_LL_PortEnabled     0x080073c1     0x8  Code  Gb  usbh_core.o [1]
USBH_LL_ResetPort       0x08008f2b     0xe  Code  Gb  usbh_conf.o [1]
USBH_LL_SetTimer        0x08007345     0x6  Code  Gb  usbh_core.o [1]
USBH_LL_SetToggle       0x08008fdb    0x36  Code  Gb  usbh_conf.o [1]
USBH_LL_Start           0x08008ee3     0xe  Code  Gb  usbh_conf.o [1]
USBH_LL_Stop            0x08008ef1     0xe  Code  Gb  usbh_conf.o [1]
USBH_LL_SubmitURB       0x08008f7b    0x26  Code  Gb  usbh_conf.o [1]
USBH_MSC_BOT_Abort      0x08008d07    0x30  Code  Lc  usbh_msc_bot.o [1]
USBH_MSC_BOT_Init       0x08008a57    0x1e  Code  Gb  usbh_msc_bot.o [1]
USBH_MSC_BOT_Process    0x08008a75   0x292  Code  Gb  usbh_msc_bot.o [1]
USBH_MSC_BOT_REQ_GetMaxLUN
                        0x08008a39    0x1e  Code  Gb  usbh_msc_bot.o [1]
USBH_MSC_BOT_REQ_Reset  0x08008a19    0x20  Code  Gb  usbh_msc_bot.o [1]
USBH_MSC_ClassRequest   0x080065cf    0x92  Code  Lc  usbh_msc.o [1]
USBH_MSC_DecodeCSW      0x08008d37    0x54  Code  Lc  usbh_msc_bot.o [1]
USBH_MSC_GetLUNInfo     0x08006b71    0x2e  Code  Gb  usbh_msc.o [1]
USBH_MSC_InterfaceDeInit
                        0x08006571    0x5e  Code  Lc  usbh_msc.o [1]
USBH_MSC_InterfaceInit  0x080063ed   0x184  Code  Lc  usbh_msc.o [1]
USBH_MSC_IsReady        0x08006b2d    0x1c  Code  Gb  usbh_msc.o [1]
USBH_MSC_Process        0x08006661   0x378  Code  Lc  usbh_msc.o [1]
USBH_MSC_RdWrProcess    0x080069dd   0x150  Code  Lc  usbh_msc.o [1]
USBH_MSC_Read           0x08006b9f    0xc8  Code  Gb  usbh_msc.o [1]
USBH_MSC_SCSI_Inquiry   0x08009707    0xfc  Code  Gb  usbh_msc_scsi.o [1]
USBH_MSC_SCSI_Read      0x08009945    0x98  Code  Gb  usbh_msc_scsi.o [1]
USBH_MSC_SCSI_ReadCapacity
                        0x08009663    0xa4  Code  Gb  usbh_msc_scsi.o [1]
USBH_MSC_SCSI_RequestSense
                        0x08009803    0xaa  Code  Gb  usbh_msc_scsi.o [1]
USBH_MSC_SCSI_TestUnitReady
                        0x08009607    0x5c  Code  Gb  usbh_msc_scsi.o [1]
USBH_MSC_SCSI_Write     0x080098ad    0x98  Code  Gb  usbh_msc_scsi.o [1]
USBH_MSC_SOFProcess     0x080069d9     0x4  Code  Lc  usbh_msc.o [1]
USBH_MSC_UnitIsReady    0x08006b49    0x28  Code  Gb  usbh_msc.o [1]
USBH_MSC_Write          0x08006c71    0x9c  Code  Gb  usbh_msc.o [1]
USBH_OpenPipe           0x08008973    0x20  Code  Gb  usbh_pipes.o [1]
USBH_ParseCfgDesc       0x08009257    0xcc  Code  Lc  usbh_ctlreq.o [1]
USBH_ParseDevDesc       0x080091fb    0x5c  Code  Lc  usbh_ctlreq.o [1]
USBH_ParseEPDesc        0x08009349    0x20  Code  Lc  usbh_ctlreq.o [1]
USBH_ParseInterfaceDesc
                        0x08009323    0x26  Code  Lc  usbh_ctlreq.o [1]
USBH_ParseStringDesc    0x08009369    0x3c  Code  Lc  usbh_ctlreq.o [1]
USBH_Process            0x08006f51   0x26c  Code  Gb  usbh_core.o [1]
USBH_RegisterClass      0x08006e69    0x30  Code  Gb  usbh_core.o [1]
USBH_SelectInterface    0x08006e99    0x20  Code  Gb  usbh_core.o [1]
USBH_SetAddress         0x08009165    0x26  Code  Gb  usbh_ctlreq.o [1]
USBH_SetCfg             0x0800918b    0x24  Code  Gb  usbh_ctlreq.o [1]
USBH_SetFeature         0x080091af    0x26  Code  Gb  usbh_ctlreq.o [1]
USBH_Start              0x08006f15    0x16  Code  Gb  usbh_core.o [1]
USBH_Stop               0x08006f2b    0x26  Code  Gb  usbh_core.o [1]
USBH_UserProcess        0x08016e77    0x40  Code  Lc  app.o [1]
USBH_fatfs              0x2000b414   0x230  Data  Gb  file_operations.o [1]
USBH_msc                0x200000bc    0x20  Data  Gb  usbh_msc.o [1]
USB_CoreInit            0x0800aeb5    0x5a  Code  Gb  stm32f1xx_ll_usb.o [1]
USB_CoreReset           0x0800affd    0x34  Code  Lc  stm32f1xx_ll_usb.o [1]
USB_DisableGlobalInt    0x0800af1b     0xc  Code  Gb  stm32f1xx_ll_usb.o [1]
USB_DriveVbus           0x0800b16d    0x4c  Code  Gb  stm32f1xx_ll_usb.o [1]
USB_EnableGlobalInt     0x0800af0f     0xc  Code  Gb  stm32f1xx_ll_usb.o [1]
USB_FlushRxFifo         0x0800af7f    0x1e  Code  Gb  stm32f1xx_ll_usb.o [1]
USB_FlushTxFifo         0x0800af5d    0x22  Code  Gb  stm32f1xx_ll_usb.o [1]
USB_GetCurrentFrame     0x0800b1d1     0xa  Code  Gb  stm32f1xx_ll_usb.o [1]
USB_GetHostSpeed        0x0800b1b9    0x18  Code  Gb  stm32f1xx_ll_usb.o [1]
USB_GetMode             0x0800aff5     0x8  Code  Gb  stm32f1xx_ll_usb.o [1]
USB_HC_Halt             0x0800b4cb   0x15a  Code  Gb  stm32f1xx_ll_usb.o [1]
USB_HC_Init             0x0800b1db   0x17e  Code  Gb  stm32f1xx_ll_usb.o [1]
USB_HC_ReadInterrupt    0x0800b4c1     0xa  Code  Gb  stm32f1xx_ll_usb.o [1]
USB_HC_StartXfer        0x0800b359   0x168  Code  Gb  stm32f1xx_ll_usb.o [1]
USB_HC_StartXfer::tmpreg
                        0x2000bfa8     0x4  Data  Lc  stm32f1xx_ll_usb.o [1]
USB_HostInit            0x0800b035    0xa8  Code  Gb  stm32f1xx_ll_usb.o [1]
USB_InitFSLSPClkSel     0x0800b0e1    0x4a  Code  Gb  stm32f1xx_ll_usb.o [1]
USB_ReadInterrupts      0x0800afeb     0xa  Code  Gb  stm32f1xx_ll_usb.o [1]
USB_ReadPacket          0x0800afc9    0x22  Code  Gb  stm32f1xx_ll_usb.o [1]
USB_ResetPort           0x0800b12b    0x42  Code  Gb  stm32f1xx_ll_usb.o [1]
USB_SetCurrentMode      0x0800af27    0x36  Code  Gb  stm32f1xx_ll_usb.o [1]
USB_StopHost            0x0800b639    0xa2  Code  Gb  stm32f1xx_ll_usb.o [1]
USB_WritePacket         0x0800af9d    0x2c  Code  Gb  stm32f1xx_ll_usb.o [1]
UsageFault_Handler      0x080179a3     0x2  Code  Gb  stm32f1xx_it.o [1]
UserEQ                  0x2000a280   0x800  Data  Gb  biquads.o [1]
Validate_Control_Message
                        0x0800c8b9   0x542  Code  Gb  tcp_proc.o [1]
Validate_Controller     0x0800b7dd    0xc8  Code  Gb  tcp_proc.o [1]
Validate_EQ_Params      0x0800c017   0x122  Code  Gb  tcp_proc.o [1]
Validate_OnOff_Cmmd     0x0800b787    0x2a  Code  Gb  tcp_proc.o [1]
Volume_Table            0x080175f8   0x164  Data  Gb  misc.o [1]
W5500_LINKED            0x2000bffc     0x1  Data  Gb  device.o [1]
W5500_LOOP              0x0800d949    0x5a  Code  Gb  device.o [1]
WIZ_CS                  0x0800d837    0x26  Code  Gb  spix.o [1]
WIZ_SPI_Init            0x0800d0bd   0x10c  Code  Gb  spix.o [1]
_EncodingSb_Mbtowc      0x080131e7    0x30  Code  Gb  xencoding_sb.o [3]
_EncodingSb_Mbtowc::initial
                        0x08013224     0x8  Data  Lc  xencoding_sb.o [3]
_EncodingSb_Wctomb      0x080131cd    0x1a  Code  Gb  xencoding_sb.o [3]
_EncodingSb_Wctomb::initial
                        0x0801321c     0x8  Data  Lc  xencoding_sb.o [3]
_GenldFull              0x08011f5d   0x254  Code  Lc  xprintffull.o [3]
_IsdstStr               0x20000178     0x4  Data  Gb  setlocale.o [3]
_LdtobFull              0x08011b5d   0x3fa  Code  Lc  xprintffull.o [3]
_LitobFull              0x08011a51   0x10a  Code  Lc  xprintffull.o [3]
_LocaleC_isalpha        0x080132b9    0x16  Code  Gb  xlocale_c.o [3]
_LocaleC_isspace        0x080132cf    0x14  Code  Gb  xlocale_c.o [3]
[...]
__aeabi_uldivmod        0x08012561          Code  Gb  I64DivMod.o [5]
__cmain                 0x08017a71          Code  Gb  cmain.o [5]
__data_GetMemChunk      0x080099e5    0x2c  Code  Gb  xgetmemchunk.o [3]
__data_GetMemChunk::start
                        0x2000bfd4     0x4  Data  Lc  xgetmemchunk.o [3]
__exit                  0x0800aea1    0x14  Code  Gb  exit.o [6]
__iar_Dnorm             0x0801264f    0x44  Code  Gb  xdnorm.o [4]
__iar_Dscale            0x08012695   0x10c  Code  Gb  xdscale.o [4]
__iar_Dtentox           0x08012de3   0x14e  Code  Gb  xdtento.o [4]
__iar_Dunscale          0x08013257    0x56  Code  Gb  xdunscal.o [4]
__iar_Errno             0x200000e8     0x4  Data  Gb  errno.o [3]
__iar_Locale_lconv_init
                        0x08012921    0x3a  Code  Gb  localeconv.o [3]
__iar_Mbcurmax          0x0801253d     0xa  Code  Gb  xmbcurmax.o [3]
__iar_Memchr            0x080124e5          Code  Gb  memchr.o [5]
__iar_Memset            0x0800890d          Code  Gb  ABImemset.o [5]
__iar_Memset_word       0x08008915          Code  Gb  ABImemset.o [5]
__iar_Stod              0x08012345     0x4  Code  Gb  xstod.o [4]
__iar_Stodx             0x080121fd   0x13a  Code  Gb  xstod.o [4]
__iar_Strchr            0x080124cd          Code  Gb  strchr.o [5]
__iar_close_ttio        0x0800b6e9    0x2e  Code  Gb  iarttio.o [6]
__iar_d2uiz             0x0800e74d          Code  Gb  DblToI32.o [4]
__iar_dadd              0x08012c89          Code  Gb  DblAdd.o [4]
__iar_data_init3        0x080179e5    0x28  Code  Gb  data_init.o [5]
__iar_dlfree            0x080083eb   0x51a  Code  Gb  dlmalloc.o [3]
__iar_dlib_perthread_access
                        0x08011015     0x2  Code  Gb  xtls.o [3]
__iar_dlmalloc          0x08008135   0x2aa  Code  Gb  dlmalloc.o [3]
__iar_dsub              0x080127b5          Code  Gb  DblSub.o [4]
__iar_dsubStart         0x080127c7          Code  Gb  DblSub.o [4]
__iar_lookup_ttioh      0x0800b719     0x8  Code  Gb  XShttio.o [3]
__iar_lz77_init_single3
                        0x080178dd    0x78  Code  Gb  lz77_init_single.o [5]
__iar_program_start     0x08017e29          Code  Gb  cstartup_M.o [5]
__iar_ttio_handles      0x200000dc     0x8  Data  Lc  XShttio.o [3]
__iar_ui2d              0x0800e2d9          Code  Gb  I32ToDbl.o [4]
__iar_unaligned___aeabi_memcpy
                        0x08006d0d          Code  Gb  ABImemcpy_unaligned.o [5]
__iar_unaligned___aeabi_memcpy4
                        0x08006d2d          Code  Gb  ABImemcpy_unaligned.o [5]
__iar_unaligned___aeabi_memcpy8
                        0x08006d2d          Code  Gb  ABImemcpy_unaligned.o [5]
__iar_unaligned_strcmp  0x0800d9d5          Code  Gb  strcmp_unaligned.o [5]
__iar_unaligned_strcpy  0x0800dae5          Code  Gb  strcpy_unaligned.o [5]
__iar_zero_init3        0x08017955    0x40  Code  Gb  zero_init3.o [5]
__low_level_init        0x08017a8b     0x4  Code  Gb  low_level_init.o [3]
__vector_table          0x08000000          Data  Gb  startup_stm32f107xc.o [1]
_call_main              0x08017a7d          Code  Gb  cmain.o [5]
_exit                   0x08017aa1          Code  Gb  cexit.o [5]
_gm_                    0x2000b844   0x1d8  Data  Lc  dlmalloc.o [3]
_main                   0x08017a87          Code  Gb  cmain.o [5]
aa                      0x2000c00e     0x1  Data  Gb  usbh_msc.o [1]
abort                   0x080099dd     0x6  Code  Gb  abort.o [3]
adc_ptr                 0x2000c001     0x1  Data  Gb  misc.o [1]
atof                    0x0800e547     0x8  Code  Gb  atof.o [4]
bb                      0x2000c00f     0x1  Data  Gb  usbh_msc.o [1]
blocknum                0x2000bff6     0x2  Data  Gb  tcp_proc.o [1]
calculate_checksum      0x0800b7b1    0x2c  Code  Gb  tcp_proc.o [1]
check_DHCP_leasedIP     0x08010db5    0x48  Code  Gb  dhcp.o [1]
check_DHCP_timeout      0x080100af    0xaa  Code  Gb  dhcp.o [1]
check_adc_input_data    0x0800f2c7    0x7c  Code  Gb  misc.o [1]
check_eq_switch         0x0800f521    0x7a  Code  Gb  misc.o [1]
check_eq_switch_1       0x0800f5bd    0x86  Code  Gb  misc.o [1]
check_float_digits      0x0800bfb1    0x66  Code  Gb  tcp_proc.o [1]
check_fs                0x080055cf    0x7e  Code  Lc  ff.o [1]
check_mf_switch_1       0x0800f6a9    0x62  Code  Gb  misc.o [1]
check_power_status      0x0800f4d5    0x2a  Code  Gb  misc.o [1]
check_reldsp_switch     0x0800f829    0x80  Code  Gb  misc.o [1]
chk_chr                 0x080041f1    0x14  Code  Lc  ff.o [1]
chk_lock                0x08004205    0x9a  Code  Lc  ff.o [1]
clear_lock              0x08004413    0x2e  Code  Lc  ff.o [1]
clmt_clust              0x0800492d    0x30  Code  Lc  ff.o [1]
clust2sect              0x080045cd    0x1e  Code  Gb  ff.o [1]
cmd_idx                 0x2000bfb0     0x4  Data  Gb  tcp_proc.o [1]
cmp_lfn                 0x08004c1d    0x96  Code  Lc  ff.o [1]
connect                 0x0800dcdd   0x104  Code  Gb  socket.o [1]
count_EQ                0x2000025e     0x2  Data  Gb  misc.o [1]
count_EQ1               0x20000260     0x2  Data  Gb  misc.o [1]
count_HF                0x20000262     0x2  Data  Gb  misc.o [1]
count_MF                0x20000264     0x2  Data  Gb  misc.o [1]
count_RelDSP            0x20000266     0x2  Data  Gb  misc.o [1]
count_led_step          0x20000268     0x2  Data  Gb  misc.o [1]
count_local_status      0x2000026a     0x2  Data  Gb  misc.o [1]
count_mPower            0x20000272     0x1  Data  Gb  misc.o [1]
count_usb_bypass        0x20000258     0x2  Data  Gb  misc.o [1]
count_wait              0x2000bfea     0x2  Data  Gb  misc.o [1]
crcsize                 0x2000bff8     0x2  Data  Gb  tcp_proc.o [1]
create_chain            0x0800485b    0xd2  Code  Lc  ff.o [1]
create_name             0x080052ad   0x252  Code  Lc  ff.o [1]
dd                      0x2000c005     0x1  Data  Gb  socket.o [1]
dd                      0x2000bfd0     0x4  Data  Lc  usbh_core.o [1]
dd3                     0x2000bf60     0x4  Data  Gb  app.o [1]
dec_lock                0x080043c3    0x50  Code  Lc  ff.o [1]
default_download_IC_1   0x0800e9ef   0x418  Code  Gb  misc.o [1]
default_ip_assign       0x08010045    0x1c  Code  Gb  dhcp.o [1]
default_ip_conflict     0x0801007d    0x18  Code  Gb  dhcp.o [1]
default_ip_update       0x08010061    0x1c  Code  Gb  dhcp.o [1]
dhcp_ip_assign          0x20000048     0x4  Data  Gb  dhcp.o [1]
dhcp_ip_conflict        0x20000050     0x4  Data  Gb  dhcp.o [1]
dhcp_ip_update          0x2000004c     0x4  Data  Gb  dhcp.o [1]
dhcp_lease_time         0x2000bf8c     0x4  Data  Gb  dhcp.o [1]
dhcp_retry_count        0x2000bffe     0x1  Data  Gb  dhcp.o [1]
dhcp_state              0x2000bffd     0x1  Data  Gb  dhcp.o [1]
dhcp_tick_next          0x2000003c     0x4  Data  Gb  dhcp.o [1]
dhcp_time               0x2000bf90     0x4  Data  Gb  dhcp.o [1]
dip_volndx              0x2000008c    0x10  Data  Gb  misc.o [1]
dir_alloc               0x08004b81    0x60  Code  Lc  ff.o [1]
dir_find                0x08004e4b   0x112  Code  Lc  ff.o [1]
dir_next                0x08004a23   0x15e  Code  Lc  ff.o [1]
dir_read                0x08004f5d    0xf6  Code  Lc  ff.o [1]
dir_register            0x08005053   0x172  Code  Lc  ff.o [1]
dir_sdi                 0x0800495d    0xc6  Code  Lc  ff.o [1]
disconnect              0x0800dde1    0x56  Code  Gb  socket.o [1]
disk_initialize         0x08006159     0x4  Code  Gb  usbh_diskio.o [1]
disk_ioctl              0x080062d5    0x80  Code  Gb  usbh_diskio.o [1]
disk_read               0x08006179    0xb4  Code  Gb  usbh_diskio.o [1]
disk_status             0x0800615d    0x1c  Code  Gb  usbh_diskio.o [1]
disk_write              0x0800622d    0xa8  Code  Gb  usbh_diskio.o [1]
div                     0x0801298d     0xe  Code  Gb  div.o [3]
dmul                    0x08012d91    0x52  Code  Lc  xdtento.o [4]
dwPolynomial            0x200000b8     0x4  Data  Gb  tcp_proc.o [1]
enable_sending_local_status
                        0x0800c7bd    0x86  Code  Gb  tcp_proc.o [1]
enq_lock                0x0800429f    0x26  Code  Lc  ff.o [1]
examine_checksum        0x0800c66d   0x114  Code  Gb  tcp_proc.o [1]
exit                    0x08017a9d     0x4  Code  Gb  exit.o [3]
f_close                 0x08005fad    0x34  Code  Gb  ff.o [1]
f_closedir              0x080060a9    0x30  Code  Gb  ff.o [1]
f_mount                 0x08005a4b    0x6a  Code  Gb  ff.o [1]
f_open                  0x08005ab5   0x1ee  Code  Gb  ff.o [1]
f_opendir               0x08005fe1    0xc8  Code  Gb  ff.o [1]
f_read                  0x08005ca9   0x220  Code  Gb  ff.o [1]
f_readdir               0x080060d9    0x6a  Code  Gb  ff.o [1]
f_sync                  0x08005ec9    0xd0  Code  Gb  ff.o [1]
ff_convert              0x08006359    0x52  Code  Gb  unicode.o [1]
ff_wtoupper             0x080063ab    0x34  Code  Gb  unicode.o [1]
ff_wtoupper::tbl_lower  0x08017238   0x1e0  Data  Lc  unicode.o [1]
ff_wtoupper::tbl_upper  0x08017418   0x1e0  Data  Lc  unicode.o [1]
find_volume             0x08005655   0x3b4  Code  Lc  ff.o [1]
firmware_download_proc  0x0800c3d9   0x10c  Code  Gb  tcp_proc.o [1]
fit_lfn                 0x08004d1f    0x78  Code  Lc  ff.o [1]
follow_path             0x080054ff    0x86  Code  Lc  ff.o [1]
gDATABUF                0x20009280  0x1000  Data  Gb  tcp_proc.o [1]
gen_numname             0x08004d9d    0x8e  Code  Lc  ff.o [1]
getIINCHIP_TxMAX        0x0800f9d9     0xa  Code  Gb  w5500.o [1]
getMR                   0x0800fcc3     0xa  Code  Gb  w5500.o [1]
getRCR                  0x0800fcff     0xc  Code  Gb  w5500.o [1]
getSHAR                 0x0800fca5    0x10  Code  Gb  w5500.o [1]
getSn_IR                0x0800fd0b    0x10  Code  Gb  w5500.o [1]
getSn_RX_RSR            0x0800fd91    0x66  Code  Gb  w5500.o [1]
getSn_SR                0x0800fd1b    0x10  Code  Gb  w5500.o [1]
getSn_TX_FSR            0x0800fd2b    0x66  Code  Gb  w5500.o [1]
get_fat                 0x080045eb    0xe0  Code  Gb  ff.o [1]
get_fileinfo            0x080051c5    0xe8  Code  Lc  ff.o [1]
get_ldnumber            0x08005585    0x4a  Code  Lc  ff.o [1]
hUSBHost                0x2000ae80   0x2d0  Data  Gb  app.o [1]
hhcd                    0x2000b150   0x2c4  Data  Gb  usbh_conf.o [1]
inc_lock                0x080042c5    0xfe  Code  Lc  ff.o [1]
init_mparams            0x08007435    0x32  Code  Lc  dlmalloc.o [3]
init_top                0x08007467    0x34  Code  Lc  dlmalloc.o [3]
isalpha                 0x0801322f    0x14  Code  Gb  isxxx.o [3]
isspace                 0x08013243    0x14  Code  Gb  isxxx.o [3]
isum                    0x2000bfc4     0x4  Data  Gb  tcp_proc.o [1]
last_adc_read           0x2000025a     0x2  Data  Gb  misc.o [1]
ld_clust                0x08004be1    0x24  Code  Lc  ff.o [1]
len                     0x2000bff2     0x2  Data  Gb  tcp_proc.o [1]
listen                  0x0800dca1    0x3c  Code  Gb  socket.o [1]
local_port              0x2000bfec     0x2  Data  Lc  socket.o [1]
local_status_step       0x2000027d     0x1  Data  Gb  tcp_proc.o [1]
localeconv              0x0801295b    0x16  Code  Gb  localeconv.o [3]
mPower_status           0x2000c002     0x1  Data  Gb  misc.o [1]
mac                     0x20000030     0x8  Data  Gb  device.o [1]
main                    0x08017a8f     0xe  Code  Gb  main.o [1]
makeDHCPMSG             0x08010159   0x202  Code  Gb  dhcp.o [1]
mem_cmp                 0x080041d1    0x20  Code  Lc  ff.o [1]
mem_cpy                 0x080041ad    0x14  Code  Lc  ff.o [1]
mem_set                 0x080041c1    0x10  Code  Lc  ff.o [1]
memchr                  0x080124e5          Code  Gb  memchr.o [5]
move_window             0x080044a3    0x40  Code  Lc  ff.o [1]
mparams                 0x2000bf00    0x18  Data  Lc  dlmalloc.o [3]
nbuf                    0x2000bb1c   0x100  Data  Gb  misc.o [1]
network_cmd             0x2000027c     0x1  Data  Gb  tcp_proc.o [1]
num                     0x2000bff4     0x2  Data  Gb  tcp_proc.o [1]
old_mPower_status       0x2000c003     0x1  Data  Gb  misc.o [1]
pDHCPMSG                0x20000044     0x4  Data  Gb  dhcp.o [1]
parseDHCPMSG            0x08010b99   0x206  Code  Gb  dhcp.o [1]
pick_lfn                0x08004cb3    0x6c  Code  Lc  ff.o [1]
por_ms                  0x2000025c     0x2  Data  Gb  misc.o [1]
pos                     0x2000bf6c     0x4  Data  Gb  app.o [1]
pows                    0x08012f48    0x48  Data  Lc  xdtento.o [4]
ppf                     0x2000bfcc     0x4  Data  Gb  tcp_proc.o [1]
ppo                     0x2000bfc8     0x4  Data  Gb  tcp_proc.o [1]
prepend_alloc           0x0800749b   0x372  Code  Lc  dlmalloc.o [3]
put_fat                 0x080046cb   0x114  Code  Gb  ff.o [1]
rbuf                    0x2000ba1c   0x100  Data  Gb  misc.o [1]
recv                    0x0800df27    0x3e  Code  Gb  socket.o [1]
recv_data_processing    0x0800fe6f    0x78  Code  Gb  w5500.o [1]
recvfrom                0x0800e08d   0x216  Code  Gb  socket.o [1]
remove_chain            0x080047df    0x7c  Code  Lc  ff.o [1]
renew_main_voltage      0x0800f251    0x76  Code  Gb  misc.o [1]
reset_DHCP_timeout      0x08010095    0x1a  Code  Gb  dhcp.o [1]
response_checksum_error
                        0x0800c5d9    0x26  Code  Gb  tcp_proc.o [1]
response_malformat_error
                        0x0800c605    0x26  Code  Gb  tcp_proc.o [1]
rxsize                  0x20000028     0x8  Data  Gb  device.o [1]
segment_holding         0x08007419    0x1c  Code  Lc  dlmalloc.o [3]
send                    0x0800de41    0xe6  Code  Gb  socket.o [1]
send_DHCP_DECLINE       0x0801094b   0x24e  Code  Gb  dhcp.o [1]
send_DHCP_DISCOVER      0x0801035b   0x220  Code  Gb  dhcp.o [1]
send_DHCP_REQUEST       0x0801057b   0x3d0  Code  Gb  dhcp.o [1]
send_data_processing    0x0800fdf7    0x78  Code  Gb  w5500.o [1]
sending_local_status    0x0800c4e5    0xf4  Code  Gb  tcp_proc.o [1]
sendto                  0x0800df65   0x128  Code  Gb  socket.o [1]
setGAR                  0x0800fc65    0x10  Code  Gb  w5500.o [1]
setMR                   0x0800fcb5     0xe  Code  Gb  w5500.o [1]
setRCR                  0x0800fcef    0x10  Code  Gb  w5500.o [1]
setRTR                  0x0800fccd    0x22  Code  Gb  w5500.o [1]
setSHAR                 0x0800fc85    0x10  Code  Gb  w5500.o [1]
setSIPR                 0x0800fc95    0x10  Code  Gb  w5500.o [1]
setSUBR                 0x0800fc75    0x10  Code  Gb  w5500.o [1]
setSn_IR                0x0800fee7    0x12  Code  Gb  w5500.o [1]
set_adau1452_SPI_mode   0x0800d2c7    0x7c  Code  Gb  spix.o [1]
set_network             0x0800d8d1    0x78  Code  Gb  device.o [1]
sir                     0x2000c00d     0x1  Data  Gb  tcp_proc.o [1]
sk_close                0x0800dc6f    0x32  Code  Gb  socket.o [1]
socket                  0x0800db95    0xda  Code  Gb  socket.o [1]
spi2_one_byte_inout     0x0800d1c9    0x2e  Code  Gb  spix.o [1]
spi3_flash_device       0x0800d4d5    0x46  Code  Gb  spix.o [1]
spi3_flash_enwrite      0x0800d55b    0x20  Code  Gb  spix.o [1]
spi3_flash_erase        0x0800d57b    0xa4  Code  Gb  spix.o [1]
spi3_flash_read         0x0800d691    0x58  Code  Gb  spix.o [1]
spi3_flash_status1      0x0800d51b    0x2e  Code  Gb  spix.o [1]
spi3_flash_write        0x0800d6e9    0x7a  Code  Gb  spix.o [1]
spi3_one_byte_inout     0x0800d4a7    0x2e  Code  Gb  spix.o [1]
sprintf                 0x0800db29    0x34  Code  Gb  sprintf.o [3]
st_clust                0x08004c05    0x18  Code  Lc  ff.o [1]
strcat                  0x0800e2a3    0x1c  Code  Gb  strcat.o [3]
strchr                  0x080124cd          Code  Gb  strchr.o [5]
strcspn                 0x0801103b    0x24  Code  Gb  strcspn.o [3]
strlen                  0x0800db5d          Code  Gb  strlen.o [5]
strncmp                 0x0801242d    0x2c  Code  Gb  strncmp.o [3]
strspn                  0x08011017    0x24  Code  Gb  strspn.o [3]
strtok                  0x0800da19    0x4c  Code  Gb  strtok.o [3]
sum_sfn                 0x08004e2b    0x20  Code  Lc  ff.o [1]
switch_dsp_volume       0x0800f785    0x82  Code  Gb  misc.o [1]
sync_fs                 0x080044e3    0xea  Code  Lc  ff.o [1]
sync_window             0x08004441    0x62  Code  Lc  ff.o [1]
sys_alloc               0x0800780d   0x388  Code  Lc  dlmalloc.o [3]
sysinit                 0x0800fb03   0x158  Code  Gb  w5500.o [1]
tcp_change_eqen_status  0x0800c17f    0x68  Code  Gb  tcp_proc.o [1]
tcp_change_onoff_status
                        0x0800c319    0x56  Code  Gb  tcp_proc.o [1]
tcp_change_preset_select
                        0x0800c1e7    0x6c  Code  Gb  tcp_proc.o [1]
tcp_change_speaker_delay
                        0x0800be73    0x46  Code  Gb  tcp_proc.o [1]
tcp_change_speaker_eqparams
                        0x0800c139    0x46  Code  Gb  tcp_proc.o [1]
tcp_change_speaker_name
                        0x0800bdc9    0x4a  Code  Gb  tcp_proc.o [1]
tcp_change_standby_delay
                        0x0800be19    0x5a  Code  Gb  tcp_proc.o [1]
tcp_change_trim_level   0x0800beb9    0xf8  Code  Gb  tcp_proc.o [1]
tcp_client_proc         0x0800cf4d    0x70  Code  Gb  tcp_proc.o [1]
tcp_init                0x0800b733    0x54  Code  Gb  tcp_proc.o [1]
tcp_listen_proc         0x0800ce89    0xac  Code  Gb  tcp_proc.o [1]
tcp_listenport          0x2000026e     0x2  Data  Gb  tcp_proc.o [1]
tcp_outputport          0x20000270     0x2  Data  Gb  tcp_proc.o [1]
tcp_proc                0x0800d0b1     0xc  Code  Gb  tcp_proc.o [1]
tcp_response_unknown_message
                        0x0800c62b    0x26  Code  Gb  tcp_proc.o [1]
tcp_send_eqen_status    0x0800bc61    0x4c  Code  Gb  tcp_proc.o [1]
tcp_send_firmware_info  0x0800bda3    0x26  Code  Gb  tcp_proc.o [1]
tcp_send_onoff_status   0x0800c2e5    0x2a  Code  Gb  tcp_proc.o [1]
tcp_send_preset_select  0x0800b99b    0x96  Code  Gb  tcp_proc.o [1]
tcp_send_speaker_available
                        0x0800b8a5    0x9a  Code  Gb  tcp_proc.o [1]
tcp_send_speaker_delay  0x0800bac1    0x78  Code  Gb  tcp_proc.o [1]
tcp_send_speaker_eqparams
                        0x0800bcb1    0xf2  Code  Gb  tcp_proc.o [1]
tcp_send_speaker_name   0x0800b93f    0x5c  Code  Gb  tcp_proc.o [1]
tcp_send_standby_delay  0x0800ba3d    0x78  Code  Gb  tcp_proc.o [1]
tcp_send_trim_level     0x0800bb3d    0x8e  Code  Gb  tcp_proc.o [1]
tcp_state               0x2000c00b     0x1  Data  Gb  tcp_proc.o [1]
tcplisten_opened        0x2000c00c     0x1  Data  Gb  tcp_proc.o [1]
tim2_init               0x0800ee79    0x48  Code  Gb  misc.o [1]
tim2x                   0x20000054     0x4  Data  Gb  misc.o [1]
timx                    0x20000058     0x4  Data  Gb  misc.o [1]
tmalloc_large           0x08007ba1   0x380  Code  Lc  dlmalloc.o [3]
tmalloc_small           0x08007f21   0x206  Code  Lc  dlmalloc.o [3]
tsum                    0x2000bfc0     0x4  Data  Gb  tcp_proc.o [1]
ttx                     0x2000bfa4     0x4  Data  Gb  stm32f1xx_hal_spi.o [1]
txsize                  0x20000020     0x8  Data  Gb  device.o [1]
udp_localport           0x2000026c     0x2  Data  Gb  tcp_proc.o [1]
uwTick                  0x2000bf9c     0x4  Data  Gb  stm32f1xx_hal.o [1]
uwTickFreq              0x2000027b     0x1  Data  Gb  stm32f1xx_hal.o [1]
uwTickPrio              0x200000b0     0x4  Data  Gb  stm32f1xx_hal.o [1]
validate                0x08005a09    0x42  Code  Lc  ff.o [1]
wait_1ms                0x0800eec1    0x12  Code  Gb  misc.o [1]
wait_300ms_power_stable
                        0x0800f479    0x50  Code  Gb  misc.o [1]
wiz_read_buf            0x0800fab7    0x4c  Code  Gb  w5500.o [1]
wiz_write_buf           0x0800fa69    0x4e  Code  Gb  w5500.o [1]
xxt                     0x2000bfa0     0x4  Data  Gb  stm32f1xx_hal.o [1]


[1] = D:\Rick's workspace\Santa Monica\KALI Santa Monica A6 20200630\EWARM\Debug\Obj
[2] = command line
[3] = dl7M_tlf.a
[4] = m7M_tl.a
[5] = rt7M_tl.a
[6] = shb_l.a

  64 728 bytes of readonly  code memory
  33 648 bytes of readonly  data memory
  49 167 bytes of readwrite data memory

Errors: none
Warnings: none
